MPLINK 4.37, Linker
Linker Map File - Created Sun Jun 05 11:11:12 2016

                                 Section Info
                  Section       Type    Address   Location Size(Bytes)
                ---------  ---------  ---------  ---------  ---------
                   .org_0       code   0x000000    program   0x000002
                   .cinit    romdata   0x000001    program   0x000004
                   .org_1       code   0x000005    program   0x0000c4



                              Program Memory Usage 
                               Start         End      
                           ---------   ---------      
                            0x000000    0x000002      
                            0x000005    0x000066      
            101 out of 8454 program addresses used, program memory utilization is 1%



                              Symbols - Sorted by Name
                     Name    Address   Location    Storage File                     
                ---------  ---------  ---------  --------- ---------                
Configuracion_Puerto_Serie   0x000009    program     static C:\Users\familia colazo\AppData\Desktop\Agustin Colazo\Universidad\4to Ano\Primer Semestre\Repositorios\Comunicacion Serie\Receptor\ComSerie.asm
                    EXTRA   0x00005d    program     static C:\Users\familia colazo\AppData\Desktop\Agustin Colazo\Universidad\4to Ano\Primer Semestre\Repositorios\Comunicacion Serie\Receptor\ComSerie.asm
               FINISH_INT   0x000057    program     static C:\Users\familia colazo\AppData\Desktop\Agustin Colazo\Universidad\4to Ano\Primer Semestre\Repositorios\Comunicacion Serie\Receptor\ComSerie.asm
            FRAMING_ERROR   0x000049    program     static C:\Users\familia colazo\AppData\Desktop\Agustin Colazo\Universidad\4to Ano\Primer Semestre\Repositorios\Comunicacion Serie\Receptor\ComSerie.asm
                   INICIO   0x000006    program     static C:\Users\familia colazo\AppData\Desktop\Agustin Colazo\Universidad\4to Ano\Primer Semestre\Repositorios\Comunicacion Serie\Receptor\ComSerie.asm
                      INT   0x00002f    program     static C:\Users\familia colazo\AppData\Desktop\Agustin Colazo\Universidad\4to Ano\Primer Semestre\Repositorios\Comunicacion Serie\Receptor\ComSerie.asm
       INTERRUPCION_RX232   0x00003d    program     static C:\Users\familia colazo\AppData\Desktop\Agustin Colazo\Universidad\4to Ano\Primer Semestre\Repositorios\Comunicacion Serie\Receptor\ComSerie.asm
 Interrupts_Configuration   0x000027    program     static C:\Users\familia colazo\AppData\Desktop\Agustin Colazo\Universidad\4to Ano\Primer Semestre\Repositorios\Comunicacion Serie\Receptor\ComSerie.asm
                     Main   0x000066    program     static C:\Users\familia colazo\AppData\Desktop\Agustin Colazo\Universidad\4to Ano\Primer Semestre\Repositorios\Comunicacion Serie\Receptor\ComSerie.asm
            NOT_RX232_INT   0x00003c    program     static C:\Users\familia colazo\AppData\Desktop\Agustin Colazo\Universidad\4to Ano\Primer Semestre\Repositorios\Comunicacion Serie\Receptor\ComSerie.asm
            OVERRUN_ERROR   0x000050    program     static C:\Users\familia colazo\AppData\Desktop\Agustin Colazo\Universidad\4to Ano\Primer Semestre\Repositorios\Comunicacion Serie\Receptor\ComSerie.asm
             RECIBIR_DATO   0x000044    program     static C:\Users\familia colazo\AppData\Desktop\Agustin Colazo\Universidad\4to Ano\Primer Semestre\Repositorios\Comunicacion Serie\Receptor\ComSerie.asm
                    TABLA   0x000061    program     static C:\Users\familia colazo\AppData\Desktop\Agustin Colazo\Universidad\4to Ano\Primer Semestre\Repositorios\Comunicacion Serie\Receptor\ComSerie.asm
             _.org_1_0066   0x000066    program     static C:\Users\familia colazo\AppData\Desktop\Agustin Colazo\Universidad\4to Ano\Primer Semestre\Repositorios\Comunicacion Serie\Receptor\ComSerie.asm



                              Symbols - Sorted by Address
                     Name    Address   Location    Storage File                     
                ---------  ---------  ---------  --------- ---------                
                   INICIO   0x000006    program     static C:\Users\familia colazo\AppData\Desktop\Agustin Colazo\Universidad\4to Ano\Primer Semestre\Repositorios\Comunicacion Serie\Receptor\ComSerie.asm
Configuracion_Puerto_Serie   0x000009    program     static C:\Users\familia colazo\AppData\Desktop\Agustin Colazo\Universidad\4to Ano\Primer Semestre\Repositorios\Comunicacion Serie\Receptor\ComSerie.asm
 Interrupts_Configuration   0x000027    program     static C:\Users\familia colazo\AppData\Desktop\Agustin Colazo\Universidad\4to Ano\Primer Semestre\Repositorios\Comunicacion Serie\Receptor\ComSerie.asm
                      INT   0x00002f    program     static C:\Users\familia colazo\AppData\Desktop\Agustin Colazo\Universidad\4to Ano\Primer Semestre\Repositorios\Comunicacion Serie\Receptor\ComSerie.asm
            NOT_RX232_INT   0x00003c    program     static C:\Users\familia colazo\AppData\Desktop\Agustin Colazo\Universidad\4to Ano\Primer Semestre\Repositorios\Comunicacion Serie\Receptor\ComSerie.asm
       INTERRUPCION_RX232   0x00003d    program     static C:\Users\familia colazo\AppData\Desktop\Agustin Colazo\Universidad\4to Ano\Primer Semestre\Repositorios\Comunicacion Serie\Receptor\ComSerie.asm
             RECIBIR_DATO   0x000044    program     static C:\Users\familia colazo\AppData\Desktop\Agustin Colazo\Universidad\4to Ano\Primer Semestre\Repositorios\Comunicacion Serie\Receptor\ComSerie.asm
            FRAMING_ERROR   0x000049    program     static C:\Users\familia colazo\AppData\Desktop\Agustin Colazo\Universidad\4to Ano\Primer Semestre\Repositorios\Comunicacion Serie\Receptor\ComSerie.asm
            OVERRUN_ERROR   0x000050    program     static C:\Users\familia colazo\AppData\Desktop\Agustin Colazo\Universidad\4to Ano\Primer Semestre\Repositorios\Comunicacion Serie\Receptor\ComSerie.asm
               FINISH_INT   0x000057    program     static C:\Users\familia colazo\AppData\Desktop\Agustin Colazo\Universidad\4to Ano\Primer Semestre\Repositorios\Comunicacion Serie\Receptor\ComSerie.asm
                    EXTRA   0x00005d    program     static C:\Users\familia colazo\AppData\Desktop\Agustin Colazo\Universidad\4to Ano\Primer Semestre\Repositorios\Comunicacion Serie\Receptor\ComSerie.asm
                    TABLA   0x000061    program     static C:\Users\familia colazo\AppData\Desktop\Agustin Colazo\Universidad\4to Ano\Primer Semestre\Repositorios\Comunicacion Serie\Receptor\ComSerie.asm
                     Main   0x000066    program     static C:\Users\familia colazo\AppData\Desktop\Agustin Colazo\Universidad\4to Ano\Primer Semestre\Repositorios\Comunicacion Serie\Receptor\ComSerie.asm
             _.org_1_0066   0x000066    program     static C:\Users\familia colazo\AppData\Desktop\Agustin Colazo\Universidad\4to Ano\Primer Semestre\Repositorios\Comunicacion Serie\Receptor\ComSerie.asm


