MPLINK 4.37, Linker
Linker Map File - Created Tue Jun 21 01:44:12 2016

                                 Section Info
                  Section       Type    Address   Location Size(Bytes)
                ---------  ---------  ---------  ---------  ---------
                   .org_0       code   0x000000    program   0x000002
                   .cinit    romdata   0x000001    program   0x000004
                   .org_1       code   0x000004    program   0x000200
 .config_2007_PIC_SIMON.O       code   0x002007    program   0x000002
 .config_2008_PIC_SIMON.O       code   0x002008    program   0x000002



                              Program Memory Usage 
                               Start         End      
                           ---------   ---------      
                            0x000000    0x000002      
                            0x000004    0x000103      
                            0x002007    0x002008      
            261 out of 8454 program addresses used, program memory utilization is 3%



                              Symbols - Sorted by Name
                     Name    Address   Location    Storage File                     
                ---------  ---------  ---------  --------- ---------                
           ANTIREBOTE_INT   0x000082    program     static C:\Users\familia colazo\AppData\Desktop\Agustin Colazo\Universidad\4to Ano\Primer Semestre\Repositorios\Simon_Electronica\TrabajoIntegrado\Pic_SIMON\PIC_SIMON.asm
            ANTIREBOTE_RB   0x00008f    program     static C:\Users\familia colazo\AppData\Desktop\Agustin Colazo\Universidad\4to Ano\Primer Semestre\Repositorios\Simon_Electronica\TrabajoIntegrado\Pic_SIMON\PIC_SIMON.asm
                   BUCLE1   0x0000cb    program     static C:\Users\familia colazo\AppData\Desktop\Agustin Colazo\Universidad\4to Ano\Primer Semestre\Repositorios\Simon_Electronica\TrabajoIntegrado\Pic_SIMON\PIC_SIMON.asm
               BUCLE1_100   0x0000d5    program     static C:\Users\familia colazo\AppData\Desktop\Agustin Colazo\Universidad\4to Ano\Primer Semestre\Repositorios\Simon_Electronica\TrabajoIntegrado\Pic_SIMON\PIC_SIMON.asm
                   BUCLE2   0x0000c9    program     static C:\Users\familia colazo\AppData\Desktop\Agustin Colazo\Universidad\4to Ano\Primer Semestre\Repositorios\Simon_Electronica\TrabajoIntegrado\Pic_SIMON\PIC_SIMON.asm
               BUCLE2_100   0x0000d3    program     static C:\Users\familia colazo\AppData\Desktop\Agustin Colazo\Universidad\4to Ano\Primer Semestre\Repositorios\Simon_Electronica\TrabajoIntegrado\Pic_SIMON\PIC_SIMON.asm
                      CFG   0x000055    program     static C:\Users\familia colazo\AppData\Desktop\Agustin Colazo\Universidad\4to Ano\Primer Semestre\Repositorios\Simon_Electronica\TrabajoIntegrado\Pic_SIMON\PIC_SIMON.asm
             CREAR_RANDOM   0x0000db    program     static C:\Users\familia colazo\AppData\Desktop\Agustin Colazo\Universidad\4to Ano\Primer Semestre\Repositorios\Simon_Electronica\TrabajoIntegrado\Pic_SIMON\PIC_SIMON.asm
Configuracion_Puerto_Serie   0x0000e5    program     static C:\Users\familia colazo\AppData\Desktop\Agustin Colazo\Universidad\4to Ano\Primer Semestre\Repositorios\Simon_Electronica\TrabajoIntegrado\Pic_SIMON\PIC_SIMON.asm
                   Espero   0x000014    program     static C:\Users\familia colazo\AppData\Desktop\Agustin Colazo\Universidad\4to Ano\Primer Semestre\Repositorios\Simon_Electronica\TrabajoIntegrado\Pic_SIMON\PIC_SIMON.asm
               GANO_JUEGO   0x000032    program     static C:\Users\familia colazo\AppData\Desktop\Agustin Colazo\Universidad\4to Ano\Primer Semestre\Repositorios\Simon_Electronica\TrabajoIntegrado\Pic_SIMON\PIC_SIMON.asm
                   INICIO   0x000005    program     static C:\Users\familia colazo\AppData\Desktop\Agustin Colazo\Universidad\4to Ano\Primer Semestre\Repositorios\Simon_Electronica\TrabajoIntegrado\Pic_SIMON\PIC_SIMON.asm
             INTERRUPCION   0x00007e    program     static C:\Users\familia colazo\AppData\Desktop\Agustin Colazo\Universidad\4to Ano\Primer Semestre\Repositorios\Simon_Electronica\TrabajoIntegrado\Pic_SIMON\PIC_SIMON.asm
              INT_PUERTOB   0x000082    program     static C:\Users\familia colazo\AppData\Desktop\Agustin Colazo\Universidad\4to Ano\Primer Semestre\Repositorios\Simon_Electronica\TrabajoIntegrado\Pic_SIMON\PIC_SIMON.asm
             INT_PUERTOB1   0x00008f    program     static C:\Users\familia colazo\AppData\Desktop\Agustin Colazo\Universidad\4to Ano\Primer Semestre\Repositorios\Simon_Electronica\TrabajoIntegrado\Pic_SIMON\PIC_SIMON.asm
     Levanto_bandera_gano   0x0000ba    program     static C:\Users\familia colazo\AppData\Desktop\Agustin Colazo\Universidad\4to Ano\Primer Semestre\Repositorios\Simon_Electronica\TrabajoIntegrado\Pic_SIMON\PIC_SIMON.asm
      Levanto_flag_perdio   0x0000be    program     static C:\Users\familia colazo\AppData\Desktop\Agustin Colazo\Universidad\4to Ano\Primer Semestre\Repositorios\Simon_Electronica\TrabajoIntegrado\Pic_SIMON\PIC_SIMON.asm
               Llego_Cero   0x0000ab    program     static C:\Users\familia colazo\AppData\Desktop\Agustin Colazo\Universidad\4to Ano\Primer Semestre\Repositorios\Simon_Electronica\TrabajoIntegrado\Pic_SIMON\PIC_SIMON.asm
                     MAIN   0x000009    program     static C:\Users\familia colazo\AppData\Desktop\Agustin Colazo\Universidad\4to Ano\Primer Semestre\Repositorios\Simon_Electronica\TrabajoIntegrado\Pic_SIMON\PIC_SIMON.asm
        Mostrar_Secuencia   0x00003d    program     static C:\Users\familia colazo\AppData\Desktop\Agustin Colazo\Universidad\4to Ano\Primer Semestre\Repositorios\Simon_Electronica\TrabajoIntegrado\Pic_SIMON\PIC_SIMON.asm
            No_Llego_Cero   0x0000a7    program     static C:\Users\familia colazo\AppData\Desktop\Agustin Colazo\Universidad\4to Ano\Primer Semestre\Repositorios\Simon_Electronica\TrabajoIntegrado\Pic_SIMON\PIC_SIMON.asm
             PERDIO_JUEGO   0x000027    program     static C:\Users\familia colazo\AppData\Desktop\Agustin Colazo\Universidad\4to Ano\Primer Semestre\Repositorios\Simon_Electronica\TrabajoIntegrado\Pic_SIMON\PIC_SIMON.asm
              PROBANDO_RB   0x000097    program     static C:\Users\familia colazo\AppData\Desktop\Agustin Colazo\Universidad\4to Ano\Primer Semestre\Repositorios\Simon_Electronica\TrabajoIntegrado\Pic_SIMON\PIC_SIMON.asm
             PROBANDO_RB0   0x000084    program     static C:\Users\familia colazo\AppData\Desktop\Agustin Colazo\Universidad\4to Ano\Primer Semestre\Repositorios\Simon_Electronica\TrabajoIntegrado\Pic_SIMON\PIC_SIMON.asm
              RESET_JUEGO   0x00001f    program     static C:\Users\familia colazo\AppData\Desktop\Agustin Colazo\Universidad\4to Ano\Primer Semestre\Repositorios\Simon_Electronica\TrabajoIntegrado\Pic_SIMON\PIC_SIMON.asm
                      SIG   0x0000a4    program     static C:\Users\familia colazo\AppData\Desktop\Agustin Colazo\Universidad\4to Ano\Primer Semestre\Repositorios\Simon_Electronica\TrabajoIntegrado\Pic_SIMON\PIC_SIMON.asm
          SIGUIENTE_COLOR   0x000021    program     static C:\Users\familia colazo\AppData\Desktop\Agustin Colazo\Universidad\4to Ano\Primer Semestre\Repositorios\Simon_Electronica\TrabajoIntegrado\Pic_SIMON\PIC_SIMON.asm
                    TABLA   0x0000c2    program     static C:\Users\familia colazo\AppData\Desktop\Agustin Colazo\Universidad\4to Ano\Primer Semestre\Repositorios\Simon_Electronica\TrabajoIntegrado\Pic_SIMON\PIC_SIMON.asm
           Volver_Hacerlo   0x000041    program     static C:\Users\familia colazo\AppData\Desktop\Agustin Colazo\Universidad\4to Ano\Primer Semestre\Repositorios\Simon_Electronica\TrabajoIntegrado\Pic_SIMON\PIC_SIMON.asm
             _.org_1_0031   0x000031    program     static C:\Users\familia colazo\AppData\Desktop\Agustin Colazo\Universidad\4to Ano\Primer Semestre\Repositorios\Simon_Electronica\TrabajoIntegrado\Pic_SIMON\PIC_SIMON.asm
             _.org_1_003C   0x00003c    program     static C:\Users\familia colazo\AppData\Desktop\Agustin Colazo\Universidad\4to Ano\Primer Semestre\Repositorios\Simon_Electronica\TrabajoIntegrado\Pic_SIMON\PIC_SIMON.asm
              delay_100ms   0x0000d1    program     static C:\Users\familia colazo\AppData\Desktop\Agustin Colazo\Universidad\4to Ano\Primer Semestre\Repositorios\Simon_Electronica\TrabajoIntegrado\Pic_SIMON\PIC_SIMON.asm
               delay_10ms   0x0000c7    program     static C:\Users\familia colazo\AppData\Desktop\Agustin Colazo\Universidad\4to Ano\Primer Semestre\Repositorios\Simon_Electronica\TrabajoIntegrado\Pic_SIMON\PIC_SIMON.asm



                              Symbols - Sorted by Address
                     Name    Address   Location    Storage File                     
                ---------  ---------  ---------  --------- ---------                
                   INICIO   0x000005    program     static C:\Users\familia colazo\AppData\Desktop\Agustin Colazo\Universidad\4to Ano\Primer Semestre\Repositorios\Simon_Electronica\TrabajoIntegrado\Pic_SIMON\PIC_SIMON.asm
                     MAIN   0x000009    program     static C:\Users\familia colazo\AppData\Desktop\Agustin Colazo\Universidad\4to Ano\Primer Semestre\Repositorios\Simon_Electronica\TrabajoIntegrado\Pic_SIMON\PIC_SIMON.asm
                   Espero   0x000014    program     static C:\Users\familia colazo\AppData\Desktop\Agustin Colazo\Universidad\4to Ano\Primer Semestre\Repositorios\Simon_Electronica\TrabajoIntegrado\Pic_SIMON\PIC_SIMON.asm
              RESET_JUEGO   0x00001f    program     static C:\Users\familia colazo\AppData\Desktop\Agustin Colazo\Universidad\4to Ano\Primer Semestre\Repositorios\Simon_Electronica\TrabajoIntegrado\Pic_SIMON\PIC_SIMON.asm
          SIGUIENTE_COLOR   0x000021    program     static C:\Users\familia colazo\AppData\Desktop\Agustin Colazo\Universidad\4to Ano\Primer Semestre\Repositorios\Simon_Electronica\TrabajoIntegrado\Pic_SIMON\PIC_SIMON.asm
             PERDIO_JUEGO   0x000027    program     static C:\Users\familia colazo\AppData\Desktop\Agustin Colazo\Universidad\4to Ano\Primer Semestre\Repositorios\Simon_Electronica\TrabajoIntegrado\Pic_SIMON\PIC_SIMON.asm
             _.org_1_0031   0x000031    program     static C:\Users\familia colazo\AppData\Desktop\Agustin Colazo\Universidad\4to Ano\Primer Semestre\Repositorios\Simon_Electronica\TrabajoIntegrado\Pic_SIMON\PIC_SIMON.asm
               GANO_JUEGO   0x000032    program     static C:\Users\familia colazo\AppData\Desktop\Agustin Colazo\Universidad\4to Ano\Primer Semestre\Repositorios\Simon_Electronica\TrabajoIntegrado\Pic_SIMON\PIC_SIMON.asm
             _.org_1_003C   0x00003c    program     static C:\Users\familia colazo\AppData\Desktop\Agustin Colazo\Universidad\4to Ano\Primer Semestre\Repositorios\Simon_Electronica\TrabajoIntegrado\Pic_SIMON\PIC_SIMON.asm
        Mostrar_Secuencia   0x00003d    program     static C:\Users\familia colazo\AppData\Desktop\Agustin Colazo\Universidad\4to Ano\Primer Semestre\Repositorios\Simon_Electronica\TrabajoIntegrado\Pic_SIMON\PIC_SIMON.asm
           Volver_Hacerlo   0x000041    program     static C:\Users\familia colazo\AppData\Desktop\Agustin Colazo\Universidad\4to Ano\Primer Semestre\Repositorios\Simon_Electronica\TrabajoIntegrado\Pic_SIMON\PIC_SIMON.asm
                      CFG   0x000055    program     static C:\Users\familia colazo\AppData\Desktop\Agustin Colazo\Universidad\4to Ano\Primer Semestre\Repositorios\Simon_Electronica\TrabajoIntegrado\Pic_SIMON\PIC_SIMON.asm
             INTERRUPCION   0x00007e    program     static C:\Users\familia colazo\AppData\Desktop\Agustin Colazo\Universidad\4to Ano\Primer Semestre\Repositorios\Simon_Electronica\TrabajoIntegrado\Pic_SIMON\PIC_SIMON.asm
              INT_PUERTOB   0x000082    program     static C:\Users\familia colazo\AppData\Desktop\Agustin Colazo\Universidad\4to Ano\Primer Semestre\Repositorios\Simon_Electronica\TrabajoIntegrado\Pic_SIMON\PIC_SIMON.asm
           ANTIREBOTE_INT   0x000082    program     static C:\Users\familia colazo\AppData\Desktop\Agustin Colazo\Universidad\4to Ano\Primer Semestre\Repositorios\Simon_Electronica\TrabajoIntegrado\Pic_SIMON\PIC_SIMON.asm
             PROBANDO_RB0   0x000084    program     static C:\Users\familia colazo\AppData\Desktop\Agustin Colazo\Universidad\4to Ano\Primer Semestre\Repositorios\Simon_Electronica\TrabajoIntegrado\Pic_SIMON\PIC_SIMON.asm
             INT_PUERTOB1   0x00008f    program     static C:\Users\familia colazo\AppData\Desktop\Agustin Colazo\Universidad\4to Ano\Primer Semestre\Repositorios\Simon_Electronica\TrabajoIntegrado\Pic_SIMON\PIC_SIMON.asm
            ANTIREBOTE_RB   0x00008f    program     static C:\Users\familia colazo\AppData\Desktop\Agustin Colazo\Universidad\4to Ano\Primer Semestre\Repositorios\Simon_Electronica\TrabajoIntegrado\Pic_SIMON\PIC_SIMON.asm
              PROBANDO_RB   0x000097    program     static C:\Users\familia colazo\AppData\Desktop\Agustin Colazo\Universidad\4to Ano\Primer Semestre\Repositorios\Simon_Electronica\TrabajoIntegrado\Pic_SIMON\PIC_SIMON.asm
                      SIG   0x0000a4    program     static C:\Users\familia colazo\AppData\Desktop\Agustin Colazo\Universidad\4to Ano\Primer Semestre\Repositorios\Simon_Electronica\TrabajoIntegrado\Pic_SIMON\PIC_SIMON.asm
            No_Llego_Cero   0x0000a7    program     static C:\Users\familia colazo\AppData\Desktop\Agustin Colazo\Universidad\4to Ano\Primer Semestre\Repositorios\Simon_Electronica\TrabajoIntegrado\Pic_SIMON\PIC_SIMON.asm
               Llego_Cero   0x0000ab    program     static C:\Users\familia colazo\AppData\Desktop\Agustin Colazo\Universidad\4to Ano\Primer Semestre\Repositorios\Simon_Electronica\TrabajoIntegrado\Pic_SIMON\PIC_SIMON.asm
     Levanto_bandera_gano   0x0000ba    program     static C:\Users\familia colazo\AppData\Desktop\Agustin Colazo\Universidad\4to Ano\Primer Semestre\Repositorios\Simon_Electronica\TrabajoIntegrado\Pic_SIMON\PIC_SIMON.asm
      Levanto_flag_perdio   0x0000be    program     static C:\Users\familia colazo\AppData\Desktop\Agustin Colazo\Universidad\4to Ano\Primer Semestre\Repositorios\Simon_Electronica\TrabajoIntegrado\Pic_SIMON\PIC_SIMON.asm
                    TABLA   0x0000c2    program     static C:\Users\familia colazo\AppData\Desktop\Agustin Colazo\Universidad\4to Ano\Primer Semestre\Repositorios\Simon_Electronica\TrabajoIntegrado\Pic_SIMON\PIC_SIMON.asm
               delay_10ms   0x0000c7    program     static C:\Users\familia colazo\AppData\Desktop\Agustin Colazo\Universidad\4to Ano\Primer Semestre\Repositorios\Simon_Electronica\TrabajoIntegrado\Pic_SIMON\PIC_SIMON.asm
                   BUCLE2   0x0000c9    program     static C:\Users\familia colazo\AppData\Desktop\Agustin Colazo\Universidad\4to Ano\Primer Semestre\Repositorios\Simon_Electronica\TrabajoIntegrado\Pic_SIMON\PIC_SIMON.asm
                   BUCLE1   0x0000cb    program     static C:\Users\familia colazo\AppData\Desktop\Agustin Colazo\Universidad\4to Ano\Primer Semestre\Repositorios\Simon_Electronica\TrabajoIntegrado\Pic_SIMON\PIC_SIMON.asm
              delay_100ms   0x0000d1    program     static C:\Users\familia colazo\AppData\Desktop\Agustin Colazo\Universidad\4to Ano\Primer Semestre\Repositorios\Simon_Electronica\TrabajoIntegrado\Pic_SIMON\PIC_SIMON.asm
               BUCLE2_100   0x0000d3    program     static C:\Users\familia colazo\AppData\Desktop\Agustin Colazo\Universidad\4to Ano\Primer Semestre\Repositorios\Simon_Electronica\TrabajoIntegrado\Pic_SIMON\PIC_SIMON.asm
               BUCLE1_100   0x0000d5    program     static C:\Users\familia colazo\AppData\Desktop\Agustin Colazo\Universidad\4to Ano\Primer Semestre\Repositorios\Simon_Electronica\TrabajoIntegrado\Pic_SIMON\PIC_SIMON.asm
             CREAR_RANDOM   0x0000db    program     static C:\Users\familia colazo\AppData\Desktop\Agustin Colazo\Universidad\4to Ano\Primer Semestre\Repositorios\Simon_Electronica\TrabajoIntegrado\Pic_SIMON\PIC_SIMON.asm
Configuracion_Puerto_Serie   0x0000e5    program     static C:\Users\familia colazo\AppData\Desktop\Agustin Colazo\Universidad\4to Ano\Primer Semestre\Repositorios\Simon_Electronica\TrabajoIntegrado\Pic_SIMON\PIC_SIMON.asm


