MPASM  5.37                     PIC_SIMON.ASM   6-10-2016  1:16:12         PAGE  1


LOC  OBJECT CODE     LINE SOURCE TEXT
  VALUE

                      00001         list p=16f887
                      00002         INCLUDE "p16F887.inc"
                      00001         LIST
                      00002 ; P16F887.INC  Standard Header File, Version 1.00    Microchip Technology, Inc.
                      00617         LIST
                      00003         CBLOCK 0x21
  00000021            00004         SCORE
  00000022            00005         Numero_de_valores_de_secuencia
  00000023            00006         Contador
  00000024            00007         Contador_Aux
  00000025            00008         DELAY1
  00000026            00009         DELAY2
  00000027            00010         Random
  00000028            00011         Puntero
  00000029            00012         FLAGS
  0000002A            00013         Valor_aux
  0000002B            00014         Primer_valor 
                      00015         endc
  00000000            00016 Perdio  EQU 0
  00000001            00017 Proximo EQU 1
  00000002            00018 Gano    EQU 2
  00000003            00019 Crear   EQU     3
  00000004            00020 Comenzo EQU 4
  00000004            00021 MAX_VAL EQU .4
                      00022         org     0x00
0000   2???           00023         goto    INICIO
                      00024         org     0x04
0004   2???           00025         goto    INTERRUPCION
                      00026         ;SOMOS GRUPO 18
0005                  00027 INICIO
                      00028 
0005   2???           00029         call    CFG
0006   2???           00030         call    Configuracion_Puerto_Serie
0007   3004           00031         movlw   MAX_VAL
0008   00A2           00032         movwf   Numero_de_valores_de_secuencia
0009                  00033 MAIN    
0009   0AA7           00034         incf    Random, 1
000A   1E29           00035         btfss   FLAGS, Comenzo  ;Cuando viene interrupcion por RB0 setea el FLAG
000B   2???           00036         goto    MAIN
000C   0827           00037         movf    Random, 0
000D   3903           00038         andlw   b'00000011'
000E   00AB           00039         movwf   Primer_valor
000F   01A1           00040         clrf    SCORE   ;Reinicio SCORE
0010   158B           00041         bsf     INTCON, RBIE
0011   15A9           00042         bsf     FLAGS, Crear
0012   2???           00043         call    Mostrar_Secuencia
                      00044 ;----BLOQUE QUE ESPERA UNA PULSACION-----
0013                  00045 Espero
                      00046 ;{      
0013   0AA7           00047         incf    Random,1
0014   0181           00048         clrf    TMR0
0015   0064           00049         CLRWDT
0016   18A9           00050         btfsc   FLAGS,Proximo   ;Si pulso el/los color/es correcto/s, muestro la siguiente secuencia
MPASM  5.37                     PIC_SIMON.ASM   6-10-2016  1:16:12         PAGE  2


LOC  OBJECT CODE     LINE SOURCE TEXT
  VALUE

0017   2???           00051         call    SIGUIENTE_COLOR
0018   1829           00052         btfsc   FLAGS,Perdio    ;Si le erro, perdio
0019   2???           00053         goto    PERDIO_JUEGO
001A   1929           00054         btfsc   FLAGS,Gano              ;Si gano, gano 
001B   2???           00055         goto    GANO_JUEGO
001C   2???           00056         goto    Espero;}
                      00057 
                      00058 ;----FIN BLOQUE ESPERO-----
                      00059         
                      00060 
001D                  00061 SIGUIENTE_COLOR
                      00062 ;{
001D   0AA4           00063         incf    Contador_Aux,1
001E   0824           00064         movf    Contador_Aux,0
001F   00A3           00065         movwf   Contador
0020   10A9           00066         bcf     FLAGS,Proximo
0021   2???           00067         call    Mostrar_Secuencia
0022   0008           00068         return;}
                      00069 
                      00070 
                      00071 
0023                  00072 PERDIO_JUEGO
                      00073         ;{
                      00074         ;PRENDO LED QUE MUESTRA QUE PERDIO
0023   1408           00075         bsf     PORTD,0
0024   138B           00076         bcf             INTCON, GIE ;No puede haber mas interrupciones
0025   0821           00077         movf    SCORE, 0        
0026   0099           00078         movwf   TXREG           ;Transmito el puntaje al otro PIC
0027   2???           00079         goto    $       ;}
                      00080 
                      00081 
0028                  00082 GANO_JUEGO
                      00083 ;{
                      00084         ;PRENDO LED QUE MUESTRA QUE GANO
0028   1488           00085         bsf             PORTD,1
0029   138B           00086         bcf             INTCON, GIE ;No puede haber mas interrupciones
002A   0821           00087         movf    SCORE, 0
002B   0099           00088         movwf   TXREG           ;Aqui deberia transmitir algo para mostrar que gano.
002C   2???           00089         goto    $ ;}
                      00090 
                      00091 
                      00092 ;MUESTRO LA SECUENCIA DE LEDS
                      00093 
                      00094         ;----MOSTRAR SECUENCIA DE COLORES----
002D                  00095 Mostrar_Secuencia
                      00096 ;{
                      00097 
002D   118B           00098         bcf             INTCON,RBIE ;En este momento no se puede interrumpir el programa
002E   120B           00099         bcf             INTCON,INTE
002F   302B           00100         movlw   Primer_valor
0030   0084           00101         movwf   FSR
0031                  00102 Volver_Hacerlo
0031   0800           00103         movf    INDF,0
MPASM  5.37                     PIC_SIMON.ASM   6-10-2016  1:16:12         PAGE  3


LOC  OBJECT CODE     LINE SOURCE TEXT
  VALUE

0032   2???           00104         call    TABLA
0033   0088           00105         movwf   PORTD
                      00106 
0034   2???           00107         call delay_100ms
0035   2???           00108         call delay_100ms
0036   2???           00109         call delay_100ms
0037   2???           00110         call delay_100ms
0038   2???           00111         call delay_100ms
0039   0A84           00112         incf FSR, 1
003A   0188           00113         clrf PORTD
003B   2???           00114         call delay_100ms
003C   0BA3           00115         decfsz Contador, 1
003D   2???           00116         goto Volver_Hacerlo
                      00117 
003E   0188           00118         clrf    PORTD
003F   158B           00119         bsf     INTCON, RBIE
0040   302B           00120         movlw   Primer_valor
0041   0084           00121         movwf   FSR
0042   0824           00122         movf    Contador_Aux, 0
0043   00A3           00123         movwf   Contador
0044   0008           00124         return
                      00125 ;}
                      00126         ;----FIN MOSTRAR SECUENCIA DE COLORES-----
                      00127 
                      00128 
                      00129         
                      00130 
                      00131 ;--------CONFIGURACION-------
                      00132 
0045                  00133 CFG
                      00134 ;{      
                      00135         ;Habilito los enables de las interrupciones
0045   1283 1303      00136         banksel INTCON
0047   3090           00137         movlw   b'10010000'
0048   008B           00138         movwf   INTCON
                      00139 
0049   1683 1303      00140         banksel IOCB
004B   30FE           00141         movlw   b'11111110'
Message[302]: Register in operand not in bank 0.  Ensure that bank bits are correct.
004C   0096           00142         movwf   IOCB
                      00143 
                      00144         ;Configuro timer0 para que sea temporizador interno
004D   1683 1303      00145         banksel OPTION_REG
004F   30C7           00146         movlw   b'11000111'
Message[302]: Register in operand not in bank 0.  Ensure that bank bits are correct.
0050   0081           00147         movwf   OPTION_REG ;Falta configurar PRESCALER
                      00148                 
                      00149 
                      00150         ;Configuro el puertoB como digital
0051   1683 1703      00151         banksel ANSELH
Message[302]: Register in operand not in bank 0.  Ensure that bank bits are correct.
0053   0189           00152         clrf    ANSELH
                      00153 
MPASM  5.37                     PIC_SIMON.ASM   6-10-2016  1:16:12         PAGE  4


LOC  OBJECT CODE     LINE SOURCE TEXT
  VALUE

                      00154         ;Configurar carga al timer
0054   1283 1303      00155         banksel TMR0
0056   3000           00156         movlw   .0
0057   0081           00157         movwf   TMR0
                      00158 
0058   3001           00159         movlw   .1
0059   00A4           00160         movwf   Contador_Aux
005A   00A3           00161         movwf   Contador
                      00162         
                      00163         ;Configuro puertoB como de entrada
005B   1683 1303      00164         banksel TRISB
005D   30FF           00165         movlw   b'11111111'
Message[302]: Register in operand not in bank 0.  Ensure that bank bits are correct.
005E   0086           00166         movwf   TRISB
                      00167         
                      00168         ;Configuro PuertoC como de salida
005F   3000           00169         movlw   b'00000000'
Message[302]: Register in operand not in bank 0.  Ensure that bank bits are correct.
0060   0088           00170         movwf   TRISD
                      00171         
0061   3000           00172         movlw   b'00000000'
Message[302]: Register in operand not in bank 0.  Ensure that bank bits are correct.
0062   0088           00173         movwf   TRISD
Message[302]: Register in operand not in bank 0.  Ensure that bank bits are correct.
0063   1085           00174         bcf             TRISA,1 
                      00175         
                      00176         ;vuelvo al banco 0
0064   1283           00177         bcf     STATUS, RP0
0065   1303           00178         bcf     STATUS, RP1
                      00179         ;Limpio los puertos y el registro de banderas
0066   0188           00180         clrf    PORTD
0067   0186           00181         clrf    PORTB
0068   0188           00182         clrf    PORTD
0069   01A9           00183         clrf    FLAGS
006A   302B           00184         movlw   Primer_valor
006B   00A8           00185         movwf   Puntero
006C   0AA8           00186         incf    Puntero,1
006D   0008           00187         return
                      00188         ;}
                      00189 ;--------FIN CONFIGURACION-----------
                      00190 
                      00191 
                      00192 ;-----INTERRUPCIONES---------
                      00193 ;RUTINA DE INTERRUPCION
006E                  00194 INTERRUPCION
                      00195         ;---VERIFICACION DE DONDE VINO LA INTERRUPCION---
                      00196 ;{
006E   188B           00197         btfsc   INTCON,INTF
006F   2???           00198         goto    INT_PUERTOB
0070   180B           00199         btfsc   INTCON,RBIF
0071   2???           00200         goto    INT_PUERTOB1
                      00201 
                      00202 ;}
MPASM  5.37                     PIC_SIMON.ASM   6-10-2016  1:16:12         PAGE  5


LOC  OBJECT CODE     LINE SOURCE TEXT
  VALUE

                      00203         ;---FIN VERIFICACION---
                      00204 
                      00205 ;-----INTERRUPCION POR PUERTO B-------
0072                  00206 INT_PUERTOB
                      00207         
0072                  00208 ANTIREBOTE_INT
0072   2???           00209         call    delay_10ms ;Hago delay para esperar a que pase el rebote
0073   2???           00210         call    delay_10ms
0074                  00211 PROBANDO_RB0
0074   1806           00212         btfsc   PORTB, 0        ;Testeo el bit RB0, si se dejo de pulsar el boton bajara a cero
0075   2???           00213         goto    PROBANDO_RB0
0076   2???           00214         call    delay_10ms
0077   2???           00215         call    delay_10ms      ;Una vez que se dejo de presionar el boton, hago un delay de 10 ms para 
                            que pase el rebote.
                      00216 
0078   108B           00217         bcf             INTCON, INTF
0079   120B           00218         bcf             INTCON, INTE    
007A   1629           00219         bsf             FLAGS, Comenzo
007B   100B           00220         bcf             INTCON, RBIF
007C   110B           00221         bcf     INTCON, T0IF
007D   0009           00222         retfie
                      00223         ;---ANTIREBOTE POR SOFTWARE DE LOS PULSADORES-----      
                      00224 
007E                  00225 INT_PUERTOB1
007E                  00226 ANTIREBOTE_RB
                      00227 ;{
007E   2???           00228         call    delay_10ms
007F   2???           00229         call    delay_10ms ;Espero 10ms a que pase el rebote
0080   0806           00230         movf    PORTB, 0        ;muevo el puerto B a w
0081   39F0           00231         andlw   0xF0    ;Hago and con los bits que me importan y los guardo
0082   00AA           00232         movwf   Valor_aux ;Esta es la variable que utilizo en la rutina para comparar
0083   0088           00233         movwf   PORTD
0084   19A9           00234         btfsc   FLAGS, Crear
0085   2???           00235         call    CREAR_RANDOM
                      00236 
0086                  00237 PROBANDO_RB
0086   0806           00238         movf    PORTB, 0        ;Prendemos el led que se pulsa
0087   39F0           00239         andlw   0xF0    ;Hago AND a los bits que me interesan
0088   1D03           00240         btfss   STATUS, Z       ;Si todos los bits estan en cero significa que se dejo de pulsar
0089   2???           00241         goto    PROBANDO_RB     ;Sino, sigo probando hasta que se deje de pulsar el boton
008A   2???           00242         call    delay_10ms
008B   2???           00243         call    delay_10ms      ;Hago un delay por el rebote de soltar el pulsador
008C   0188           00244         clrf    PORTD
                      00245 ;}
                      00246 
                      00247         ;-----FIN ANTIREBOTE POR SOFTWARE-----
                      00248 ;{
                      00249         ;----Comienzo de Rutina de Interrupcion por PUERTO B----        
                      00250 
008D   0800           00251         movf    INDF,0                  ;MUEVO EL VALOR AL QUE PUNTA FSR A W
008E   2???           00252         call    TABLA                   
008F   062A           00253         xorwf   Valor_aux, 0    ;tengo que ver si el valor que pulso es el que deberia pulsar
0090   1D03           00254         btfss   STATUS,Z                ;SI EL XOR DA 0 ES PORQUE SON IGUALES, ENTONCES PULSO BIEN
MPASM  5.37                     PIC_SIMON.ASM   6-10-2016  1:16:12         PAGE  6


LOC  OBJECT CODE     LINE SOURCE TEXT
  VALUE

0091   2???           00255         goto    Levanto_flag_perdio;SI NO DA EL BIT Z DE STATUS DA 0 ENTONCES PERDIO
0092   2???           00256         goto    SIG
                      00257 
                      00258 ;En el bloque SIG, verifico si ya pulso todos o debe seguir pulsando
0093                  00259 SIG
0093   0BA3           00260         decfsz  Contador, 1
0094   2???           00261         goto    No_Llego_Cero
0095   2???           00262         goto    Llego_Cero
                      00263 
                      00264 ;EL CONTADOR NO LLEGO A CERO, EL JUGADOR DEBE CONTINUAR CON LA SECUENCIA
0096                  00265 No_Llego_Cero
0096   0A84           00266         incf    FSR,1   ;AUMENTO FSR ASI EN LA SIGUIENTE PULSACION VERIFICO CORRECTAMENTE
0097   100B           00267         bcf             INTCON,RBIF
0098   108B           00268         bcf             INTCON,INTF
0099   0009           00269         retfie
                      00270 
                      00271 ;---EL CONTADOR LLEGO A CERO, ACA DEBO CONTROLAR SI YA GANO 
                      00272 ;O HAY QUE MOSTRAR UNA NUEVA SECUENCIA----
009A                  00273 Llego_Cero
009A   0AA1           00274         incf SCORE, 1   ;Aumento uno al score
009B   302B           00275         movlw   Primer_valor
009C   0084           00276         movwf   FSR     
009D   0822           00277         movf    Numero_de_valores_de_secuencia,0
009E   0624           00278         xorwf   Contador_Aux, 0
009F   1903           00279         btfsc   STATUS,Z        ;verifico si ya gano haciendo un xor con la cantidad de valores
00A0   2???           00280         goto    Levanto_bandera_gano
00A1   15A9           00281         bsf             FLAGS,Crear
00A2   14A9           00282         bsf             FLAGS,Proximo ;Seteo la bandera de proximo para que el programa sepa que debe mo
                            strar la siguiente secuencia
00A3   2???           00283         call delay_100ms
00A4   2???           00284         call delay_100ms
00A5   2???           00285         call delay_100ms
00A6   100B           00286         bcf             INTCON,RBIF
00A7   108B           00287         bcf             INTCON,INTF
00A8   0009           00288         retfie
                      00289 
                      00290 
                      00291         ;----LEVANTAMIENTO DE BANDERAS DE GANO O PERDIO-----
00A9                  00292 Levanto_bandera_gano 
00A9   1529           00293         bsf             FLAGS,Gano ;Se levanta el flag de la bandera que gano
00AA   100B           00294         bcf             INTCON,RBIF
00AB   108B           00295         bcf             INTCON,INTF
00AC   0009           00296         retfie
                      00297 
                      00298         
00AD                  00299 Levanto_flag_perdio
                      00300 
00AD   1429           00301         bsf     FLAGS,Perdio ;LEVANTO EL FLAG YA QUE PERDIO
00AE   100B           00302         bcf             INTCON,RBIF
00AF   108B           00303         bcf             INTCON,INTF     
00B0   0009           00304         retfie;}
                      00305         ;------ FIN LEVANTAMIENTO DE BANDERAS----------------
                      00306 ;---------FIN INTERRUPCIONES PUERTO B---------
MPASM  5.37                     PIC_SIMON.ASM   6-10-2016  1:16:12         PAGE  7


LOC  OBJECT CODE     LINE SOURCE TEXT
  VALUE

                      00307 
                      00308 
                      00309 ;-----FIN INTERRUPCIONES---------
                      00310 
                      00311 ;---TABLA DE VALORES PARA LOS LEDS----
                      00312 
00B1                  00313 TABLA
                      00314 ;{
00B1   0782           00315         addwf   PCL,1
00B2   3480           00316         retlw   b'10000000'
00B3   3440           00317         retlw   b'01000000'
00B4   3420           00318         retlw   b'00100000'
00B5   3410           00319         retlw   b'00010000'
                      00320 
                      00321 ;}
                      00322 ;-------FIN TABLA---------------
                      00323 
                      00324 
                      00325 ;---Retardo por software de 10ms----
                      00326 
00B6                  00327 delay_10ms      
                      00328 ;{
00B6   3014           00329         movlw   .20
00B7   00A6           00330         movwf   DELAY2
00B8                  00331 BUCLE2
00B8   307C           00332         movlw   .124
00B9   00A5           00333         movwf   DELAY1
00BA                  00334 BUCLE1
00BA   0000           00335         nop
00BB   0BA5           00336         decfsz  DELAY1, 1
00BC   2???           00337         goto    BUCLE1
00BD   0BA6           00338         decfsz  DELAY2, 1
00BE   2???           00339         goto    BUCLE2
00BF   0008           00340         return          ;La formula del delay es R=[(4X)+4]Y+1 donde X=124 e Y=20.
                      00341 ;}
                      00342 ;---Retardo por software de 100ms----
                      00343 
00C0                  00344 delay_100ms     
                      00345 ;{
00C0   30C8           00346         movlw   .200
00C1   00A6           00347         movwf   DELAY2
00C2                  00348 BUCLE2_100
00C2   307C           00349         movlw   .124
00C3   00A5           00350         movwf   DELAY1
00C4                  00351 BUCLE1_100
00C4   0000           00352         nop
00C5   0BA5           00353         decfsz  DELAY1, 1
00C6   2???           00354         goto    BUCLE1_100
00C7   0BA6           00355         decfsz  DELAY2, 1
00C8   2???           00356         goto    BUCLE2_100
00C9   0008           00357         return          ;La formula del delay es R=[(4X)+4]Y+1 donde X=124 e Y=20.
                      00358 ;}
                      00359 ;--------FIN RETARDO--------------
MPASM  5.37                     PIC_SIMON.ASM   6-10-2016  1:16:12         PAGE  8


LOC  OBJECT CODE     LINE SOURCE TEXT
  VALUE

                      00360 
00CA                  00361 CREAR_RANDOM
00CA   0828           00362         movf    Puntero,0
00CB   0084           00363         movwf   FSR
00CC   0827           00364         movf    Random,0
00CD   3903           00365         andlw   b'00000011'
00CE   0080           00366         movwf   INDF
00CF   302B           00367         movlw   Primer_valor
00D0   0084           00368         movwf   FSR
00D1   0AA8           00369         incf    Puntero,1
00D2   11A9           00370         bcf             FLAGS,Crear
00D3   0008           00371         return
                      00372 
                      00373 ;-------------------------
00D4                  00374 Configuracion_Puerto_Serie
                      00375 ;-------------------------
00D4   1683 1303      00376         banksel TRISC
Message[302]: Register in operand not in bank 0.  Ensure that bank bits are correct.
00D6   1307           00377         bcf TRISC, 6    ;RC6/TX/CK = output
Message[302]: Register in operand not in bank 0.  Ensure that bank bits are correct.
00D7   1787           00378         bsf TRISC, 7    ;RC7/RX/DT = input
                      00379 
00D8   1683 1703      00380         banksel BAUDCTL 
Message[302]: Register in operand not in bank 0.  Ensure that bank bits are correct.
00DA   1587           00381         bsf BAUDCTL, BRG16      ;16-bit BAUD Rate Generator is used.
                      00382         
00DB   1683 1303      00383         banksel SPBRG
00DD   3033           00384         movlw .51       ;baud rate = 38400 ---> Esto seguro hay que modificarlo.
                      00385                                 ;(Fosc/(4*(SPBRG+1))) Error + 0.16%
Message[302]: Register in operand not in bank 0.  Ensure that bank bits are correct.
00DE   0099           00386         movwf SPBRG
Message[302]: Register in operand not in bank 0.  Ensure that bank bits are correct.
00DF   019A           00387         clrf SPBRGH
                      00388 
00E0   1683 1303      00389         banksel TXSTA
Message[302]: Register in operand not in bank 0.  Ensure that bank bits are correct.
00E2   1318           00390         bcf TXSTA, TX9  ;Data is 8-bit wide
Message[302]: Register in operand not in bank 0.  Ensure that bank bits are correct.
00E3   1698           00391         bsf TXSTA, TXEN ;Data transmission enabled      No se para que...
Message[302]: Register in operand not in bank 0.  Ensure that bank bits are correct.
00E4   1218           00392         bcf TXSTA, SYNC ;Asynchronous mode
Message[302]: Register in operand not in bank 0.  Ensure that bank bits are correct.
00E5   1518           00393         bsf TXSTA, BRGH ;High-speed baud rate
                      00394         
00E6   1283 1303      00395         banksel RCSTA
00E8   1798           00396         bsf RCSTA, SPEN ;RX/DT and TX/CK outputs configuration
00E9   1318           00397         bcf RCSTA, RX9  ;Select mode for 8-bit data receive
00EA   1618           00398         bsf RCSTA, CREN ;Receive data enabled
00EB   1198           00399         bcf RCSTA, ADDEN        ;No address detection, ninth bit 
                      00400                                                 ;might be used as parity bit
00EC   081A           00401         movf RCREG, 0   ;cleared RCIF bit
                      00402 
00ED   1683 1703      00403         banksel BAUDCTL
MPASM  5.37                     PIC_SIMON.ASM   6-10-2016  1:16:12         PAGE  9


LOC  OBJECT CODE     LINE SOURCE TEXT
  VALUE

Message[302]: Register in operand not in bank 0.  Ensure that bank bits are correct.
00EF   1207           00404         bcf BAUDCTL, SCKP ;unset inverted mode
                      00405 
00F0   1283           00406         bcf STATUS, RP0
00F1   1303           00407         bcf STATUS, RP1
                      00408         
00F2   0008           00409         return
                      00410 
                      00411         end
MPASM  5.37                     PIC_SIMON.ASM   6-10-2016  1:16:12         PAGE 10


SYMBOL TABLE
  LABEL                             VALUE 

ABDEN                             00000000
ABDOVF                            00000007
ACKDT                             00000005
ACKEN                             00000004
ACKSTAT                           00000006
ADCON0                            0000001F
ADCON1                            0000009F
ADCS0                             00000006
ADCS1                             00000007
ADDEN                             00000003
ADFM                              00000007
ADIE                              00000006
ADIF                              00000006
ADON                              00000000
ADRESH                            0000001E
ADRESL                            0000009E
ANS0                              00000000
ANS1                              00000001
ANS10                             00000002
ANS11                             00000003
ANS12                             00000004
ANS13                             00000005
ANS2                              00000002
ANS3                              00000003
ANS4                              00000004
ANS5                              00000005
ANS6                              00000006
ANS7                              00000007
ANS8                              00000000
ANS9                              00000001
ANSEL                             00000188
ANSELH                            00000189
ANTIREBOTE_INT                    00000072
ANTIREBOTE_RB                     0000007E
BAUDCTL                           00000187
BCLIE                             00000003
BCLIF                             00000003
BF                                00000000
BRG0                              00000000
BRG1                              00000001
BRG10                             00000002
BRG11                             00000003
BRG12                             00000004
BRG13                             00000005
BRG14                             00000006
BRG15                             00000007
BRG16                             00000003
BRG2                              00000002
BRG3                              00000003
BRG4                              00000004
BRG5                              00000005
BRG6                              00000006
BRG7                              00000007
MPASM  5.37                     PIC_SIMON.ASM   6-10-2016  1:16:12         PAGE 11


SYMBOL TABLE
  LABEL                             VALUE 

BRG8                              00000000
BRG9                              00000001
BRGH                              00000002
BUCLE1                            000000BA
BUCLE1_100                        000000C4
BUCLE2                            000000B8
BUCLE2_100                        000000C2
C                                 00000000
C1CH0                             00000000
C1CH1                             00000001
C1IE                              00000005
C1IF                              00000005
C1OE                              00000005
C1ON                              00000007
C1OUT                             00000006
C1POL                             00000004
C1R                               00000002
C1RSEL                            00000005
C1SEN                             00000005
C2CH0                             00000000
C2CH1                             00000001
C2IE                              00000006
C2IF                              00000006
C2OE                              00000005
C2ON                              00000007
C2OUT                             00000006
C2POL                             00000004
C2R                               00000002
C2REN                             00000004
C2RSEL                            00000004
C2SYNC                            00000000
CCP1CON                           00000017
CCP1IE                            00000002
CCP1IF                            00000002
CCP1M0                            00000000
CCP1M1                            00000001
CCP1M2                            00000002
CCP1M3                            00000003
CCP1X                             00000005
CCP1Y                             00000004
CCP2CON                           0000001D
CCP2IE                            00000000
CCP2IF                            00000000
CCP2M0                            00000000
CCP2M1                            00000001
CCP2M2                            00000002
CCP2M3                            00000003
CCP2X                             00000005
CCP2Y                             00000004
CCPR1H                            00000016
CCPR1L                            00000015
CCPR2H                            0000001C
CCPR2L                            0000001B
MPASM  5.37                     PIC_SIMON.ASM   6-10-2016  1:16:12         PAGE 12


SYMBOL TABLE
  LABEL                             VALUE 

CFG                               00000045
CHS0                              00000002
CHS1                              00000003
CHS2                              00000004
CHS3                              00000005
CKE                               00000006
CKP                               00000004
CM1CON0                           00000107
CM2CON0                           00000108
CM2CON1                           00000109
CREAR_RANDOM                      000000CA
CREN                              00000004
CSRC                              00000007
Comenzo                           00000004
Configuracion_Puerto_Serie        000000D4
Contador                          00000023
Contador_Aux                      00000024
Crear                             00000003
D                                 00000005
DATA_ADDRESS                      00000005
DC                                00000001
DC1B0                             00000004
DC1B1                             00000005
DC2B0                             00000004
DC2B1                             00000005
DELAY1                            00000025
DELAY2                            00000026
D_A                               00000005
ECCPAS                            0000009C
ECCPAS0                           00000004
ECCPAS1                           00000005
ECCPAS2                           00000006
ECCPASE                           00000007
EEADR                             0000010D
EEADRH                            0000010F
EECON1                            0000018C
EECON2                            0000018D
EEDAT                             0000010C
EEDATA                            0000010C
EEDATH                            0000010E
EEIE                              00000004
EEIF                              00000004
EEPGD                             00000007
Espero                            00000013
F                                 00000001
FERR                              00000002
FLAGS                             00000029
FSR                               00000004
FVREN                             00000000
GANO_JUEGO                        00000028
GCEN                              00000007
GIE                               00000007
GO                                00000001
MPASM  5.37                     PIC_SIMON.ASM   6-10-2016  1:16:12         PAGE 13


SYMBOL TABLE
  LABEL                             VALUE 

GO_DONE                           00000001
Gano                              00000002
HTS                               00000002
I2C_DATA                          00000005
I2C_READ                          00000002
I2C_START                         00000003
I2C_STOP                          00000004
INDF                              00000000
INICIO                            00000005
INTCON                            0000000B
INTE                              00000004
INTEDG                            00000006
INTERRUPCION                      0000006E
INTF                              00000001
INT_PUERTOB                       00000072
INT_PUERTOB1                      0000007E
IOCB                              00000096
IOCB0                             00000000
IOCB1                             00000001
IOCB2                             00000002
IOCB3                             00000003
IOCB4                             00000004
IOCB5                             00000005
IOCB6                             00000006
IOCB7                             00000007
IRCF0                             00000004
IRCF1                             00000005
IRCF2                             00000006
IRP                               00000007
LTS                               00000001
Levanto_bandera_gano              000000A9
Levanto_flag_perdio               000000AD
Llego_Cero                        0000009A
MAIN                              00000009
MAX_VAL                           00000004
MC1OUT                            00000007
MC2OUT                            00000006
MSK                               00000093
Mostrar_Secuencia                 0000002D
NOT_A                             00000005
NOT_ADDRESS                       00000005
NOT_BO                            00000000
NOT_BOR                           00000000
NOT_DONE                          00000001
NOT_PD                            00000003
NOT_POR                           00000001
NOT_RBPU                          00000007
NOT_RC8                           00000006
NOT_T1SYNC                        00000002
NOT_TO                            00000004
NOT_TX8                           00000006
NOT_W                             00000002
NOT_WRITE                         00000002
MPASM  5.37                     PIC_SIMON.ASM   6-10-2016  1:16:12         PAGE 14


SYMBOL TABLE
  LABEL                             VALUE 

No_Llego_Cero                     00000096
Numero_de_valores_de_secuencia    00000022
OERR                              00000001
OPTION_REG                        00000081
OSCCON                            0000008F
OSCTUNE                           00000090
OSFIE                             00000007
OSFIF                             00000007
OSTS                              00000003
P                                 00000004
P1M0                              00000006
P1M1                              00000007
PCL                               00000002
PCLATH                            0000000A
PCON                              0000008E
PDC0                              00000000
PDC1                              00000001
PDC2                              00000002
PDC3                              00000003
PDC4                              00000004
PDC5                              00000005
PDC6                              00000006
PEIE                              00000006
PEN                               00000002
PERDIO_JUEGO                      00000023
PIE1                              0000008C
PIE2                              0000008D
PIR1                              0000000C
PIR2                              0000000D
PORTA                             00000005
PORTB                             00000006
PORTC                             00000007
PORTD                             00000008
PORTE                             00000009
PR2                               00000092
PROBANDO_RB                       00000086
PROBANDO_RB0                      00000074
PRSEN                             00000007
PS0                               00000000
PS1                               00000001
PS2                               00000002
PSA                               00000003
PSSAC0                            00000002
PSSAC1                            00000003
PSSBD0                            00000000
PSSBD1                            00000001
PSTRCON                           0000009D
PULSR                             00000002
PULSS                             00000003
PWM1CON                           0000009B
Perdio                            00000000
Primer_valor                      0000002B
Proximo                           00000001
MPASM  5.37                     PIC_SIMON.ASM   6-10-2016  1:16:12         PAGE 15


SYMBOL TABLE
  LABEL                             VALUE 

Puntero                           00000028
R                                 00000002
RBIE                              00000003
RBIF                              00000000
RC8_9                             00000006
RC9                               00000006
RCD8                              00000000
RCEN                              00000003
RCIDL                             00000006
RCIE                              00000005
RCIF                              00000005
RCREG                             0000001A
RCSTA                             00000018
RD                                00000000
READ_WRITE                        00000002
RP0                               00000005
RP1                               00000006
RSEN                              00000001
RX9                               00000006
RX9D                              00000000
R_W                               00000002
Random                            00000027
S                                 00000003
SBOREN                            00000004
SCKP                              00000004
SCORE                             00000021
SCS                               00000000
SEN                               00000000
SENDB                             00000003
SIG                               00000093
SIGUIENTE_COLOR                   0000001D
SMP                               00000007
SPBRG                             00000099
SPBRGH                            0000009A
SPEN                              00000007
SR0                               00000006
SR1                               00000007
SRCON                             00000185
SREN                              00000005
SSPADD                            00000093
SSPBUF                            00000013
SSPCON                            00000014
SSPCON2                           00000091
SSPEN                             00000005
SSPIE                             00000003
SSPIF                             00000003
SSPM0                             00000000
SSPM1                             00000001
SSPM2                             00000002
SSPM3                             00000003
SSPMSK                            00000093
SSPOV                             00000006
SSPSTAT                           00000094
MPASM  5.37                     PIC_SIMON.ASM   6-10-2016  1:16:12         PAGE 16


SYMBOL TABLE
  LABEL                             VALUE 

STATUS                            00000003
STRA                              00000000
STRB                              00000001
STRC                              00000002
STRD                              00000003
STRSYNC                           00000004
SWDTEN                            00000000
SYNC                              00000004
T0CS                              00000005
T0IE                              00000005
T0IF                              00000002
T0SE                              00000004
T1CKPS0                           00000004
T1CKPS1                           00000005
T1CON                             00000010
T1GIV                             00000007
T1GSS                             00000001
T1INSYNC                          00000002
T1OSCEN                           00000003
T1SYNC                            00000002
T2CKPS0                           00000000
T2CKPS1                           00000001
T2CON                             00000012
TABLA                             000000B1
TMR0                              00000001
TMR0IE                            00000005
TMR0IF                            00000002
TMR1CS                            00000001
TMR1GE                            00000006
TMR1H                             0000000F
TMR1IE                            00000000
TMR1IF                            00000000
TMR1L                             0000000E
TMR1ON                            00000000
TMR2                              00000011
TMR2IE                            00000001
TMR2IF                            00000001
TMR2ON                            00000002
TOUTPS0                           00000003
TOUTPS1                           00000004
TOUTPS2                           00000005
TOUTPS3                           00000006
TRISA                             00000085
TRISB                             00000086
TRISC                             00000087
TRISD                             00000088
TRISE                             00000089
TRMT                              00000001
TUN0                              00000000
TUN1                              00000001
TUN2                              00000002
TUN3                              00000003
TUN4                              00000004
MPASM  5.37                     PIC_SIMON.ASM   6-10-2016  1:16:12         PAGE 17


SYMBOL TABLE
  LABEL                             VALUE 

TX8_9                             00000006
TX9                               00000006
TX9D                              00000000
TXD8                              00000000
TXEN                              00000005
TXIE                              00000004
TXIF                              00000004
TXREG                             00000019
TXSTA                             00000098
UA                                00000001
ULPWUE                            00000005
ULPWUIE                           00000002
ULPWUIF                           00000002
VCFG0                             00000004
VCFG1                             00000005
VR0                               00000000
VR1                               00000001
VR2                               00000002
VR3                               00000003
VRCON                             00000097
VREN                              00000007
VROE                              00000006
VRR                               00000005
VRSS                              00000004
Valor_aux                         0000002A
Volver_Hacerlo                    00000031
W                                 00000000
WCOL                              00000007
WDTCON                            00000105
WDTPS0                            00000001
WDTPS1                            00000002
WDTPS2                            00000003
WDTPS3                            00000004
WPUB                              00000095
WPUB0                             00000000
WPUB1                             00000001
WPUB2                             00000002
WPUB3                             00000003
WPUB4                             00000004
WPUB5                             00000005
WPUB6                             00000006
WPUB7                             00000007
WR                                00000001
WREN                              00000002
WRERR                             00000003
WUE                               00000001
Z                                 00000002
_.org_1_0027                      00000027
_.org_1_002C                      0000002C
_BOR21V                           00003EFF
_BOR40V                           00003FFF
_BOR_NSLEEP                       00003EFF
_BOR_OFF                          00003CFF
MPASM  5.37                     PIC_SIMON.ASM   6-10-2016  1:16:12         PAGE 18


SYMBOL TABLE
  LABEL                             VALUE 

_BOR_ON                           00003FFF
_BOR_SBODEN                       00003DFF
_CONFIG1                          00002007
_CONFIG2                          00002008
_CPD_OFF                          00003FFF
_CPD_ON                           00003F7F
_CP_OFF                           00003FFF
_CP_ON                            00003FBF
_DEBUG_OFF                        00003FFF
_DEBUG_ON                         00001FFF
_EC_OSC                           00003FFB
_EXTRC                            00003FFF
_EXTRCIO                          00003FFE
_EXTRC_OSC_CLKOUT                 00003FFF
_EXTRC_OSC_NOCLKOUT               00003FFE
_FCMEN_OFF                        000037FF
_FCMEN_ON                         00003FFF
_HS_OSC                           00003FFA
_IESO_OFF                         00003BFF
_IESO_ON                          00003FFF
_INTOSC                           00003FFD
_INTOSCIO                         00003FFC
_INTRC_OSC_CLKOUT                 00003FFD
_INTRC_OSC_NOCLKOUT               00003FFC
_LP_OSC                           00003FF8
_LVP_OFF                          00002FFF
_LVP_ON                           00003FFF
_MCLRE_OFF                        00003FDF
_MCLRE_ON                         00003FFF
_PWRTE_OFF                        00003FFF
_PWRTE_ON                         00003FEF
_WDT_OFF                          00003FF7
_WDT_ON                           00003FFF
_WRT_1FOURTH                      00003BFF
_WRT_256                          00003DFF
_WRT_HALF                         000039FF
_WRT_OFF                          00003FFF
_XT_OSC                           00003FF9
__16F887                          00000001
__DEBUG                           1
delay_100ms                       000000C0
delay_10ms                        000000B6

Errors   :     0
Warnings :     0 reported,     0 suppressed
Messages :    17 reported,     0 suppressed

