MPASM  5.37                     PIC_SIMON.ASM   6-21-2016  1:44:11         PAGE  1


LOC  OBJECT CODE     LINE SOURCE TEXT
  VALUE

                      00001         list p=16f887
                      00002         INCLUDE "p16F887.inc"
                      00001         LIST
                      00002 ; P16F887.INC  Standard Header File, Version 1.00    Microchip Technology, Inc.
                      00617         LIST
Warning[205]: Found directive in column 1. (__CONFIG)
2007   28D1           00003 __CONFIG    _CONFIG1, _LVP_OFF & _FCMEN_ON & _IESO_OFF & _BOR_OFF & _CPD_OFF & _CP_OFF & _MCLRE_OFF & _P
                            WRTE_OFF & _WDT_OFF & _XT_OSC
2008   3EFF           00004     __CONFIG    _CONFIG2, _WRT_OFF & _BOR21V
                      00005 
                      00006         CBLOCK 0x21
  00000021            00007         SCORE
  00000022            00008         Numero_de_valores_de_secuencia
  00000023            00009         Contador
  00000024            00010         Contador_Aux
  00000025            00011         DELAY1
  00000026            00012         DELAY2
  00000027            00013         Random
  00000028            00014         Puntero
  00000029            00015         FLAGS
  0000002A            00016         Valor_aux
  0000002B            00017         Primer_valor 
                      00018         endc
  00000000            00019 Perdio  EQU 0
  00000001            00020 Proximo EQU 1
  00000002            00021 Gano    EQU 2
  00000003            00022 Crear   EQU     3
  00000004            00023 Comenzo EQU 4
  00000005            00024 RESETER EQU 5
  0000003C            00025 MAX_VAL EQU .60
                      00026         org     0x00
0000   2???           00027         goto    INICIO
                      00028         org     0x04
0004   2???           00029         goto    INTERRUPCION
                      00030         ;SOMOS GRUPO 18
0005                  00031 INICIO
                      00032 
0005   2???           00033         call    CFG
0006   2???           00034         call    Configuracion_Puerto_Serie
0007   303C           00035         movlw   MAX_VAL
0008   00A2           00036         movwf   Numero_de_valores_de_secuencia
0009                  00037 MAIN    
0009   0AA7           00038         incf    Random, 1
000A   0064           00039         clrwdt
000B   1E29           00040         btfss   FLAGS, Comenzo  ;Cuando viene interrupcion por RB0 setea el FLAG
000C   2???           00041         goto    MAIN
000D   0827           00042         movf    Random, 0
000E   3903           00043         andlw   b'00000011'
000F   00AB           00044         movwf   Primer_valor
0010   01A1           00045         clrf    SCORE   ;Reinicio SCORE
0011   158B           00046         bsf     INTCON, RBIE
0012   15A9           00047         bsf     FLAGS, Crear
0013   2???           00048         call    Mostrar_Secuencia
MPASM  5.37                     PIC_SIMON.ASM   6-21-2016  1:44:11         PAGE  2


LOC  OBJECT CODE     LINE SOURCE TEXT
  VALUE

                      00049 ;----BLOQUE QUE ESPERA UNA PULSACION-----
0014                  00050 Espero
                      00051 ;{      
0014   0AA7           00052         incf    Random,1
0015   0064           00053         CLRWDT
0016   18A9           00054         btfsc   FLAGS,Proximo   ;Si pulso el/los color/es correcto/s, muestro la siguiente secuencia
0017   2???           00055         call    SIGUIENTE_COLOR
0018   1AA9           00056         btfsc   FLAGS, RESETER
0019   2???           00057         goto    RESET_JUEGO
001A   1829           00058         btfsc   FLAGS,Perdio    ;Si le erro, perdio
001B   2???           00059         goto    PERDIO_JUEGO
001C   1929           00060         btfsc   FLAGS,Gano              ;Si gano, gano 
001D   2???           00061         goto    GANO_JUEGO
001E   2???           00062         goto    Espero;}
                      00063 
                      00064 ;----FIN BLOQUE ESPERO-----
                      00065         
001F                  00066 RESET_JUEGO
001F   12A9           00067         bcf     FLAGS, RESETER
0020   2???           00068         goto    INICIO
0021                  00069 SIGUIENTE_COLOR
                      00070 ;{
0021   0AA4           00071         incf    Contador_Aux,1
0022   0824           00072         movf    Contador_Aux,0
0023   00A3           00073         movwf   Contador
0024   10A9           00074         bcf     FLAGS,Proximo
0025   2???           00075         call    Mostrar_Secuencia
0026   0008           00076         return;}
                      00077 
                      00078 
                      00079 
0027                  00080 PERDIO_JUEGO
                      00081         ;{
                      00082         ;PRENDO LED QUE MUESTRA QUE PERDIO
0027   1283 1303      00083         banksel INTCON
0029   1408           00084         bsf     PORTD,0
002A   178B           00085         bsf             INTCON, GIE ;No puede haber mas interrupciones
002B   118B           00086         bcf     INTCON, RBIE
002C   160B           00087         bsf             INTCON, INTE
002D   0821           00088         movf    SCORE, 0        
002E   0099           00089         movwf   TXREG           ;Transmito el puntaje al otro PIC
002F   1AA9           00090         btfsc   FLAGS, RESETER
0030   2???           00091         goto    RESET_JUEGO
0031   2???           00092         goto    $-2     ;}
                      00093 
                      00094 
0032                  00095 GANO_JUEGO
                      00096 ;{
                      00097         ;PRENDO LED QUE MUESTRA QUE GANO
0032   1283 1303      00098         banksel INTCON
0034   1488           00099         bsf             PORTD,1
0035   178B           00100         bsf             INTCON, GIE ;No puede haber mas interrupciones
0036   118B           00101         bcf     INTCON, RBIE
MPASM  5.37                     PIC_SIMON.ASM   6-21-2016  1:44:11         PAGE  3


LOC  OBJECT CODE     LINE SOURCE TEXT
  VALUE

0037   160B           00102         bsf             INTCON, INTE
0038   0821           00103         movf    SCORE, 0
0039   0099           00104         movwf   TXREG           ;Aqui deberia transmitir algo para mostrar que gano.
003A   1AA9           00105         btfsc   FLAGS, RESETER
003B   2???           00106         goto    RESET_JUEGO
003C   2???           00107         goto    $-2 ;}
                      00108 
                      00109 
                      00110 ;MUESTRO LA SECUENCIA DE LEDS
                      00111 
                      00112         ;----MOSTRAR SECUENCIA DE COLORES----
003D                  00113 Mostrar_Secuencia
                      00114 ;{
                      00115 
003D   118B           00116         bcf             INTCON,RBIE ;En este momento no se puede interrumpir el programa
003E   120B           00117         bcf             INTCON,INTE
003F   302B           00118         movlw   Primer_valor
0040   0084           00119         movwf   FSR
0041                  00120 Volver_Hacerlo
0041   0800           00121         movf    INDF,0
0042   2???           00122         call    TABLA
0043   0088           00123         movwf   PORTD
                      00124 
0044   2???           00125         call delay_100ms
0045   2???           00126         call delay_100ms
0046   2???           00127         call delay_100ms
0047   2???           00128         call delay_100ms
0048   2???           00129         call delay_100ms
0049   0A84           00130         incf FSR, 1
004A   0188           00131         clrf PORTD
004B   2???           00132         call delay_100ms
004C   0BA3           00133         decfsz Contador, 1
004D   2???           00134         goto Volver_Hacerlo
                      00135 
004E   0188           00136         clrf    PORTD
004F   158B           00137         bsf     INTCON, RBIE
0050   302B           00138         movlw   Primer_valor
0051   0084           00139         movwf   FSR
0052   0824           00140         movf    Contador_Aux, 0
0053   00A3           00141         movwf   Contador
0054   0008           00142         return
                      00143 ;}
                      00144         ;----FIN MOSTRAR SECUENCIA DE COLORES-----
                      00145 
                      00146 
                      00147         
                      00148 
                      00149 ;--------CONFIGURACION-------
                      00150 
0055                  00151 CFG
                      00152 ;{      
                      00153         ;Habilito los enables de las interrupciones
0055   1283 1303      00154         banksel INTCON
MPASM  5.37                     PIC_SIMON.ASM   6-21-2016  1:44:11         PAGE  4


LOC  OBJECT CODE     LINE SOURCE TEXT
  VALUE

0057   3090           00155         movlw   b'10010000'
0058   008B           00156         movwf   INTCON
                      00157 
0059   1683 1303      00158         banksel IOCB
005B   30FE           00159         movlw   b'11111110'
Message[302]: Register in operand not in bank 0.  Ensure that bank bits are correct.
005C   0096           00160         movwf   IOCB
                      00161 
                      00162         ;Configuro timer0 para que sea temporizador interno
005D   1683 1303      00163         banksel OPTION_REG
005F   30C7           00164         movlw   b'11000111'
Message[302]: Register in operand not in bank 0.  Ensure that bank bits are correct.
0060   0081           00165         movwf   OPTION_REG ;Falta configurar PRESCALER
                      00166                 
                      00167 
                      00168         ;Configuro el puertoB como digital
0061   1683 1703      00169         banksel ANSELH
Message[302]: Register in operand not in bank 0.  Ensure that bank bits are correct.
0063   0189           00170         clrf    ANSELH
                      00171 
                      00172         ;Configurar carga al timer
0064   1283 1303      00173         banksel TMR0            ;Al final no usamos el timer...
0066   3000           00174         movlw   .0
0067   0081           00175         movwf   TMR0
                      00176 
0068   3001           00177         movlw   .1
0069   00A4           00178         movwf   Contador_Aux
006A   00A3           00179         movwf   Contador
                      00180         
                      00181         ;Configuro puertoB como de entrada
006B   1683 1303      00182         banksel TRISB
006D   30FF           00183         movlw   b'11111111'
Message[302]: Register in operand not in bank 0.  Ensure that bank bits are correct.
006E   0086           00184         movwf   TRISB
                      00185         
                      00186         ;Configuro PuertoC como de salida
006F   3000           00187         movlw   b'00000000'
Message[302]: Register in operand not in bank 0.  Ensure that bank bits are correct.
0070   0088           00188         movwf   TRISD
                      00189         
0071   3000           00190         movlw   b'00000000'
Message[302]: Register in operand not in bank 0.  Ensure that bank bits are correct.
0072   0088           00191         movwf   TRISD
Message[302]: Register in operand not in bank 0.  Ensure that bank bits are correct.
0073   1085           00192         bcf             TRISA,1 
                      00193         
                      00194         ;vuelvo al banco 0
0074   1283           00195         bcf     STATUS, RP0
0075   1303           00196         bcf     STATUS, RP1
                      00197         ;Limpio los puertos y el registro de banderas
0076   0188           00198         clrf    PORTD
0077   0186           00199         clrf    PORTB
0078   0188           00200         clrf    PORTD
MPASM  5.37                     PIC_SIMON.ASM   6-21-2016  1:44:11         PAGE  5


LOC  OBJECT CODE     LINE SOURCE TEXT
  VALUE

0079   01A9           00201         clrf    FLAGS
007A   302B           00202         movlw   Primer_valor
007B   00A8           00203         movwf   Puntero
007C   0AA8           00204         incf    Puntero,1
007D   0008           00205         return
                      00206         ;}
                      00207 ;--------FIN CONFIGURACION-----------
                      00208 
                      00209 
                      00210 ;-----INTERRUPCIONES---------
                      00211 ;RUTINA DE INTERRUPCION
007E                  00212 INTERRUPCION
                      00213         ;---VERIFICACION DE DONDE VINO LA INTERRUPCION---
                      00214 ;{
007E   188B           00215         btfsc   INTCON,INTF
007F   2???           00216         goto    INT_PUERTOB
0080   180B           00217         btfsc   INTCON,RBIF
0081   2???           00218         goto    INT_PUERTOB1
                      00219 
                      00220 ;}
                      00221         ;---FIN VERIFICACION---
                      00222 
                      00223 ;-----INTERRUPCION POR PUERTO B-------
0082                  00224 INT_PUERTOB
                      00225         
0082                  00226 ANTIREBOTE_INT
0082   2???           00227         call    delay_10ms ;Hago delay para esperar a que pase el rebote
0083   2???           00228         call    delay_10ms
0084                  00229 PROBANDO_RB0
0084   1806           00230         btfsc   PORTB, 0        ;Testeo el bit RB0, si se dejo de pulsar el boton bajara a cero
0085   2???           00231         goto    PROBANDO_RB0
0086   2???           00232         call    delay_10ms
0087   2???           00233         call    delay_10ms      ;Una vez que se dejo de presionar el boton, hago un delay de 10 ms para 
                            que pase el rebote.
                      00234 
0088   108B           00235         bcf             INTCON, INTF
                      00236         ;bcf            INTCON, INTE    
0089   1A29           00237         btfsc   FLAGS, Comenzo
008A   16A9           00238         bsf             FLAGS, RESETER
008B   1629           00239         bsf             FLAGS, Comenzo
008C   100B           00240         bcf             INTCON, RBIF
008D   110B           00241         bcf     INTCON, T0IF
008E   0009           00242         retfie
                      00243         ;---ANTIREBOTE POR SOFTWARE DE LOS PULSADORES-----      
                      00244 
008F                  00245 INT_PUERTOB1
008F                  00246 ANTIREBOTE_RB
                      00247 ;{
008F   2???           00248         call    delay_10ms
0090   2???           00249         call    delay_10ms ;Espero 10ms a que pase el rebote
0091   0806           00250         movf    PORTB, 0        ;muevo el puerto B a w
0092   39F0           00251         andlw   0xF0    ;Hago and con los bits que me importan y los guardo
0093   00AA           00252         movwf   Valor_aux ;Esta es la variable que utilizo en la rutina para comparar
MPASM  5.37                     PIC_SIMON.ASM   6-21-2016  1:44:11         PAGE  6


LOC  OBJECT CODE     LINE SOURCE TEXT
  VALUE

0094   0088           00253         movwf   PORTD
0095   19A9           00254         btfsc   FLAGS, Crear
0096   2???           00255         call    CREAR_RANDOM
                      00256 
0097                  00257 PROBANDO_RB
0097   0806           00258         movf    PORTB, 0        ;Prendemos el led que se pulsa
0098   39F0           00259         andlw   0xF0    ;Hago AND a los bits que me interesan
0099   1D03           00260         btfss   STATUS, Z       ;Si todos los bits estan en cero significa que se dejo de pulsar
009A   2???           00261         goto    PROBANDO_RB     ;Sino, sigo probando hasta que se deje de pulsar el boton
009B   2???           00262         call    delay_10ms
009C   2???           00263         call    delay_10ms      ;Hago un delay por el rebote de soltar el pulsador
009D   0188           00264         clrf    PORTD
                      00265 ;}
                      00266 
                      00267         ;-----FIN ANTIREBOTE POR SOFTWARE-----
                      00268 ;{
                      00269         ;----Comienzo de Rutina de Interrupcion por PUERTO B----        
                      00270 
009E   0800           00271         movf    INDF,0                  ;MUEVO EL VALOR AL QUE PUNTA FSR A W
009F   2???           00272         call    TABLA                   
00A0   062A           00273         xorwf   Valor_aux, 0    ;tengo que ver si el valor que pulso es el que deberia pulsar
00A1   1D03           00274         btfss   STATUS,Z                ;SI EL XOR DA 0 ES PORQUE SON IGUALES, ENTONCES PULSO BIEN
00A2   2???           00275         goto    Levanto_flag_perdio;SI NO DA EL BIT Z DE STATUS DA 0 ENTONCES PERDIO
00A3   2???           00276         goto    SIG
                      00277 
                      00278 ;En el bloque SIG, verifico si ya pulso todos o debe seguir pulsando
00A4                  00279 SIG
00A4   0BA3           00280         decfsz  Contador, 1
00A5   2???           00281         goto    No_Llego_Cero
00A6   2???           00282         goto    Llego_Cero
                      00283 
                      00284 ;EL CONTADOR NO LLEGO A CERO, EL JUGADOR DEBE CONTINUAR CON LA SECUENCIA
00A7                  00285 No_Llego_Cero
00A7   0A84           00286         incf    FSR,1   ;AUMENTO FSR ASI EN LA SIGUIENTE PULSACION VERIFICO CORRECTAMENTE
00A8   100B           00287         bcf             INTCON,RBIF
00A9   108B           00288         bcf             INTCON,INTF
00AA   0009           00289         retfie
                      00290 
                      00291 ;---EL CONTADOR LLEGO A CERO, ACA DEBO CONTROLAR SI YA GANO 
                      00292 ;O HAY QUE MOSTRAR UNA NUEVA SECUENCIA----
00AB                  00293 Llego_Cero
00AB   0AA1           00294         incf SCORE, 1   ;Aumento uno al score
00AC   302B           00295         movlw   Primer_valor
00AD   0084           00296         movwf   FSR     
00AE   0822           00297         movf    Numero_de_valores_de_secuencia,0
00AF   0624           00298         xorwf   Contador_Aux, 0
00B0   1903           00299         btfsc   STATUS,Z        ;verifico si ya gano haciendo un xor con la cantidad de valores
00B1   2???           00300         goto    Levanto_bandera_gano
00B2   15A9           00301         bsf             FLAGS,Crear
00B3   14A9           00302         bsf             FLAGS,Proximo ;Seteo la bandera de proximo para que el programa sepa que debe mo
                            strar la siguiente secuencia
00B4   2???           00303         call    delay_100ms
00B5   2???           00304         call    delay_100ms
MPASM  5.37                     PIC_SIMON.ASM   6-21-2016  1:44:11         PAGE  7


LOC  OBJECT CODE     LINE SOURCE TEXT
  VALUE

00B6   2???           00305         call    delay_100ms
00B7   100B           00306         bcf             INTCON,RBIF
00B8   108B           00307         bcf             INTCON,INTF
00B9   0009           00308         retfie
                      00309 
                      00310 
                      00311         ;----LEVANTAMIENTO DE BANDERAS DE GANO O PERDIO-----
00BA                  00312 Levanto_bandera_gano 
00BA   1529           00313         bsf             FLAGS,Gano ;Se levanta el flag de la bandera que gano
00BB   100B           00314         bcf             INTCON,RBIF
00BC   108B           00315         bcf             INTCON,INTF
00BD   0009           00316         retfie
                      00317 
                      00318         
00BE                  00319 Levanto_flag_perdio
                      00320 
00BE   1429           00321         bsf     FLAGS,Perdio ;LEVANTO EL FLAG YA QUE PERDIO
00BF   100B           00322         bcf             INTCON,RBIF
00C0   108B           00323         bcf             INTCON,INTF     
00C1   0009           00324         retfie;}
                      00325         ;------ FIN LEVANTAMIENTO DE BANDERAS----------------
                      00326 ;---------FIN INTERRUPCIONES PUERTO B---------
                      00327 
                      00328 
                      00329 ;-----FIN INTERRUPCIONES---------
                      00330 
                      00331 ;---TABLA DE VALORES PARA LOS LEDS----
                      00332 
00C2                  00333 TABLA
                      00334 ;{
00C2   0782           00335         addwf   PCL,1
00C3   3480           00336         retlw   b'10000000'
00C4   3440           00337         retlw   b'01000000'
00C5   3420           00338         retlw   b'00100000'
00C6   3410           00339         retlw   b'00010000'
                      00340 
                      00341 ;}
                      00342 ;-------FIN TABLA---------------
                      00343 
                      00344 
                      00345 ;---Retardo por software de 10ms----
                      00346 
00C7                  00347 delay_10ms      
                      00348 ;{
00C7   3014           00349         movlw   .20
00C8   00A6           00350         movwf   DELAY2
00C9                  00351 BUCLE2
00C9   307C           00352         movlw   .124
00CA   00A5           00353         movwf   DELAY1
00CB                  00354 BUCLE1
00CB   0000           00355         nop
00CC   0BA5           00356         decfsz  DELAY1, 1
00CD   2???           00357         goto    BUCLE1
MPASM  5.37                     PIC_SIMON.ASM   6-21-2016  1:44:11         PAGE  8


LOC  OBJECT CODE     LINE SOURCE TEXT
  VALUE

00CE   0BA6           00358         decfsz  DELAY2, 1
00CF   2???           00359         goto    BUCLE2
00D0   0008           00360         return          ;La formula del delay es R=[(4X)+4]Y+1 donde X=124 e Y=20.
                      00361 ;}
                      00362 ;---Retardo por software de 100ms----
                      00363 
00D1                  00364 delay_100ms     
                      00365 ;{
00D1   30C8           00366         movlw   .200
00D2   00A6           00367         movwf   DELAY2
00D3                  00368 BUCLE2_100
00D3   307C           00369         movlw   .124
00D4   00A5           00370         movwf   DELAY1
00D5                  00371 BUCLE1_100
00D5   0000           00372         nop
00D6   0BA5           00373         decfsz  DELAY1, 1
00D7   2???           00374         goto    BUCLE1_100
00D8   0BA6           00375         decfsz  DELAY2, 1
00D9   2???           00376         goto    BUCLE2_100
00DA   0008           00377         return          ;La formula del delay es R=[(4X)+4]Y+1 donde X=124 e Y=20.
                      00378 ;}
                      00379 ;--------FIN RETARDO--------------
                      00380 
00DB                  00381 CREAR_RANDOM
00DB   0828           00382         movf    Puntero,0
00DC   0084           00383         movwf   FSR
00DD   0827           00384         movf    Random,0
00DE   3903           00385         andlw   b'00000011'
00DF   0080           00386         movwf   INDF
00E0   302B           00387         movlw   Primer_valor
00E1   0084           00388         movwf   FSR
00E2   0AA8           00389         incf    Puntero,1
00E3   11A9           00390         bcf             FLAGS,Crear
00E4   0008           00391         return
                      00392 
                      00393 ;-------------------------
00E5                  00394 Configuracion_Puerto_Serie
                      00395 ;-------------------------
00E5   1683 1303      00396         banksel TRISC
Message[302]: Register in operand not in bank 0.  Ensure that bank bits are correct.
00E7   1307           00397         bcf     TRISC, 6        ;RC6/TX/CK = output
Message[302]: Register in operand not in bank 0.  Ensure that bank bits are correct.
00E8   1787           00398         bsf             TRISC, 7        ;RC7/RX/DT = input
                      00399 
00E9   1683 1703      00400         banksel BAUDCTL 
Message[302]: Register in operand not in bank 0.  Ensure that bank bits are correct.
00EB   1187           00401         bcf     BAUDCTL, BRG16  ;16-bit BAUD Rate Generator is used.
                      00402         
00EC   1683 1303      00403         banksel SPBRG
00EE   3033           00404         movlw   .51     ;baud rate = 38400 ---> Esto seguro hay que modificarlo.
                      00405                                 ;(Fosc/(4*(SPBRG+1))) Error + 0.16%
Message[302]: Register in operand not in bank 0.  Ensure that bank bits are correct.
00EF   0099           00406         movwf   SPBRG
MPASM  5.37                     PIC_SIMON.ASM   6-21-2016  1:44:11         PAGE  9


LOC  OBJECT CODE     LINE SOURCE TEXT
  VALUE

Message[302]: Register in operand not in bank 0.  Ensure that bank bits are correct.
00F0   019A           00407         clrf    SPBRGH
                      00408 
00F1   1683 1303      00409         banksel TXSTA
Message[302]: Register in operand not in bank 0.  Ensure that bank bits are correct.
00F3   1318           00410         bcf     TXSTA, TX9      ;Data is 8-bit wide
Message[302]: Register in operand not in bank 0.  Ensure that bank bits are correct.
00F4   1698           00411         bsf     TXSTA, TXEN     ;Data transmission enabled      
Message[302]: Register in operand not in bank 0.  Ensure that bank bits are correct.
00F5   1218           00412         bcf     TXSTA, SYNC     ;Asynchronous mode
Message[302]: Register in operand not in bank 0.  Ensure that bank bits are correct.
00F6   1518           00413         bsf     TXSTA, BRGH     ;High-speed baud rate
                      00414         
00F7   1283 1303      00415         banksel RCSTA
00F9   1798           00416         bsf     RCSTA, SPEN     ;RX/DT and TX/CK outputs configuration
00FA   1318           00417         bcf     RCSTA, RX9      ;Select mode for 8-bit data receive
00FB   1618           00418         bsf     RCSTA, CREN     ;Receive data enabled
00FC   1198           00419         bcf             RCSTA, ADDEN    ;No address detection, ninth bit 
                      00420                                                 ;might be used as parity bit
00FD   081A           00421         movf    RCREG, 0        ;cleared RCIF bit
                      00422 
00FE   1683 1703      00423         banksel BAUDCTL
Message[302]: Register in operand not in bank 0.  Ensure that bank bits are correct.
0100   1207           00424         bcf     BAUDCTL, SCKP ;unset inverted mode
                      00425 
0101   1283           00426         bcf     STATUS, RP0
0102   1303           00427         bcf     STATUS, RP1
                      00428         
0103   0008           00429         return
                      00430 
                      00431 
                      00432 
28D1 3EFF             00433         end
MPASM  5.37                     PIC_SIMON.ASM   6-21-2016  1:44:11         PAGE 10


SYMBOL TABLE
  LABEL                             VALUE 

ABDEN                             00000000
ABDOVF                            00000007
ACKDT                             00000005
ACKEN                             00000004
ACKSTAT                           00000006
ADCON0                            0000001F
ADCON1                            0000009F
ADCS0                             00000006
ADCS1                             00000007
ADDEN                             00000003
ADFM                              00000007
ADIE                              00000006
ADIF                              00000006
ADON                              00000000
ADRESH                            0000001E
ADRESL                            0000009E
ANS0                              00000000
ANS1                              00000001
ANS10                             00000002
ANS11                             00000003
ANS12                             00000004
ANS13                             00000005
ANS2                              00000002
ANS3                              00000003
ANS4                              00000004
ANS5                              00000005
ANS6                              00000006
ANS7                              00000007
ANS8                              00000000
ANS9                              00000001
ANSEL                             00000188
ANSELH                            00000189
ANTIREBOTE_INT                    00000082
ANTIREBOTE_RB                     0000008F
BAUDCTL                           00000187
BCLIE                             00000003
BCLIF                             00000003
BF                                00000000
BRG0                              00000000
BRG1                              00000001
BRG10                             00000002
BRG11                             00000003
BRG12                             00000004
BRG13                             00000005
BRG14                             00000006
BRG15                             00000007
BRG16                             00000003
BRG2                              00000002
BRG3                              00000003
BRG4                              00000004
BRG5                              00000005
BRG6                              00000006
BRG7                              00000007
MPASM  5.37                     PIC_SIMON.ASM   6-21-2016  1:44:11         PAGE 11


SYMBOL TABLE
  LABEL                             VALUE 

BRG8                              00000000
BRG9                              00000001
BRGH                              00000002
BUCLE1                            000000CB
BUCLE1_100                        000000D5
BUCLE2                            000000C9
BUCLE2_100                        000000D3
C                                 00000000
C1CH0                             00000000
C1CH1                             00000001
C1IE                              00000005
C1IF                              00000005
C1OE                              00000005
C1ON                              00000007
C1OUT                             00000006
C1POL                             00000004
C1R                               00000002
C1RSEL                            00000005
C1SEN                             00000005
C2CH0                             00000000
C2CH1                             00000001
C2IE                              00000006
C2IF                              00000006
C2OE                              00000005
C2ON                              00000007
C2OUT                             00000006
C2POL                             00000004
C2R                               00000002
C2REN                             00000004
C2RSEL                            00000004
C2SYNC                            00000000
CCP1CON                           00000017
CCP1IE                            00000002
CCP1IF                            00000002
CCP1M0                            00000000
CCP1M1                            00000001
CCP1M2                            00000002
CCP1M3                            00000003
CCP1X                             00000005
CCP1Y                             00000004
CCP2CON                           0000001D
CCP2IE                            00000000
CCP2IF                            00000000
CCP2M0                            00000000
CCP2M1                            00000001
CCP2M2                            00000002
CCP2M3                            00000003
CCP2X                             00000005
CCP2Y                             00000004
CCPR1H                            00000016
CCPR1L                            00000015
CCPR2H                            0000001C
CCPR2L                            0000001B
MPASM  5.37                     PIC_SIMON.ASM   6-21-2016  1:44:11         PAGE 12


SYMBOL TABLE
  LABEL                             VALUE 

CFG                               00000055
CHS0                              00000002
CHS1                              00000003
CHS2                              00000004
CHS3                              00000005
CKE                               00000006
CKP                               00000004
CM1CON0                           00000107
CM2CON0                           00000108
CM2CON1                           00000109
CREAR_RANDOM                      000000DB
CREN                              00000004
CSRC                              00000007
Comenzo                           00000004
Configuracion_Puerto_Serie        000000E5
Contador                          00000023
Contador_Aux                      00000024
Crear                             00000003
D                                 00000005
DATA_ADDRESS                      00000005
DC                                00000001
DC1B0                             00000004
DC1B1                             00000005
DC2B0                             00000004
DC2B1                             00000005
DELAY1                            00000025
DELAY2                            00000026
D_A                               00000005
ECCPAS                            0000009C
ECCPAS0                           00000004
ECCPAS1                           00000005
ECCPAS2                           00000006
ECCPASE                           00000007
EEADR                             0000010D
EEADRH                            0000010F
EECON1                            0000018C
EECON2                            0000018D
EEDAT                             0000010C
EEDATA                            0000010C
EEDATH                            0000010E
EEIE                              00000004
EEIF                              00000004
EEPGD                             00000007
Espero                            00000014
F                                 00000001
FERR                              00000002
FLAGS                             00000029
FSR                               00000004
FVREN                             00000000
GANO_JUEGO                        00000032
GCEN                              00000007
GIE                               00000007
GO                                00000001
MPASM  5.37                     PIC_SIMON.ASM   6-21-2016  1:44:11         PAGE 13


SYMBOL TABLE
  LABEL                             VALUE 

GO_DONE                           00000001
Gano                              00000002
HTS                               00000002
I2C_DATA                          00000005
I2C_READ                          00000002
I2C_START                         00000003
I2C_STOP                          00000004
INDF                              00000000
INICIO                            00000005
INTCON                            0000000B
INTE                              00000004
INTEDG                            00000006
INTERRUPCION                      0000007E
INTF                              00000001
INT_PUERTOB                       00000082
INT_PUERTOB1                      0000008F
IOCB                              00000096
IOCB0                             00000000
IOCB1                             00000001
IOCB2                             00000002
IOCB3                             00000003
IOCB4                             00000004
IOCB5                             00000005
IOCB6                             00000006
IOCB7                             00000007
IRCF0                             00000004
IRCF1                             00000005
IRCF2                             00000006
IRP                               00000007
LTS                               00000001
Levanto_bandera_gano              000000BA
Levanto_flag_perdio               000000BE
Llego_Cero                        000000AB
MAIN                              00000009
MAX_VAL                           0000003C
MC1OUT                            00000007
MC2OUT                            00000006
MSK                               00000093
Mostrar_Secuencia                 0000003D
NOT_A                             00000005
NOT_ADDRESS                       00000005
NOT_BO                            00000000
NOT_BOR                           00000000
NOT_DONE                          00000001
NOT_PD                            00000003
NOT_POR                           00000001
NOT_RBPU                          00000007
NOT_RC8                           00000006
NOT_T1SYNC                        00000002
NOT_TO                            00000004
NOT_TX8                           00000006
NOT_W                             00000002
NOT_WRITE                         00000002
MPASM  5.37                     PIC_SIMON.ASM   6-21-2016  1:44:11         PAGE 14


SYMBOL TABLE
  LABEL                             VALUE 

No_Llego_Cero                     000000A7
Numero_de_valores_de_secuencia    00000022
OERR                              00000001
OPTION_REG                        00000081
OSCCON                            0000008F
OSCTUNE                           00000090
OSFIE                             00000007
OSFIF                             00000007
OSTS                              00000003
P                                 00000004
P1M0                              00000006
P1M1                              00000007
PCL                               00000002
PCLATH                            0000000A
PCON                              0000008E
PDC0                              00000000
PDC1                              00000001
PDC2                              00000002
PDC3                              00000003
PDC4                              00000004
PDC5                              00000005
PDC6                              00000006
PEIE                              00000006
PEN                               00000002
PERDIO_JUEGO                      00000027
PIE1                              0000008C
PIE2                              0000008D
PIR1                              0000000C
PIR2                              0000000D
PORTA                             00000005
PORTB                             00000006
PORTC                             00000007
PORTD                             00000008
PORTE                             00000009
PR2                               00000092
PROBANDO_RB                       00000097
PROBANDO_RB0                      00000084
PRSEN                             00000007
PS0                               00000000
PS1                               00000001
PS2                               00000002
PSA                               00000003
PSSAC0                            00000002
PSSAC1                            00000003
PSSBD0                            00000000
PSSBD1                            00000001
PSTRCON                           0000009D
PULSR                             00000002
PULSS                             00000003
PWM1CON                           0000009B
Perdio                            00000000
Primer_valor                      0000002B
Proximo                           00000001
MPASM  5.37                     PIC_SIMON.ASM   6-21-2016  1:44:11         PAGE 15


SYMBOL TABLE
  LABEL                             VALUE 

Puntero                           00000028
R                                 00000002
RBIE                              00000003
RBIF                              00000000
RC8_9                             00000006
RC9                               00000006
RCD8                              00000000
RCEN                              00000003
RCIDL                             00000006
RCIE                              00000005
RCIF                              00000005
RCREG                             0000001A
RCSTA                             00000018
RD                                00000000
READ_WRITE                        00000002
RESETER                           00000005
RESET_JUEGO                       0000001F
RP0                               00000005
RP1                               00000006
RSEN                              00000001
RX9                               00000006
RX9D                              00000000
R_W                               00000002
Random                            00000027
S                                 00000003
SBOREN                            00000004
SCKP                              00000004
SCORE                             00000021
SCS                               00000000
SEN                               00000000
SENDB                             00000003
SIG                               000000A4
SIGUIENTE_COLOR                   00000021
SMP                               00000007
SPBRG                             00000099
SPBRGH                            0000009A
SPEN                              00000007
SR0                               00000006
SR1                               00000007
SRCON                             00000185
SREN                              00000005
SSPADD                            00000093
SSPBUF                            00000013
SSPCON                            00000014
SSPCON2                           00000091
SSPEN                             00000005
SSPIE                             00000003
SSPIF                             00000003
SSPM0                             00000000
SSPM1                             00000001
SSPM2                             00000002
SSPM3                             00000003
SSPMSK                            00000093
MPASM  5.37                     PIC_SIMON.ASM   6-21-2016  1:44:11         PAGE 16


SYMBOL TABLE
  LABEL                             VALUE 

SSPOV                             00000006
SSPSTAT                           00000094
STATUS                            00000003
STRA                              00000000
STRB                              00000001
STRC                              00000002
STRD                              00000003
STRSYNC                           00000004
SWDTEN                            00000000
SYNC                              00000004
T0CS                              00000005
T0IE                              00000005
T0IF                              00000002
T0SE                              00000004
T1CKPS0                           00000004
T1CKPS1                           00000005
T1CON                             00000010
T1GIV                             00000007
T1GSS                             00000001
T1INSYNC                          00000002
T1OSCEN                           00000003
T1SYNC                            00000002
T2CKPS0                           00000000
T2CKPS1                           00000001
T2CON                             00000012
TABLA                             000000C2
TMR0                              00000001
TMR0IE                            00000005
TMR0IF                            00000002
TMR1CS                            00000001
TMR1GE                            00000006
TMR1H                             0000000F
TMR1IE                            00000000
TMR1IF                            00000000
TMR1L                             0000000E
TMR1ON                            00000000
TMR2                              00000011
TMR2IE                            00000001
TMR2IF                            00000001
TMR2ON                            00000002
TOUTPS0                           00000003
TOUTPS1                           00000004
TOUTPS2                           00000005
TOUTPS3                           00000006
TRISA                             00000085
TRISB                             00000086
TRISC                             00000087
TRISD                             00000088
TRISE                             00000089
TRMT                              00000001
TUN0                              00000000
TUN1                              00000001
TUN2                              00000002
MPASM  5.37                     PIC_SIMON.ASM   6-21-2016  1:44:11         PAGE 17


SYMBOL TABLE
  LABEL                             VALUE 

TUN3                              00000003
TUN4                              00000004
TX8_9                             00000006
TX9                               00000006
TX9D                              00000000
TXD8                              00000000
TXEN                              00000005
TXIE                              00000004
TXIF                              00000004
TXREG                             00000019
TXSTA                             00000098
UA                                00000001
ULPWUE                            00000005
ULPWUIE                           00000002
ULPWUIF                           00000002
VCFG0                             00000004
VCFG1                             00000005
VR0                               00000000
VR1                               00000001
VR2                               00000002
VR3                               00000003
VRCON                             00000097
VREN                              00000007
VROE                              00000006
VRR                               00000005
VRSS                              00000004
Valor_aux                         0000002A
Volver_Hacerlo                    00000041
W                                 00000000
WCOL                              00000007
WDTCON                            00000105
WDTPS0                            00000001
WDTPS1                            00000002
WDTPS2                            00000003
WDTPS3                            00000004
WPUB                              00000095
WPUB0                             00000000
WPUB1                             00000001
WPUB2                             00000002
WPUB3                             00000003
WPUB4                             00000004
WPUB5                             00000005
WPUB6                             00000006
WPUB7                             00000007
WR                                00000001
WREN                              00000002
WRERR                             00000003
WUE                               00000001
Z                                 00000002
_.org_1_0031                      00000031
_.org_1_003C                      0000003C
_BOR21V                           00003EFF
_BOR40V                           00003FFF
MPASM  5.37                     PIC_SIMON.ASM   6-21-2016  1:44:11         PAGE 18


SYMBOL TABLE
  LABEL                             VALUE 

_BOR_NSLEEP                       00003EFF
_BOR_OFF                          00003CFF
_BOR_ON                           00003FFF
_BOR_SBODEN                       00003DFF
_CONFIG1                          00002007
_CONFIG2                          00002008
_CPD_OFF                          00003FFF
_CPD_ON                           00003F7F
_CP_OFF                           00003FFF
_CP_ON                            00003FBF
_DEBUG_OFF                        00003FFF
_DEBUG_ON                         00001FFF
_EC_OSC                           00003FFB
_EXTRC                            00003FFF
_EXTRCIO                          00003FFE
_EXTRC_OSC_CLKOUT                 00003FFF
_EXTRC_OSC_NOCLKOUT               00003FFE
_FCMEN_OFF                        000037FF
_FCMEN_ON                         00003FFF
_HS_OSC                           00003FFA
_IESO_OFF                         00003BFF
_IESO_ON                          00003FFF
_INTOSC                           00003FFD
_INTOSCIO                         00003FFC
_INTRC_OSC_CLKOUT                 00003FFD
_INTRC_OSC_NOCLKOUT               00003FFC
_LP_OSC                           00003FF8
_LVP_OFF                          00002FFF
_LVP_ON                           00003FFF
_MCLRE_OFF                        00003FDF
_MCLRE_ON                         00003FFF
_PWRTE_OFF                        00003FFF
_PWRTE_ON                         00003FEF
_WDT_OFF                          00003FF7
_WDT_ON                           00003FFF
_WRT_1FOURTH                      00003BFF
_WRT_256                          00003DFF
_WRT_HALF                         000039FF
_WRT_OFF                          00003FFF
_XT_OSC                           00003FF9
__16F887                          00000001
delay_100ms                       000000D1
delay_10ms                        000000C7

Errors   :     0
Warnings :     1 reported,     0 suppressed
Messages :    17 reported,     0 suppressed

