MPLINK 4.37, Linker
Linker Map File - Created Wed Jun 01 20:41:55 2016

                                 Section Info
                  Section       Type    Address   Location Size(Bytes)
                ---------  ---------  ---------  ---------  ---------
                   .org_0       code   0x000000    program   0x000000
                   .org_1       code   0x000000    program   0x000002
                   .org_2       code   0x000004    program   0x00003a



                              Program Memory Usage 
                               Start         End      
                           ---------   ---------      
                            0x000000    0x000000      
                            0x000004    0x000020      
            30 out of 8454 program addresses used, program memory utilization is 0%



                              Symbols - Sorted by Name
                     Name    Address   Location    Storage File                     
                ---------  ---------  ---------  --------- ---------                
                      CFG   0x000008    program     static D:\Usuario\Documents\Facultad\Electronica Digital II\Simon\PRUEBA_LED.ASM
                   ESPERA   0x000006    program     static D:\Usuario\Documents\Facultad\Electronica Digital II\Simon\PRUEBA_LED.ASM
                   INICIO   0x000005    program     static D:\Usuario\Documents\Facultad\Electronica Digital II\Simon\PRUEBA_LED.ASM
             INTERRUPCION   0x000016    program     static D:\Usuario\Documents\Facultad\Electronica Digital II\Simon\PRUEBA_LED.ASM
                  INT_RB0   0x00001b    program     static D:\Usuario\Documents\Facultad\Electronica Digital II\Simon\PRUEBA_LED.ASM



                              Symbols - Sorted by Address
                     Name    Address   Location    Storage File                     
                ---------  ---------  ---------  --------- ---------                
                   INICIO   0x000005    program     static D:\Usuario\Documents\Facultad\Electronica Digital II\Simon\PRUEBA_LED.ASM
                   ESPERA   0x000006    program     static D:\Usuario\Documents\Facultad\Electronica Digital II\Simon\PRUEBA_LED.ASM
                      CFG   0x000008    program     static D:\Usuario\Documents\Facultad\Electronica Digital II\Simon\PRUEBA_LED.ASM
             INTERRUPCION   0x000016    program     static D:\Usuario\Documents\Facultad\Electronica Digital II\Simon\PRUEBA_LED.ASM
                  INT_RB0   0x00001b    program     static D:\Usuario\Documents\Facultad\Electronica Digital II\Simon\PRUEBA_LED.ASM


