MPLINK 4.37, Linker
Linker Map File - Created Tue Jun 07 22:46:15 2016

                                 Section Info
                  Section       Type    Address   Location Size(Bytes)
                ---------  ---------  ---------  ---------  ---------
                   .org_0       code   0x000000    program   0x000000
                   .org_1       code   0x000000    program   0x000002
                   .org_2       code   0x000004    program   0x0001da



                              Program Memory Usage 
                               Start         End      
                           ---------   ---------      
                            0x000000    0x000000      
                            0x000004    0x0000f0      
            238 out of 8454 program addresses used, program memory utilization is 2%



                              Symbols - Sorted by Name
                     Name    Address   Location    Storage File                     
                ---------  ---------  ---------  --------- ---------                
            ANTIREBOTE_RB   0x00005d    program     static D:\Usuario\Documents\Facultad\Electronica Digital II\Simon\SIMON_FINAL_noaandaspuertoc.asm
                   BUCLE1   0x0000eb    program     static D:\Usuario\Documents\Facultad\Electronica Digital II\Simon\SIMON_FINAL_noaandaspuertoc.asm
                   BUCLE2   0x0000e9    program     static D:\Usuario\Documents\Facultad\Electronica Digital II\Simon\SIMON_FINAL_noaandaspuertoc.asm
                Bajo_Cont   0x0000e0    program     static D:\Usuario\Documents\Facultad\Electronica Digital II\Simon\SIMON_FINAL_noaandaspuertoc.asm
                    Bucle   0x0000d9    program     static D:\Usuario\Documents\Facultad\Electronica Digital II\Simon\SIMON_FINAL_noaandaspuertoc.asm
                      CFG   0x000031    program     static D:\Usuario\Documents\Facultad\Electronica Digital II\Simon\SIMON_FINAL_noaandaspuertoc.asm
             ESPERO_TIMER   0x000029    program     static D:\Usuario\Documents\Facultad\Electronica Digital II\Simon\SIMON_FINAL_noaandaspuertoc.asm
                   Espero   0x000008    program     static D:\Usuario\Documents\Facultad\Electronica Digital II\Simon\SIMON_FINAL_noaandaspuertoc.asm
            FIN_INT_TIMER   0x0000c1    program     static D:\Usuario\Documents\Facultad\Electronica Digital II\Simon\SIMON_FINAL_noaandaspuertoc.asm
               GANO_JUEGO   0x000019    program     static D:\Usuario\Documents\Facultad\Electronica Digital II\Simon\SIMON_FINAL_noaandaspuertoc.asm
        Generar_Secuencia   0x0000d0    program     static D:\Usuario\Documents\Facultad\Electronica Digital II\Simon\SIMON_FINAL_noaandaspuertoc.asm
                   INICIO   0x000005    program     static D:\Usuario\Documents\Facultad\Electronica Digital II\Simon\SIMON_FINAL_noaandaspuertoc.asm
             INTERRUPCION   0x000057    program     static D:\Usuario\Documents\Facultad\Electronica Digital II\Simon\SIMON_FINAL_noaandaspuertoc.asm
              INT_PUERTOB   0x00005d    program     static D:\Usuario\Documents\Facultad\Electronica Digital II\Simon\SIMON_FINAL_noaandaspuertoc.asm
                INT_TIMER   0x000087    program     static D:\Usuario\Documents\Facultad\Electronica Digital II\Simon\SIMON_FINAL_noaandaspuertoc.asm
     Levanto_bandera_gano   0x00007f    program     static D:\Usuario\Documents\Facultad\Electronica Digital II\Simon\SIMON_FINAL_noaandaspuertoc.asm
      Levanto_flag_perdio   0x000083    program     static D:\Usuario\Documents\Facultad\Electronica Digital II\Simon\SIMON_FINAL_noaandaspuertoc.asm
               Llego_Cero   0x000075    program     static D:\Usuario\Documents\Facultad\Electronica Digital II\Simon\SIMON_FINAL_noaandaspuertoc.asm
                     MAIN   0x000006    program     static D:\Usuario\Documents\Facultad\Electronica Digital II\Simon\SIMON_FINAL_noaandaspuertoc.asm
            MUESTRO_COLOR   0x0000a2    program     static D:\Usuario\Documents\Facultad\Electronica Digital II\Simon\SIMON_FINAL_noaandaspuertoc.asm
        Mostrar_Secuencia   0x00001b    program     static D:\Usuario\Documents\Facultad\Electronica Digital II\Simon\SIMON_FINAL_noaandaspuertoc.asm
            No_Llego_Cero   0x000071    program     static D:\Usuario\Documents\Facultad\Electronica Digital II\Simon\SIMON_FINAL_noaandaspuertoc.asm
             PERDIO_JUEGO   0x000017    program     static D:\Usuario\Documents\Facultad\Electronica Digital II\Simon\SIMON_FINAL_noaandaspuertoc.asm
              PROBANDO_RB   0x000062    program     static D:\Usuario\Documents\Facultad\Electronica Digital II\Simon\SIMON_FINAL_noaandaspuertoc.asm
                      SIG   0x00006e    program     static D:\Usuario\Documents\Facultad\Electronica Digital II\Simon\SIMON_FINAL_noaandaspuertoc.asm
          SIGUIENTE_COLOR   0x000011    program     static D:\Usuario\Documents\Facultad\Electronica Digital II\Simon\SIMON_FINAL_noaandaspuertoc.asm
                    TABLA   0x0000cb    program     static D:\Usuario\Documents\Facultad\Electronica Digital II\Simon\SIMON_FINAL_noaandaspuertoc.asm
               delay_10ms   0x0000e7    program     static D:\Usuario\Documents\Facultad\Electronica Digital II\Simon\SIMON_FINAL_noaandaspuertoc.asm



                              Symbols - Sorted by Address
                     Name    Address   Location    Storage File                     
                ---------  ---------  ---------  --------- ---------                
                   INICIO   0x000005    program     static D:\Usuario\Documents\Facultad\Electronica Digital II\Simon\SIMON_FINAL_noaandaspuertoc.asm
                     MAIN   0x000006    program     static D:\Usuario\Documents\Facultad\Electronica Digital II\Simon\SIMON_FINAL_noaandaspuertoc.asm
                   Espero   0x000008    program     static D:\Usuario\Documents\Facultad\Electronica Digital II\Simon\SIMON_FINAL_noaandaspuertoc.asm
          SIGUIENTE_COLOR   0x000011    program     static D:\Usuario\Documents\Facultad\Electronica Digital II\Simon\SIMON_FINAL_noaandaspuertoc.asm
             PERDIO_JUEGO   0x000017    program     static D:\Usuario\Documents\Facultad\Electronica Digital II\Simon\SIMON_FINAL_noaandaspuertoc.asm
               GANO_JUEGO   0x000019    program     static D:\Usuario\Documents\Facultad\Electronica Digital II\Simon\SIMON_FINAL_noaandaspuertoc.asm
        Mostrar_Secuencia   0x00001b    program     static D:\Usuario\Documents\Facultad\Electronica Digital II\Simon\SIMON_FINAL_noaandaspuertoc.asm
             ESPERO_TIMER   0x000029    program     static D:\Usuario\Documents\Facultad\Electronica Digital II\Simon\SIMON_FINAL_noaandaspuertoc.asm
                      CFG   0x000031    program     static D:\Usuario\Documents\Facultad\Electronica Digital II\Simon\SIMON_FINAL_noaandaspuertoc.asm
             INTERRUPCION   0x000057    program     static D:\Usuario\Documents\Facultad\Electronica Digital II\Simon\SIMON_FINAL_noaandaspuertoc.asm
              INT_PUERTOB   0x00005d    program     static D:\Usuario\Documents\Facultad\Electronica Digital II\Simon\SIMON_FINAL_noaandaspuertoc.asm
            ANTIREBOTE_RB   0x00005d    program     static D:\Usuario\Documents\Facultad\Electronica Digital II\Simon\SIMON_FINAL_noaandaspuertoc.asm
              PROBANDO_RB   0x000062    program     static D:\Usuario\Documents\Facultad\Electronica Digital II\Simon\SIMON_FINAL_noaandaspuertoc.asm
                      SIG   0x00006e    program     static D:\Usuario\Documents\Facultad\Electronica Digital II\Simon\SIMON_FINAL_noaandaspuertoc.asm
            No_Llego_Cero   0x000071    program     static D:\Usuario\Documents\Facultad\Electronica Digital II\Simon\SIMON_FINAL_noaandaspuertoc.asm
               Llego_Cero   0x000075    program     static D:\Usuario\Documents\Facultad\Electronica Digital II\Simon\SIMON_FINAL_noaandaspuertoc.asm
     Levanto_bandera_gano   0x00007f    program     static D:\Usuario\Documents\Facultad\Electronica Digital II\Simon\SIMON_FINAL_noaandaspuertoc.asm
      Levanto_flag_perdio   0x000083    program     static D:\Usuario\Documents\Facultad\Electronica Digital II\Simon\SIMON_FINAL_noaandaspuertoc.asm
                INT_TIMER   0x000087    program     static D:\Usuario\Documents\Facultad\Electronica Digital II\Simon\SIMON_FINAL_noaandaspuertoc.asm
            MUESTRO_COLOR   0x0000a2    program     static D:\Usuario\Documents\Facultad\Electronica Digital II\Simon\SIMON_FINAL_noaandaspuertoc.asm
            FIN_INT_TIMER   0x0000c1    program     static D:\Usuario\Documents\Facultad\Electronica Digital II\Simon\SIMON_FINAL_noaandaspuertoc.asm
                    TABLA   0x0000cb    program     static D:\Usuario\Documents\Facultad\Electronica Digital II\Simon\SIMON_FINAL_noaandaspuertoc.asm
        Generar_Secuencia   0x0000d0    program     static D:\Usuario\Documents\Facultad\Electronica Digital II\Simon\SIMON_FINAL_noaandaspuertoc.asm
                    Bucle   0x0000d9    program     static D:\Usuario\Documents\Facultad\Electronica Digital II\Simon\SIMON_FINAL_noaandaspuertoc.asm
                Bajo_Cont   0x0000e0    program     static D:\Usuario\Documents\Facultad\Electronica Digital II\Simon\SIMON_FINAL_noaandaspuertoc.asm
               delay_10ms   0x0000e7    program     static D:\Usuario\Documents\Facultad\Electronica Digital II\Simon\SIMON_FINAL_noaandaspuertoc.asm
                   BUCLE2   0x0000e9    program     static D:\Usuario\Documents\Facultad\Electronica Digital II\Simon\SIMON_FINAL_noaandaspuertoc.asm
                   BUCLE1   0x0000eb    program     static D:\Usuario\Documents\Facultad\Electronica Digital II\Simon\SIMON_FINAL_noaandaspuertoc.asm


