MPASM  5.37   SIMON_FINAL_NOAANDASPUERTOC.ASM   6-8-2016  18:37:47         PAGE  1


LOC  OBJECT CODE     LINE SOURCE TEXT
  VALUE

                      00001         list p=16f887
                      00002         INCLUDE "p16F887.inc"
                      00001         LIST
                      00002 ; P16F887.INC  Standard Header File, Version 1.00    Microchip Technology, Inc.
                      00617         LIST
                      00003         CBLOCK 0x21
  00000021            00004         Cont_Sec
  00000022            00005         Cont_Sec1
  00000023            00006         Numero_de_valores_de_secuencia
  00000024            00007         Contador
  00000025            00008         Contador_Aux
  00000026            00009         DELAY1
  00000027            00010         DELAY2
  00000028            00011         Random
  00000029            00012         Puntero
  0000002A            00013         FLAGS
  0000002B            00014         Valor_aux
  0000002C            00015         Primer_valor 
                      00016         endc
  00000000            00017 Perdio  EQU 0
  00000001            00018 Proximo EQU 1
  00000002            00019 Gano    EQU 2
  00000003            00020 Crear   EQU     3
  00000004            00021 Comenzo EQU 4
  00000008            00022 MAX_VAL EQU .8
0000                  00023         org     0x00
0000   2805           00024         goto    INICIO
0004                  00025         org     0x04
0004   2864           00026         goto    INTERRUPCION
                      00027         ;SOMOS GRUPO 18
0005                  00028 INICIO
                      00029 
0005   203B           00030         call    CFG
0006   3008           00031         movlw   MAX_VAL
0007   00A3           00032         movwf   Numero_de_valores_de_secuencia
0008                  00033 MAIN
                      00034         ;call   Generar_Secuencia       
0008   0AA8           00035         incf    Random, 1
0009   1E2A           00036         btfss   FLAGS, Comenzo  ;Cuando viene interrupcion por RB0 setea el FLAG
000A   2808           00037         goto    MAIN
000B   0828           00038         movf    Random, 0
000C   3903           00039         andlw   b'00000011'
000D   00AC           00040         movwf   Primer_valor
000E   2025           00041         call    Mostrar_Secuencia
000F   158B           00042         bsf     INTCON, RBIE
0010   15AA           00043         bsf     FLAGS, Crear
                      00044         
                      00045 ;----BLOQUE QUE ESPERA UNA PULSACION-----
0011                  00046 Espero
                      00047 ;{      
0011   0AA8           00048         incf    Random,1
0012   0181           00049         clrf    TMR0
0013   0064           00050         CLRWDT
MPASM  5.37   SIMON_FINAL_NOAANDASPUERTOC.ASM   6-8-2016  18:37:47         PAGE  2


LOC  OBJECT CODE     LINE SOURCE TEXT
  VALUE

0014   18AA           00051         btfsc   FLAGS,Proximo   ;Si pulso el/los color/es correcto/s, muestro la siguiente secuencia
0015   201B           00052         call    SIGUIENTE_COLOR
0016   182A           00053         btfsc   FLAGS,Perdio    ;Si le erro, perdio
0017   2821           00054         goto    PERDIO_JUEGO
0018   192A           00055         btfsc   FLAGS,Gano              ;Si gano, gano 
0019   2823           00056         goto    GANO_JUEGO
001A   2811           00057         goto    Espero;}
                      00058 
                      00059 ;----FIN BLOQUE ESPERO-----
                      00060         
                      00061 
001B                  00062 SIGUIENTE_COLOR
                      00063 ;{
001B   0AA5           00064         incf    Contador_Aux,1
001C   0825           00065         movf    Contador_Aux,0
001D   00A4           00066         movwf   Contador
001E   10AA           00067         bcf     FLAGS,Proximo
001F   2025           00068         call    Mostrar_Secuencia
0020   0008           00069         return;}
                      00070 
                      00071 
                      00072 
0021                  00073 PERDIO_JUEGO
                      00074         ;{
                      00075         ;PRENDO LED QUE MUESTRA QUE PERDIO
0021   1408           00076         bsf     PORTD,0
0022   2821           00077         goto    PERDIO_JUEGO;}
                      00078 
                      00079 
0023                  00080 GANO_JUEGO
                      00081 ;{
                      00082         ;PRENDO LED QUE MUESTRA QUE GANO
0023   1488           00083         bsf             PORTD,1
0024   2823           00084         goto    GANO_JUEGO;}
                      00085 
                      00086 
                      00087 ;MUESTRO LA SECUENCIA DE LEDS
                      00088 
                      00089         ;----MOSTRAR SECUENCIA DE COLORES----
0025                  00090 Mostrar_Secuencia
                      00091 ;{
0025   0825           00092         movf    Contador_Aux,0
0026   00A4           00093         movwf   Contador
0027   0AA4           00094         incf    Contador, 1
0028   118B           00095         bcf             INTCON,RBIE ;En este momento no se puede interrumpir el programa
0029   120B           00096         bcf             INTCON,INTE
002A   302C           00097         movlw   Primer_valor
002B   0084           00098         movwf   FSR
002C   3000           00099         movlw   .0
002D   0081           00100         movwf   TMR0
002E   168B           00101         bsf     INTCON, T0IE
002F   0800           00102         movf    INDF,0
0030   20E3           00103         call    TABLA
MPASM  5.37   SIMON_FINAL_NOAANDASPUERTOC.ASM   6-8-2016  18:37:47         PAGE  3


LOC  OBJECT CODE     LINE SOURCE TEXT
  VALUE

0031   0088           00104         movwf   PORTD
0032   0384           00105         decf    FSR,1
                      00106         
                      00107 
0033                  00108 ESPERO_TIMER ;EL BLOQUE ESPERO_TIMER HACE UN RETARDO PARA QUE EL COLOR SEA VISIBLE AL OJO
0033   0000           00109         nop
0034   1CAA           00110         btfss   FLAGS, Proximo 
0035   2833           00111         goto    ESPERO_TIMER    
0036   0188           00112         clrf    PORTD
0037   10AA           00113         bcf     FLAGS, Proximo
0038   160B           00114         bsf     INTCON, INTE ;YA PUEDO TOMAR INTERRUPCIONES POR PUERTO B
0039   158B           00115         bsf     INTCON, RBIE
003A   0008           00116         return
                      00117 ;}
                      00118         ;----FIN MOSTRAR SECUENCIA DE COLORES-----
                      00119 
                      00120 
                      00121         
                      00122 
                      00123 ;--------CONFIGURACION-------
                      00124 
003B                  00125 CFG
                      00126 ;{      
                      00127         ;Habilito los enables de las interrupciones
003B   1283 1303      00128         banksel INTCON
003D   3090           00129         movlw   b'10010000'
003E   008B           00130         movwf   INTCON
                      00131 
003F   1683 1303      00132         banksel IOCB
0041   30FE           00133         movlw   b'11111110'
Message[302]: Register in operand not in bank 0.  Ensure that bank bits are correct.
0042   0096           00134         movwf   IOCB
                      00135 
                      00136         ;Configuro timer0 para que sea temporizador interno
0043   1683 1303      00137         banksel OPTION_REG
0045   30C7           00138         movlw   b'11000111'
Message[302]: Register in operand not in bank 0.  Ensure that bank bits are correct.
0046   0081           00139         movwf   OPTION_REG ;Falta configurar PRESCALER
                      00140                 
                      00141 
                      00142         ;Configuro el puertoB como digital
0047   1683 1703      00143         banksel ANSELH
Message[302]: Register in operand not in bank 0.  Ensure that bank bits are correct.
0049   0189           00144         clrf    ANSELH
                      00145 
                      00146         ;Configurar carga al timer
004A   1283 1303      00147         banksel TMR0
004C   3000           00148         movlw   .0
004D   0081           00149         movwf   TMR0
                      00150 
004E   3001           00151         movlw   .1
004F   00A5           00152         movwf   Contador_Aux
0050   00A4           00153         movwf   Contador
MPASM  5.37   SIMON_FINAL_NOAANDASPUERTOC.ASM   6-8-2016  18:37:47         PAGE  4


LOC  OBJECT CODE     LINE SOURCE TEXT
  VALUE

                      00154         
                      00155         ;Configuro puertoB como de entrada
0051   1683 1303      00156         banksel TRISB
0053   30FF           00157         movlw   b'11111111'
Message[302]: Register in operand not in bank 0.  Ensure that bank bits are correct.
0054   0086           00158         movwf   TRISB
                      00159         
                      00160         ;Configuro PuertoC como de salida
0055   3000           00161         movlw   b'00000000'
Message[302]: Register in operand not in bank 0.  Ensure that bank bits are correct.
0056   0088           00162         movwf   TRISD
                      00163         
0057   3000           00164         movlw   b'00000000'
Message[302]: Register in operand not in bank 0.  Ensure that bank bits are correct.
0058   0088           00165         movwf   TRISD
Message[302]: Register in operand not in bank 0.  Ensure that bank bits are correct.
0059   1085           00166         bcf             TRISA,1 
                      00167         
                      00168         ;vuelvo al banco 0
005A   1283           00169         bcf     STATUS, RP0
005B   1303           00170         bcf     STATUS, RP1
                      00171         ;Limpio los puertos y el registro de banderas
005C   0188           00172         clrf    PORTD
005D   0186           00173         clrf    PORTB
005E   0188           00174         clrf    PORTD
005F   01AA           00175         clrf    FLAGS
0060   302C           00176         movlw   Primer_valor
0061   00A9           00177         movwf   Puntero
0062   0AA9           00178         incf    Puntero,1
0063   0008           00179         return
                      00180         ;}
                      00181 ;--------FIN CONFIGURACION-----------
                      00182 
                      00183 
                      00184 ;-----INTERRUPCIONES---------
                      00185 ;RUTINA DE INTERRUPCION
0064                  00186 INTERRUPCION
                      00187         ;---VERIFICACION DE DONDE VINO LA INTERRUPCION---
                      00188 ;{
0064   188B           00189         btfsc   INTCON,INTF
0065   286A           00190         goto    INT_PUERTOB
0066   180B           00191         btfsc   INTCON,RBIF
0067   2876           00192         goto    INT_PUERTOB1
0068   190B           00193         btfsc   INTCON,T0IF     
0069   28A5           00194         goto    INT_TIMER
                      00195 ;}
                      00196         ;---FIN VERIFICACION---
                      00197 
                      00198 ;-----INTERRUPCION POR PUERTO B-------
006A                  00199 INT_PUERTOB
                      00200         
006A                  00201 ANTIREBOTE_INT
006A   20FF           00202         call    delay_10ms ;Hago delay para esperar a que pase el rebote
MPASM  5.37   SIMON_FINAL_NOAANDASPUERTOC.ASM   6-8-2016  18:37:47         PAGE  5


LOC  OBJECT CODE     LINE SOURCE TEXT
  VALUE

006B   20FF           00203         call    delay_10ms
006C                  00204 PROBANDO_RB0
006C   1806           00205         btfsc   PORTB, 0        ;Testeo el bit RB0, si se dejo de pulsar el boton bajara a cero
006D   286C           00206         goto    PROBANDO_RB0
006E   20FF           00207         call    delay_10ms
006F   20FF           00208         call    delay_10ms      ;Una vez que se dejo de presionar el boton, hago un delay de 10 ms para 
                            que pase el rebote.
                      00209 
0070   108B           00210         bcf             INTCON, INTF
0071   120B           00211         bcf             INTCON, INTE    
0072   162A           00212         bsf             FLAGS, Comenzo
0073   100B           00213         bcf             INTCON, RBIF
0074   110B           00214         bcf     INTCON, T0IF
0075   0009           00215         retfie
                      00216         ;---ANTIREBOTE POR SOFTWARE DE LOS PULSADORES-----      
                      00217 
0076                  00218 INT_PUERTOB1
0076                  00219 ANTIREBOTE_RB
                      00220 ;{
0076   20FF           00221         call    delay_10ms
0077   20FF           00222         call    delay_10ms ;Espero 10ms a que pase el rebote
0078   0806           00223         movf    PORTB, 0        ;muevo el puerto B a w
0079   39F0           00224         andlw   0xF0    ;Hago and con los bits que me importan y los guardo
007A   00AB           00225         movwf   Valor_aux ;Esta es la variable que utilizo en la rutina para comparar
007B   0088           00226         movwf   PORTD
007C   19AA           00227         btfsc   FLAGS, Crear
007D   2109           00228         call    CREAR_RANDOM
                      00229 
007E                  00230 PROBANDO_RB
007E   0806           00231         movf    PORTB, 0        ;Prendemos el led que se pulsa
007F   39F0           00232         andlw   0xF0    ;Hago AND a los bits que me interesan
0080   1D03           00233         btfss   STATUS, Z       ;Si todos los bits estan en cero significa que se dejo de pulsar
0081   287E           00234         goto    PROBANDO_RB     ;Sino, sigo probando hasta que se deje de pulsar el boton
0082   20FF           00235         call    delay_10ms
0083   20FF           00236         call    delay_10ms      ;Hago un delay por el rebote de soltar el pulsador
0084   0188           00237         clrf    PORTD
                      00238 ;}
                      00239 
                      00240         ;-----FIN ANTIREBOTE POR SOFTWARE-----
                      00241 ;{
                      00242         ;----Comienzo de Rutina de Interrupcion por PUERTO B----        
                      00243 
0085   0800           00244         movf    INDF,0                  ;MUEVO EL VALOR AL QUE PUNTA FSR A W
0086   20E3           00245         call    TABLA                   
0087   062B           00246         xorwf   Valor_aux, 0    ;tengo que ver si el valor que pulso es el que deberia pulsar
0088   1D03           00247         btfss   STATUS,Z                ;SI EL XOR DA 0 ES PORQUE SON IGUALES, ENTONCES PULSO BIEN
0089   28A1           00248         goto    Levanto_flag_perdio;SI NO DA EL BIT Z DE STATUS DA 0 ENTONCES PERDIO
008A   288B           00249         goto    SIG
                      00250 
                      00251 ;En el bloque SIG, verifico si ya pulso todos o debe seguir pulsando
008B                  00252 SIG
008B   0BA4           00253         decfsz  Contador, 1
008C   288E           00254         goto    No_Llego_Cero
MPASM  5.37   SIMON_FINAL_NOAANDASPUERTOC.ASM   6-8-2016  18:37:47         PAGE  6


LOC  OBJECT CODE     LINE SOURCE TEXT
  VALUE

008D   2892           00255         goto    Llego_Cero
                      00256 
                      00257 ;EL CONTADOR NO LLEGO A CERO, EL JUGADOR DEBE CONTINUAR CON LA SECUENCIA
008E                  00258 No_Llego_Cero
008E   0A84           00259         incf    FSR,1   ;AUMENTO FSR ASI EN LA SIGUIENTE PULSACION VERIFICO CORRECTAMENTE
008F   100B           00260         bcf             INTCON,RBIF
0090   108B           00261         bcf             INTCON,INTF
0091   0009           00262         retfie
                      00263 
                      00264 ;---EL CONTADOR LLEGO A CERO, ACA DEBO CONTROLAR SI YA GANO 
                      00265 ;O HAY QUE MOSTRAR UNA NUEVA SECUENCIA----
0092                  00266 Llego_Cero
0092   302C           00267         movlw   Primer_valor
0093   0084           00268         movwf   FSR     
0094   0823           00269         movf    Numero_de_valores_de_secuencia,0
0095   0625           00270         xorwf   Contador_Aux, 0
0096   1903           00271         btfsc   STATUS,Z        ;verifico si ya gano haciendo un xor con la cantidad de valores
0097   289D           00272         goto    Levanto_bandera_gano
0098   15AA           00273         bsf             FLAGS,Crear
0099   14AA           00274         bsf             FLAGS,Proximo ;Seteo la bandera de proximo para que el programa sepa que debe mo
                            strar la siguiente secuencia
009A   100B           00275         bcf             INTCON,RBIF
009B   108B           00276         bcf             INTCON,INTF
009C   0009           00277         retfie
                      00278 
                      00279 
                      00280         ;----LEVANTAMIENTO DE BANDERAS DE GANO O PERDIO-----
009D                  00281 Levanto_bandera_gano 
009D   152A           00282         bsf             FLAGS,Gano ;Se levanta el flag de la bandera que gano
009E   100B           00283         bcf             INTCON,RBIF
009F   108B           00284         bcf             INTCON,INTF
00A0   0009           00285         retfie
                      00286 
                      00287         
00A1                  00288 Levanto_flag_perdio
                      00289 
00A1   142A           00290         bsf     FLAGS,Perdio ;LEVANTO EL FLAG YA QUE PERDIO
00A2   100B           00291         bcf             INTCON,RBIF
00A3   108B           00292         bcf             INTCON,INTF     
00A4   0009           00293         retfie;}
                      00294         ;------ FIN LEVANTAMIENTO DE BANDERAS----------------
                      00295 ;---------FIN INTERRUPCIONES PUERTO B---------
                      00296 
                      00297 ;-------INTERRUPCION POR TIMER0--------
00A5                  00298 INT_TIMER
                      00299 ;{
00A5   20FF           00300         call    delay_10ms
00A6   20FF           00301         call    delay_10ms
00A7   20FF           00302         call    delay_10ms
00A8   20FF           00303         call    delay_10ms
00A9   20FF           00304         call    delay_10ms
00AA   20FF           00305         call    delay_10ms
00AB   20FF           00306         call    delay_10ms      
MPASM  5.37   SIMON_FINAL_NOAANDASPUERTOC.ASM   6-8-2016  18:37:47         PAGE  7


LOC  OBJECT CODE     LINE SOURCE TEXT
  VALUE

00AC   20FF           00307         call    delay_10ms      
00AD   20FF           00308         call    delay_10ms
00AE   20FF           00309         call    delay_10ms
00AF   20FF           00310         call    delay_10ms
00B0   20FF           00311         call    delay_10ms
00B1   20FF           00312         call    delay_10ms
00B2   20FF           00313         call    delay_10ms
00B3   20FF           00314         call    delay_10ms
00B4   20FF           00315         call    delay_10ms      
00B5   20FF           00316         call    delay_10ms      
00B6   20FF           00317         call    delay_10ms
00B7   20FF           00318         call    delay_10ms
00B8   20FF           00319         call    delay_10ms
00B9   20FF           00320         call    delay_10ms
00BA   20FF           00321         call    delay_10ms
00BB   20FF           00322         call    delay_10ms      
00BC   0BA4           00323         decfsz  Contador,1 ;aca controlo si debo mostrar un color mas o ya termino esa secuencia
00BD   28BF           00324         goto    MUESTRO_COLOR
00BE   28D9           00325         goto    FIN_INT_TIMER
                      00326 
                      00327         ;-----MOSTRAR COLOR------
00BF                  00328 MUESTRO_COLOR
00BF   20FF           00329         call    delay_10ms
00C0   20FF           00330         call    delay_10ms
00C1   20FF           00331         call    delay_10ms
00C2   20FF           00332         call    delay_10ms
00C3   20FF           00333         call    delay_10ms
00C4   20FF           00334         call    delay_10ms
00C5   20FF           00335         call    delay_10ms      
00C6   20FF           00336         call    delay_10ms      
00C7   20FF           00337         call    delay_10ms
00C8   20FF           00338         call    delay_10ms
00C9   20FF           00339         call    delay_10ms
00CA   20FF           00340         call    delay_10ms
00CB   20FF           00341         call    delay_10ms
00CC   20FF           00342         call    delay_10ms
00CD   20FF           00343         call    delay_10ms
00CE   20FF           00344         call    delay_10ms      
00CF   20FF           00345         call    delay_10ms      
00D0   20FF           00346         call    delay_10ms
00D1   0A84           00347         incf    FSR,1
00D2   0800           00348         movf    INDF,0          ;MUEVO EL VALOR AL QUE APUNTA FSR A W Y LUEGO LLAMO A LA TABLA
00D3   20E3           00349         call    TABLA
00D4   0088           00350         movwf   PORTD           ;LE MANDO W AL PUERTOD PARA QUE SE PRENDA EL LED CORRESPONDIENTE
00D5   3000           00351         movlw   .0
00D6   0081           00352         movwf   TMR0
00D7   110B           00353         bcf             INTCON,T0IF     ;BAJO BANDERA DEL TIMER
00D8   0009           00354         retfie
                      00355         ;---FIN MOSTRAR COLOR----
                      00356         
00D9                  00357 FIN_INT_TIMER
                      00358         ;ESTE BLOQUE MANEJA CUANDO YA TERMINO DE MOSTRAR TODA LA SECUENCIA DE COLORES.
00D9   3000           00359         movlw   .0
MPASM  5.37   SIMON_FINAL_NOAANDASPUERTOC.ASM   6-8-2016  18:37:47         PAGE  8


LOC  OBJECT CODE     LINE SOURCE TEXT
  VALUE

00DA   0081           00360         movwf   TMR0
00DB   0825           00361         movf    Contador_Aux,0
00DC   00A4           00362         movwf   Contador
00DD   14AA           00363         bsf             FLAGS,Proximo   ;ESTA BANDERA LA SETEO PARA QUE SALGA DEL BUCLE ESPERO_TIMER
00DE   302C           00364         movlw   Primer_valor
00DF   0084           00365         movwf   FSR                             ;REINICIO EL VALOR AL QUE APUNTA FSR
00E0   110B           00366         bcf             INTCON,T0IF             ;BAJO BANDERA DE TIMER0
00E1   128B           00367         bcf             INTCON,T0IE             ;DESHABILITO LA INTERRUPCIONES POR TIMER
00E2   0009           00368         retfie
                      00369 ;}
                      00370         ;------FIN INTERRUPCION POR TIMER0-------
                      00371 
                      00372 
                      00373 
                      00374 
                      00375 
                      00376 ;-----FIN INTERRUPCIONES---------
                      00377 
                      00378 ;---TABLA DE VALORES PARA LOS LEDS----
                      00379 
00E3                  00380 TABLA
                      00381 ;{
00E3   0782           00382         addwf   PCL,1
00E4   3480           00383         retlw   b'10000000'
00E5   3440           00384         retlw   b'01000000'
00E6   3420           00385         retlw   b'00100000'
00E7   3410           00386         retlw   b'00010000'
                      00387 
                      00388 ;}
                      00389 ;-------FIN TABLA---------------
                      00390 
                      00391 ;----BLOQUE QUE GENERA LA SECUENCIA----
                      00392 
00E8                  00393 Generar_Secuencia
                      00394 ;{
00E8   3008           00395         movlw   .8
00E9   00A3           00396         movwf   Numero_de_valores_de_secuencia
                      00397 
00EA   3004           00398         movlw   .4
00EB   00A1           00399         movwf   Cont_Sec
                      00400         
00EC   3002           00401         movlw   .2
00ED   00A2           00402         movwf   Cont_Sec1
                      00403 
                      00404 
00EE   302C           00405         movlw   Primer_valor
00EF   0084           00406         movwf   FSR
00F0   01AB           00407         clrf    Valor_aux
00F1                  00408 Bucle
00F1   082B           00409         movf    Valor_aux,0
00F2   0080           00410         movwf   INDF
00F3   0AAB           00411         incf    Valor_aux,1
00F4   0A84           00412         incf    FSR, 1
MPASM  5.37   SIMON_FINAL_NOAANDASPUERTOC.ASM   6-8-2016  18:37:47         PAGE  9


LOC  OBJECT CODE     LINE SOURCE TEXT
  VALUE

00F5   0BA1           00413         decfsz  Cont_Sec, 1
00F6   28F1           00414         goto    Bucle
00F7   28F8           00415         goto    Bajo_Cont
00F8                  00416 Bajo_Cont
00F8   3000           00417         movlw   0
00F9   00AB           00418         movwf   Valor_aux
00FA   3004           00419         movlw   .4
00FB   00A1           00420         movwf   Cont_Sec
00FC   0BA2           00421         decfsz  Cont_Sec1, 1
00FD   28F1           00422         goto    Bucle   
00FE   0008           00423         return
                      00424 ;}
                      00425 ;-------FIN BLOQUE GENERADOR DE SECUENCIA---------------
                      00426 
                      00427 ;---Retardo por software de 10ms----
                      00428 
00FF                  00429 delay_10ms      
                      00430 ;{
00FF   3014           00431         movlw   .20
0100   00A7           00432         movwf   DELAY2
0101                  00433 BUCLE2
0101   307C           00434         movlw   .124
0102   00A6           00435         movwf   DELAY1
0103                  00436 BUCLE1
0103   0000           00437         nop
0104   0BA6           00438         decfsz  DELAY1, 1
0105   2903           00439         goto    BUCLE1
0106   0BA7           00440         decfsz  DELAY2, 1
0107   2901           00441         goto    BUCLE2
0108   0008           00442         return          ;La formula del delay es R=[(4X)+4]Y+1 donde X=124 e Y=20.
                      00443 ;}
                      00444 ;--------FIN RETARDO--------------
                      00445 
0109                  00446 CREAR_RANDOM
0109   0829           00447         movf    Puntero,0
010A   0084           00448         movwf   FSR
010B   0828           00449         movf    Random,0
010C   3903           00450         andlw   b'00000011'
010D   0080           00451         movwf   INDF
010E   302C           00452         movlw   Primer_valor
010F   0084           00453         movwf   FSR
0110   0AA9           00454         incf    Puntero,1
0111   11AA           00455         bcf             FLAGS,Crear
0112   0008           00456         return
                      00457         end
MPASM  5.37   SIMON_FINAL_NOAANDASPUERTOC.ASM   6-8-2016  18:37:47         PAGE 10


SYMBOL TABLE
  LABEL                             VALUE 

ABDEN                             00000000
ABDOVF                            00000007
ACKDT                             00000005
ACKEN                             00000004
ACKSTAT                           00000006
ADCON0                            0000001F
ADCON1                            0000009F
ADCS0                             00000006
ADCS1                             00000007
ADDEN                             00000003
ADFM                              00000007
ADIE                              00000006
ADIF                              00000006
ADON                              00000000
ADRESH                            0000001E
ADRESL                            0000009E
ANS0                              00000000
ANS1                              00000001
ANS10                             00000002
ANS11                             00000003
ANS12                             00000004
ANS13                             00000005
ANS2                              00000002
ANS3                              00000003
ANS4                              00000004
ANS5                              00000005
ANS6                              00000006
ANS7                              00000007
ANS8                              00000000
ANS9                              00000001
ANSEL                             00000188
ANSELH                            00000189
ANTIREBOTE_INT                    0000006A
ANTIREBOTE_RB                     00000076
BAUDCTL                           00000187
BCLIE                             00000003
BCLIF                             00000003
BF                                00000000
BRG0                              00000000
BRG1                              00000001
BRG10                             00000002
BRG11                             00000003
BRG12                             00000004
BRG13                             00000005
BRG14                             00000006
BRG15                             00000007
BRG16                             00000003
BRG2                              00000002
BRG3                              00000003
BRG4                              00000004
BRG5                              00000005
BRG6                              00000006
BRG7                              00000007
MPASM  5.37   SIMON_FINAL_NOAANDASPUERTOC.ASM   6-8-2016  18:37:47         PAGE 11


SYMBOL TABLE
  LABEL                             VALUE 

BRG8                              00000000
BRG9                              00000001
BRGH                              00000002
BUCLE1                            00000103
BUCLE2                            00000101
Bajo_Cont                         000000F8
Bucle                             000000F1
C                                 00000000
C1CH0                             00000000
C1CH1                             00000001
C1IE                              00000005
C1IF                              00000005
C1OE                              00000005
C1ON                              00000007
C1OUT                             00000006
C1POL                             00000004
C1R                               00000002
C1RSEL                            00000005
C1SEN                             00000005
C2CH0                             00000000
C2CH1                             00000001
C2IE                              00000006
C2IF                              00000006
C2OE                              00000005
C2ON                              00000007
C2OUT                             00000006
C2POL                             00000004
C2R                               00000002
C2REN                             00000004
C2RSEL                            00000004
C2SYNC                            00000000
CCP1CON                           00000017
CCP1IE                            00000002
CCP1IF                            00000002
CCP1M0                            00000000
CCP1M1                            00000001
CCP1M2                            00000002
CCP1M3                            00000003
CCP1X                             00000005
CCP1Y                             00000004
CCP2CON                           0000001D
CCP2IE                            00000000
CCP2IF                            00000000
CCP2M0                            00000000
CCP2M1                            00000001
CCP2M2                            00000002
CCP2M3                            00000003
CCP2X                             00000005
CCP2Y                             00000004
CCPR1H                            00000016
CCPR1L                            00000015
CCPR2H                            0000001C
CCPR2L                            0000001B
MPASM  5.37   SIMON_FINAL_NOAANDASPUERTOC.ASM   6-8-2016  18:37:47         PAGE 12


SYMBOL TABLE
  LABEL                             VALUE 

CFG                               0000003B
CHS0                              00000002
CHS1                              00000003
CHS2                              00000004
CHS3                              00000005
CKE                               00000006
CKP                               00000004
CM1CON0                           00000107
CM2CON0                           00000108
CM2CON1                           00000109
CREAR_RANDOM                      00000109
CREN                              00000004
CSRC                              00000007
Comenzo                           00000004
Cont_Sec                          00000021
Cont_Sec1                         00000022
Contador                          00000024
Contador_Aux                      00000025
Crear                             00000003
D                                 00000005
DATA_ADDRESS                      00000005
DC                                00000001
DC1B0                             00000004
DC1B1                             00000005
DC2B0                             00000004
DC2B1                             00000005
DELAY1                            00000026
DELAY2                            00000027
D_A                               00000005
ECCPAS                            0000009C
ECCPAS0                           00000004
ECCPAS1                           00000005
ECCPAS2                           00000006
ECCPASE                           00000007
EEADR                             0000010D
EEADRH                            0000010F
EECON1                            0000018C
EECON2                            0000018D
EEDAT                             0000010C
EEDATA                            0000010C
EEDATH                            0000010E
EEIE                              00000004
EEIF                              00000004
EEPGD                             00000007
ESPERO_TIMER                      00000033
Espero                            00000011
F                                 00000001
FERR                              00000002
FIN_INT_TIMER                     000000D9
FLAGS                             0000002A
FSR                               00000004
FVREN                             00000000
GANO_JUEGO                        00000023
MPASM  5.37   SIMON_FINAL_NOAANDASPUERTOC.ASM   6-8-2016  18:37:47         PAGE 13


SYMBOL TABLE
  LABEL                             VALUE 

GCEN                              00000007
GIE                               00000007
GO                                00000001
GO_DONE                           00000001
Gano                              00000002
Generar_Secuencia                 000000E8
HTS                               00000002
I2C_DATA                          00000005
I2C_READ                          00000002
I2C_START                         00000003
I2C_STOP                          00000004
INDF                              00000000
INICIO                            00000005
INTCON                            0000000B
INTE                              00000004
INTEDG                            00000006
INTERRUPCION                      00000064
INTF                              00000001
INT_PUERTOB                       0000006A
INT_PUERTOB1                      00000076
INT_TIMER                         000000A5
IOCB                              00000096
IOCB0                             00000000
IOCB1                             00000001
IOCB2                             00000002
IOCB3                             00000003
IOCB4                             00000004
IOCB5                             00000005
IOCB6                             00000006
IOCB7                             00000007
IRCF0                             00000004
IRCF1                             00000005
IRCF2                             00000006
IRP                               00000007
LTS                               00000001
Levanto_bandera_gano              0000009D
Levanto_flag_perdio               000000A1
Llego_Cero                        00000092
MAIN                              00000008
MAX_VAL                           00000008
MC1OUT                            00000007
MC2OUT                            00000006
MSK                               00000093
MUESTRO_COLOR                     000000BF
Mostrar_Secuencia                 00000025
NOT_A                             00000005
NOT_ADDRESS                       00000005
NOT_BO                            00000000
NOT_BOR                           00000000
NOT_DONE                          00000001
NOT_PD                            00000003
NOT_POR                           00000001
NOT_RBPU                          00000007
MPASM  5.37   SIMON_FINAL_NOAANDASPUERTOC.ASM   6-8-2016  18:37:47         PAGE 14


SYMBOL TABLE
  LABEL                             VALUE 

NOT_RC8                           00000006
NOT_T1SYNC                        00000002
NOT_TO                            00000004
NOT_TX8                           00000006
NOT_W                             00000002
NOT_WRITE                         00000002
No_Llego_Cero                     0000008E
Numero_de_valores_de_secuencia    00000023
OERR                              00000001
OPTION_REG                        00000081
OSCCON                            0000008F
OSCTUNE                           00000090
OSFIE                             00000007
OSFIF                             00000007
OSTS                              00000003
P                                 00000004
P1M0                              00000006
P1M1                              00000007
PCL                               00000002
PCLATH                            0000000A
PCON                              0000008E
PDC0                              00000000
PDC1                              00000001
PDC2                              00000002
PDC3                              00000003
PDC4                              00000004
PDC5                              00000005
PDC6                              00000006
PEIE                              00000006
PEN                               00000002
PERDIO_JUEGO                      00000021
PIE1                              0000008C
PIE2                              0000008D
PIR1                              0000000C
PIR2                              0000000D
PORTA                             00000005
PORTB                             00000006
PORTC                             00000007
PORTD                             00000008
PORTE                             00000009
PR2                               00000092
PROBANDO_RB                       0000007E
PROBANDO_RB0                      0000006C
PRSEN                             00000007
PS0                               00000000
PS1                               00000001
PS2                               00000002
PSA                               00000003
PSSAC0                            00000002
PSSAC1                            00000003
PSSBD0                            00000000
PSSBD1                            00000001
PSTRCON                           0000009D
MPASM  5.37   SIMON_FINAL_NOAANDASPUERTOC.ASM   6-8-2016  18:37:47         PAGE 15


SYMBOL TABLE
  LABEL                             VALUE 

PULSR                             00000002
PULSS                             00000003
PWM1CON                           0000009B
Perdio                            00000000
Primer_valor                      0000002C
Proximo                           00000001
Puntero                           00000029
R                                 00000002
RBIE                              00000003
RBIF                              00000000
RC8_9                             00000006
RC9                               00000006
RCD8                              00000000
RCEN                              00000003
RCIDL                             00000006
RCIE                              00000005
RCIF                              00000005
RCREG                             0000001A
RCSTA                             00000018
RD                                00000000
READ_WRITE                        00000002
RP0                               00000005
RP1                               00000006
RSEN                              00000001
RX9                               00000006
RX9D                              00000000
R_W                               00000002
Random                            00000028
S                                 00000003
SBOREN                            00000004
SCKP                              00000004
SCS                               00000000
SEN                               00000000
SENDB                             00000003
SIG                               0000008B
SIGUIENTE_COLOR                   0000001B
SMP                               00000007
SPBRG                             00000099
SPBRGH                            0000009A
SPEN                              00000007
SR0                               00000006
SR1                               00000007
SRCON                             00000185
SREN                              00000005
SSPADD                            00000093
SSPBUF                            00000013
SSPCON                            00000014
SSPCON2                           00000091
SSPEN                             00000005
SSPIE                             00000003
SSPIF                             00000003
SSPM0                             00000000
SSPM1                             00000001
MPASM  5.37   SIMON_FINAL_NOAANDASPUERTOC.ASM   6-8-2016  18:37:47         PAGE 16


SYMBOL TABLE
  LABEL                             VALUE 

SSPM2                             00000002
SSPM3                             00000003
SSPMSK                            00000093
SSPOV                             00000006
SSPSTAT                           00000094
STATUS                            00000003
STRA                              00000000
STRB                              00000001
STRC                              00000002
STRD                              00000003
STRSYNC                           00000004
SWDTEN                            00000000
SYNC                              00000004
T0CS                              00000005
T0IE                              00000005
T0IF                              00000002
T0SE                              00000004
T1CKPS0                           00000004
T1CKPS1                           00000005
T1CON                             00000010
T1GIV                             00000007
T1GSS                             00000001
T1INSYNC                          00000002
T1OSCEN                           00000003
T1SYNC                            00000002
T2CKPS0                           00000000
T2CKPS1                           00000001
T2CON                             00000012
TABLA                             000000E3
TMR0                              00000001
TMR0IE                            00000005
TMR0IF                            00000002
TMR1CS                            00000001
TMR1GE                            00000006
TMR1H                             0000000F
TMR1IE                            00000000
TMR1IF                            00000000
TMR1L                             0000000E
TMR1ON                            00000000
TMR2                              00000011
TMR2IE                            00000001
TMR2IF                            00000001
TMR2ON                            00000002
TOUTPS0                           00000003
TOUTPS1                           00000004
TOUTPS2                           00000005
TOUTPS3                           00000006
TRISA                             00000085
TRISB                             00000086
TRISC                             00000087
TRISD                             00000088
TRISE                             00000089
TRMT                              00000001
MPASM  5.37   SIMON_FINAL_NOAANDASPUERTOC.ASM   6-8-2016  18:37:47         PAGE 17


SYMBOL TABLE
  LABEL                             VALUE 

TUN0                              00000000
TUN1                              00000001
TUN2                              00000002
TUN3                              00000003
TUN4                              00000004
TX8_9                             00000006
TX9                               00000006
TX9D                              00000000
TXD8                              00000000
TXEN                              00000005
TXIE                              00000004
TXIF                              00000004
TXREG                             00000019
TXSTA                             00000098
UA                                00000001
ULPWUE                            00000005
ULPWUIE                           00000002
ULPWUIF                           00000002
VCFG0                             00000004
VCFG1                             00000005
VR0                               00000000
VR1                               00000001
VR2                               00000002
VR3                               00000003
VRCON                             00000097
VREN                              00000007
VROE                              00000006
VRR                               00000005
VRSS                              00000004
Valor_aux                         0000002B
W                                 00000000
WCOL                              00000007
WDTCON                            00000105
WDTPS0                            00000001
WDTPS1                            00000002
WDTPS2                            00000003
WDTPS3                            00000004
WPUB                              00000095
WPUB0                             00000000
WPUB1                             00000001
WPUB2                             00000002
WPUB3                             00000003
WPUB4                             00000004
WPUB5                             00000005
WPUB6                             00000006
WPUB7                             00000007
WR                                00000001
WREN                              00000002
WRERR                             00000003
WUE                               00000001
Z                                 00000002
_BOR21V                           00003EFF
_BOR40V                           00003FFF
MPASM  5.37   SIMON_FINAL_NOAANDASPUERTOC.ASM   6-8-2016  18:37:47         PAGE 18


SYMBOL TABLE
  LABEL                             VALUE 

_BOR_NSLEEP                       00003EFF
_BOR_OFF                          00003CFF
_BOR_ON                           00003FFF
_BOR_SBODEN                       00003DFF
_CONFIG1                          00002007
_CONFIG2                          00002008
_CPD_OFF                          00003FFF
_CPD_ON                           00003F7F
_CP_OFF                           00003FFF
_CP_ON                            00003FBF
_DEBUG_OFF                        00003FFF
_DEBUG_ON                         00001FFF
_EC_OSC                           00003FFB
_EXTRC                            00003FFF
_EXTRCIO                          00003FFE
_EXTRC_OSC_CLKOUT                 00003FFF
_EXTRC_OSC_NOCLKOUT               00003FFE
_FCMEN_OFF                        000037FF
_FCMEN_ON                         00003FFF
_HS_OSC                           00003FFA
_IESO_OFF                         00003BFF
_IESO_ON                          00003FFF
_INTOSC                           00003FFD
_INTOSCIO                         00003FFC
_INTRC_OSC_CLKOUT                 00003FFD
_INTRC_OSC_NOCLKOUT               00003FFC
_LP_OSC                           00003FF8
_LVP_OFF                          00002FFF
_LVP_ON                           00003FFF
_MCLRE_OFF                        00003FDF
_MCLRE_ON                         00003FFF
_PWRTE_OFF                        00003FFF
_PWRTE_ON                         00003FEF
_WDT_OFF                          00003FF7
_WDT_ON                           00003FFF
_WRT_1FOURTH                      00003BFF
_WRT_256                          00003DFF
_WRT_HALF                         000039FF
_WRT_OFF                          00003FFF
_XT_OSC                           00003FF9
__16F887                          00000001
__DEBUG                           1
delay_10ms                        000000FF
MPASM  5.37   SIMON_FINAL_NOAANDASPUERTOC.ASM   6-8-2016  18:37:47         PAGE 19


MEMORY USAGE MAP ('X' = Used,  '-' = Unused)


0000 : X---XXXXXXXXXXXX XXXXXXXXXXXXXXXX XXXXXXXXXXXXXXXX XXXXXXXXXXXXXXXX
0040 : XXXXXXXXXXXXXXXX XXXXXXXXXXXXXXXX XXXXXXXXXXXXXXXX XXXXXXXXXXXXXXXX
0080 : XXXXXXXXXXXXXXXX XXXXXXXXXXXXXXXX XXXXXXXXXXXXXXXX XXXXXXXXXXXXXXXX
00C0 : XXXXXXXXXXXXXXXX XXXXXXXXXXXXXXXX XXXXXXXXXXXXXXXX XXXXXXXXXXXXXXXX
0100 : XXXXXXXXXXXXXXXX XXX------------- ---------------- ----------------

All other memory blocks unused.

Program Memory Words Used:   272
Program Memory Words Free:  7920


Errors   :     0
Warnings :     0 reported,     0 suppressed
Messages :     7 reported,     0 suppressed

