MPASM  5.37   SIMON_FINAL_NOAANDASPUERTOC.ASM   6-8-2016  18:43:46         PAGE  1


LOC  OBJECT CODE     LINE SOURCE TEXT
  VALUE

                      00001         list p=16f887
                      00002         INCLUDE "p16F887.inc"
                      00001         LIST
                      00002 ; P16F887.INC  Standard Header File, Version 1.00    Microchip Technology, Inc.
                      00617         LIST
                      00003         CBLOCK 0x21
  00000021            00004         SCORE
  00000022            00005         Numero_de_valores_de_secuencia
  00000023            00006         Contador
  00000024            00007         Contador_Aux
  00000025            00008         DELAY1
  00000026            00009         DELAY2
  00000027            00010         Random
  00000028            00011         Puntero
  00000029            00012         FLAGS
  0000002A            00013         Valor_aux
  0000002B            00014         Primer_valor 
                      00015         endc
  00000000            00016 Perdio  EQU 0
  00000001            00017 Proximo EQU 1
  00000002            00018 Gano    EQU 2
  00000003            00019 Crear   EQU     3
  00000004            00020 Comenzo EQU 4
  00000004            00021 MAX_VAL EQU .4
0000                  00022         org     0x00
0000   2805           00023         goto    INICIO
0004                  00024         org     0x04
0004   2867           00025         goto    INTERRUPCION
                      00026         ;SOMOS GRUPO 18
0005                  00027 INICIO
                      00028 
0005   203E           00029         call    CFG
0006   3004           00030         movlw   MAX_VAL
0007   00A2           00031         movwf   Numero_de_valores_de_secuencia
0008                  00032 MAIN    
0008   0AA7           00033         incf    Random, 1
0009   1E29           00034         btfss   FLAGS, Comenzo  ;Cuando viene interrupcion por RB0 setea el FLAG
000A   2808           00035         goto    MAIN
000B   0827           00036         movf    Random, 0
000C   3903           00037         andlw   b'00000011'
000D   00AB           00038         movwf   Primer_valor
000E   01A1           00039         clrf    SCORE   ;Reinicio SCORE
000F   158B           00040         bsf     INTCON, RBIE
0010   15A9           00041         bsf     FLAGS, Crear
0011   2026           00042         call    Mostrar_Secuencia
                      00043 ;----BLOQUE QUE ESPERA UNA PULSACION-----
0012                  00044 Espero
                      00045 ;{      
0012   0AA7           00046         incf    Random,1
0013   0181           00047         clrf    TMR0
0014   0064           00048         CLRWDT
0015   18A9           00049         btfsc   FLAGS,Proximo   ;Si pulso el/los color/es correcto/s, muestro la siguiente secuencia
0016   201C           00050         call    SIGUIENTE_COLOR
MPASM  5.37   SIMON_FINAL_NOAANDASPUERTOC.ASM   6-8-2016  18:43:46         PAGE  2


LOC  OBJECT CODE     LINE SOURCE TEXT
  VALUE

0017   1829           00051         btfsc   FLAGS,Perdio    ;Si le erro, perdio
0018   2822           00052         goto    PERDIO_JUEGO
0019   1929           00053         btfsc   FLAGS,Gano              ;Si gano, gano 
001A   2824           00054         goto    GANO_JUEGO
001B   2812           00055         goto    Espero;}
                      00056 
                      00057 ;----FIN BLOQUE ESPERO-----
                      00058         
                      00059 
001C                  00060 SIGUIENTE_COLOR
                      00061 ;{
001C   0AA4           00062         incf    Contador_Aux,1
001D   0824           00063         movf    Contador_Aux,0
001E   00A3           00064         movwf   Contador
001F   10A9           00065         bcf     FLAGS,Proximo
0020   2026           00066         call    Mostrar_Secuencia
0021   0008           00067         return;}
                      00068 
                      00069 
                      00070 
0022                  00071 PERDIO_JUEGO
                      00072         ;{
                      00073         ;PRENDO LED QUE MUESTRA QUE PERDIO
0022   1408           00074         bsf     PORTD,0
0023   2822           00075         goto    PERDIO_JUEGO;}
                      00076 
                      00077 
0024                  00078 GANO_JUEGO
                      00079 ;{
                      00080         ;PRENDO LED QUE MUESTRA QUE GANO
0024   1488           00081         bsf             PORTD,1
0025   2824           00082         goto    GANO_JUEGO;}
                      00083 
                      00084 
                      00085 ;MUESTRO LA SECUENCIA DE LEDS
                      00086 
                      00087         ;----MOSTRAR SECUENCIA DE COLORES----
0026                  00088 Mostrar_Secuencia
                      00089 ;{
                      00090 
0026   118B           00091         bcf             INTCON,RBIE ;En este momento no se puede interrumpir el programa
0027   120B           00092         bcf             INTCON,INTE
0028   302B           00093         movlw   Primer_valor
0029   0084           00094         movwf   FSR
002A                  00095 Volver_Hacerlo
002A   0800           00096         movf    INDF,0
002B   20AA           00097         call    TABLA
002C   0088           00098         movwf   PORTD
                      00099 
002D   20B9           00100         call delay_100ms
002E   20B9           00101         call delay_100ms
002F   20B9           00102         call delay_100ms
0030   20B9           00103         call delay_100ms
MPASM  5.37   SIMON_FINAL_NOAANDASPUERTOC.ASM   6-8-2016  18:43:46         PAGE  3


LOC  OBJECT CODE     LINE SOURCE TEXT
  VALUE

0031   20B9           00104         call delay_100ms
0032   0A84           00105         incf FSR, 1
0033   0188           00106         clrf PORTD
0034   20B9           00107         call delay_100ms
0035   0BA3           00108         decfsz Contador, 1
0036   282A           00109         goto Volver_Hacerlo
                      00110 
0037   0188           00111         clrf    PORTD
0038   158B           00112         bsf     INTCON, RBIE
0039   302B           00113         movlw   Primer_valor
003A   0084           00114         movwf   FSR
003B   0824           00115         movf    Contador_Aux, 0
003C   00A3           00116         movwf   Contador
003D   0008           00117         return
                      00118 ;}
                      00119         ;----FIN MOSTRAR SECUENCIA DE COLORES-----
                      00120 
                      00121 
                      00122         
                      00123 
                      00124 ;--------CONFIGURACION-------
                      00125 
003E                  00126 CFG
                      00127 ;{      
                      00128         ;Habilito los enables de las interrupciones
003E   1283 1303      00129         banksel INTCON
0040   3090           00130         movlw   b'10010000'
0041   008B           00131         movwf   INTCON
                      00132 
0042   1683 1303      00133         banksel IOCB
0044   30FE           00134         movlw   b'11111110'
Message[302]: Register in operand not in bank 0.  Ensure that bank bits are correct.
0045   0096           00135         movwf   IOCB
                      00136 
                      00137         ;Configuro timer0 para que sea temporizador interno
0046   1683 1303      00138         banksel OPTION_REG
0048   30C7           00139         movlw   b'11000111'
Message[302]: Register in operand not in bank 0.  Ensure that bank bits are correct.
0049   0081           00140         movwf   OPTION_REG ;Falta configurar PRESCALER
                      00141                 
                      00142 
                      00143         ;Configuro el puertoB como digital
004A   1683 1703      00144         banksel ANSELH
Message[302]: Register in operand not in bank 0.  Ensure that bank bits are correct.
004C   0189           00145         clrf    ANSELH
                      00146 
                      00147         ;Configurar carga al timer
004D   1283 1303      00148         banksel TMR0
004F   3000           00149         movlw   .0
0050   0081           00150         movwf   TMR0
                      00151 
0051   3001           00152         movlw   .1
0052   00A4           00153         movwf   Contador_Aux
MPASM  5.37   SIMON_FINAL_NOAANDASPUERTOC.ASM   6-8-2016  18:43:46         PAGE  4


LOC  OBJECT CODE     LINE SOURCE TEXT
  VALUE

0053   00A3           00154         movwf   Contador
                      00155         
                      00156         ;Configuro puertoB como de entrada
0054   1683 1303      00157         banksel TRISB
0056   30FF           00158         movlw   b'11111111'
Message[302]: Register in operand not in bank 0.  Ensure that bank bits are correct.
0057   0086           00159         movwf   TRISB
                      00160         
                      00161         ;Configuro PuertoC como de salida
0058   3000           00162         movlw   b'00000000'
Message[302]: Register in operand not in bank 0.  Ensure that bank bits are correct.
0059   0088           00163         movwf   TRISD
                      00164         
005A   3000           00165         movlw   b'00000000'
Message[302]: Register in operand not in bank 0.  Ensure that bank bits are correct.
005B   0088           00166         movwf   TRISD
Message[302]: Register in operand not in bank 0.  Ensure that bank bits are correct.
005C   1085           00167         bcf             TRISA,1 
                      00168         
                      00169         ;vuelvo al banco 0
005D   1283           00170         bcf     STATUS, RP0
005E   1303           00171         bcf     STATUS, RP1
                      00172         ;Limpio los puertos y el registro de banderas
005F   0188           00173         clrf    PORTD
0060   0186           00174         clrf    PORTB
0061   0188           00175         clrf    PORTD
0062   01A9           00176         clrf    FLAGS
0063   302B           00177         movlw   Primer_valor
0064   00A8           00178         movwf   Puntero
0065   0AA8           00179         incf    Puntero,1
0066   0008           00180         return
                      00181         ;}
                      00182 ;--------FIN CONFIGURACION-----------
                      00183 
                      00184 
                      00185 ;-----INTERRUPCIONES---------
                      00186 ;RUTINA DE INTERRUPCION
0067                  00187 INTERRUPCION
                      00188         ;---VERIFICACION DE DONDE VINO LA INTERRUPCION---
                      00189 ;{
0067   188B           00190         btfsc   INTCON,INTF
0068   286B           00191         goto    INT_PUERTOB
0069   180B           00192         btfsc   INTCON,RBIF
006A   2877           00193         goto    INT_PUERTOB1
                      00194 
                      00195 ;}
                      00196         ;---FIN VERIFICACION---
                      00197 
                      00198 ;-----INTERRUPCION POR PUERTO B-------
006B                  00199 INT_PUERTOB
                      00200         
006B                  00201 ANTIREBOTE_INT
006B   20AF           00202         call    delay_10ms ;Hago delay para esperar a que pase el rebote
MPASM  5.37   SIMON_FINAL_NOAANDASPUERTOC.ASM   6-8-2016  18:43:46         PAGE  5


LOC  OBJECT CODE     LINE SOURCE TEXT
  VALUE

006C   20AF           00203         call    delay_10ms
006D                  00204 PROBANDO_RB0
006D   1806           00205         btfsc   PORTB, 0        ;Testeo el bit RB0, si se dejo de pulsar el boton bajara a cero
006E   286D           00206         goto    PROBANDO_RB0
006F   20AF           00207         call    delay_10ms
0070   20AF           00208         call    delay_10ms      ;Una vez que se dejo de presionar el boton, hago un delay de 10 ms para 
                            que pase el rebote.
                      00209 
0071   108B           00210         bcf             INTCON, INTF
0072   120B           00211         bcf             INTCON, INTE    
0073   1629           00212         bsf             FLAGS, Comenzo
0074   100B           00213         bcf             INTCON, RBIF
0075   110B           00214         bcf     INTCON, T0IF
0076   0009           00215         retfie
                      00216         ;---ANTIREBOTE POR SOFTWARE DE LOS PULSADORES-----      
                      00217 
0077                  00218 INT_PUERTOB1
0077                  00219 ANTIREBOTE_RB
                      00220 ;{
0077   20AF           00221         call    delay_10ms
0078   20AF           00222         call    delay_10ms ;Espero 10ms a que pase el rebote
0079   0806           00223         movf    PORTB, 0        ;muevo el puerto B a w
007A   39F0           00224         andlw   0xF0    ;Hago and con los bits que me importan y los guardo
007B   00AA           00225         movwf   Valor_aux ;Esta es la variable que utilizo en la rutina para comparar
007C   0088           00226         movwf   PORTD
007D   19A9           00227         btfsc   FLAGS, Crear
007E   20C3           00228         call    CREAR_RANDOM
                      00229 
007F                  00230 PROBANDO_RB
007F   0806           00231         movf    PORTB, 0        ;Prendemos el led que se pulsa
0080   39F0           00232         andlw   0xF0    ;Hago AND a los bits que me interesan
0081   1D03           00233         btfss   STATUS, Z       ;Si todos los bits estan en cero significa que se dejo de pulsar
0082   287F           00234         goto    PROBANDO_RB     ;Sino, sigo probando hasta que se deje de pulsar el boton
0083   20AF           00235         call    delay_10ms
0084   20AF           00236         call    delay_10ms      ;Hago un delay por el rebote de soltar el pulsador
0085   0188           00237         clrf    PORTD
                      00238 ;}
                      00239 
                      00240         ;-----FIN ANTIREBOTE POR SOFTWARE-----
                      00241 ;{
                      00242         ;----Comienzo de Rutina de Interrupcion por PUERTO B----        
                      00243 
0086   0800           00244         movf    INDF,0                  ;MUEVO EL VALOR AL QUE PUNTA FSR A W
0087   20AA           00245         call    TABLA                   
0088   062A           00246         xorwf   Valor_aux, 0    ;tengo que ver si el valor que pulso es el que deberia pulsar
0089   1D03           00247         btfss   STATUS,Z                ;SI EL XOR DA 0 ES PORQUE SON IGUALES, ENTONCES PULSO BIEN
008A   28A6           00248         goto    Levanto_flag_perdio;SI NO DA EL BIT Z DE STATUS DA 0 ENTONCES PERDIO
008B   288C           00249         goto    SIG
                      00250 
                      00251 ;En el bloque SIG, verifico si ya pulso todos o debe seguir pulsando
008C                  00252 SIG
008C   0BA3           00253         decfsz  Contador, 1
008D   288F           00254         goto    No_Llego_Cero
MPASM  5.37   SIMON_FINAL_NOAANDASPUERTOC.ASM   6-8-2016  18:43:46         PAGE  6


LOC  OBJECT CODE     LINE SOURCE TEXT
  VALUE

008E   2893           00255         goto    Llego_Cero
                      00256 
                      00257 ;EL CONTADOR NO LLEGO A CERO, EL JUGADOR DEBE CONTINUAR CON LA SECUENCIA
008F                  00258 No_Llego_Cero
008F   0A84           00259         incf    FSR,1   ;AUMENTO FSR ASI EN LA SIGUIENTE PULSACION VERIFICO CORRECTAMENTE
0090   100B           00260         bcf             INTCON,RBIF
0091   108B           00261         bcf             INTCON,INTF
0092   0009           00262         retfie
                      00263 
                      00264 ;---EL CONTADOR LLEGO A CERO, ACA DEBO CONTROLAR SI YA GANO 
                      00265 ;O HAY QUE MOSTRAR UNA NUEVA SECUENCIA----
0093                  00266 Llego_Cero
0093   0AA1           00267         incf SCORE, 1   ;Aumento uno al score
0094   302B           00268         movlw   Primer_valor
0095   0084           00269         movwf   FSR     
0096   0822           00270         movf    Numero_de_valores_de_secuencia,0
0097   0624           00271         xorwf   Contador_Aux, 0
0098   1903           00272         btfsc   STATUS,Z        ;verifico si ya gano haciendo un xor con la cantidad de valores
0099   28A2           00273         goto    Levanto_bandera_gano
009A   15A9           00274         bsf             FLAGS,Crear
009B   14A9           00275         bsf             FLAGS,Proximo ;Seteo la bandera de proximo para que el programa sepa que debe mo
                            strar la siguiente secuencia
009C   20B9           00276         call delay_100ms
009D   20B9           00277         call delay_100ms
009E   20B9           00278         call delay_100ms
009F   100B           00279         bcf             INTCON,RBIF
00A0   108B           00280         bcf             INTCON,INTF
00A1   0009           00281         retfie
                      00282 
                      00283 
                      00284         ;----LEVANTAMIENTO DE BANDERAS DE GANO O PERDIO-----
00A2                  00285 Levanto_bandera_gano 
00A2   1529           00286         bsf             FLAGS,Gano ;Se levanta el flag de la bandera que gano
00A3   100B           00287         bcf             INTCON,RBIF
00A4   108B           00288         bcf             INTCON,INTF
00A5   0009           00289         retfie
                      00290 
                      00291         
00A6                  00292 Levanto_flag_perdio
                      00293 
00A6   1429           00294         bsf     FLAGS,Perdio ;LEVANTO EL FLAG YA QUE PERDIO
00A7   100B           00295         bcf             INTCON,RBIF
00A8   108B           00296         bcf             INTCON,INTF     
00A9   0009           00297         retfie;}
                      00298         ;------ FIN LEVANTAMIENTO DE BANDERAS----------------
                      00299 ;---------FIN INTERRUPCIONES PUERTO B---------
                      00300 
                      00301 
                      00302 ;-----FIN INTERRUPCIONES---------
                      00303 
                      00304 ;---TABLA DE VALORES PARA LOS LEDS----
                      00305 
00AA                  00306 TABLA
MPASM  5.37   SIMON_FINAL_NOAANDASPUERTOC.ASM   6-8-2016  18:43:46         PAGE  7


LOC  OBJECT CODE     LINE SOURCE TEXT
  VALUE

                      00307 ;{
00AA   0782           00308         addwf   PCL,1
00AB   3480           00309         retlw   b'10000000'
00AC   3440           00310         retlw   b'01000000'
00AD   3420           00311         retlw   b'00100000'
00AE   3410           00312         retlw   b'00010000'
                      00313 
                      00314 ;}
                      00315 ;-------FIN TABLA---------------
                      00316 
                      00317 
                      00318 ;---Retardo por software de 10ms----
                      00319 
00AF                  00320 delay_10ms      
                      00321 ;{
00AF   3014           00322         movlw   .20
00B0   00A6           00323         movwf   DELAY2
00B1                  00324 BUCLE2
00B1   307C           00325         movlw   .124
00B2   00A5           00326         movwf   DELAY1
00B3                  00327 BUCLE1
00B3   0000           00328         nop
00B4   0BA5           00329         decfsz  DELAY1, 1
00B5   28B3           00330         goto    BUCLE1
00B6   0BA6           00331         decfsz  DELAY2, 1
00B7   28B1           00332         goto    BUCLE2
00B8   0008           00333         return          ;La formula del delay es R=[(4X)+4]Y+1 donde X=124 e Y=20.
                      00334 ;}
                      00335 ;---Retardo por software de 100ms----
                      00336 
00B9                  00337 delay_100ms     
                      00338 ;{
00B9   30C8           00339         movlw   .200
00BA   00A6           00340         movwf   DELAY2
00BB                  00341 BUCLE2_100
00BB   307C           00342         movlw   .124
00BC   00A5           00343         movwf   DELAY1
00BD                  00344 BUCLE1_100
00BD   0000           00345         nop
00BE   0BA5           00346         decfsz  DELAY1, 1
00BF   28BD           00347         goto    BUCLE1_100
00C0   0BA6           00348         decfsz  DELAY2, 1
00C1   28BB           00349         goto    BUCLE2_100
00C2   0008           00350         return          ;La formula del delay es R=[(4X)+4]Y+1 donde X=124 e Y=20.
                      00351 ;}
                      00352 ;--------FIN RETARDO--------------
                      00353 
00C3                  00354 CREAR_RANDOM
00C3   0828           00355         movf    Puntero,0
00C4   0084           00356         movwf   FSR
00C5   0827           00357         movf    Random,0
00C6   3903           00358         andlw   b'00000011'
00C7   0080           00359         movwf   INDF
MPASM  5.37   SIMON_FINAL_NOAANDASPUERTOC.ASM   6-8-2016  18:43:46         PAGE  8


LOC  OBJECT CODE     LINE SOURCE TEXT
  VALUE

00C8   302B           00360         movlw   Primer_valor
00C9   0084           00361         movwf   FSR
00CA   0AA8           00362         incf    Puntero,1
00CB   11A9           00363         bcf             FLAGS,Crear
00CC   0008           00364         return
                      00365         end
MPASM  5.37   SIMON_FINAL_NOAANDASPUERTOC.ASM   6-8-2016  18:43:46         PAGE  9


SYMBOL TABLE
  LABEL                             VALUE 

ABDEN                             00000000
ABDOVF                            00000007
ACKDT                             00000005
ACKEN                             00000004
ACKSTAT                           00000006
ADCON0                            0000001F
ADCON1                            0000009F
ADCS0                             00000006
ADCS1                             00000007
ADDEN                             00000003
ADFM                              00000007
ADIE                              00000006
ADIF                              00000006
ADON                              00000000
ADRESH                            0000001E
ADRESL                            0000009E
ANS0                              00000000
ANS1                              00000001
ANS10                             00000002
ANS11                             00000003
ANS12                             00000004
ANS13                             00000005
ANS2                              00000002
ANS3                              00000003
ANS4                              00000004
ANS5                              00000005
ANS6                              00000006
ANS7                              00000007
ANS8                              00000000
ANS9                              00000001
ANSEL                             00000188
ANSELH                            00000189
ANTIREBOTE_INT                    0000006B
ANTIREBOTE_RB                     00000077
BAUDCTL                           00000187
BCLIE                             00000003
BCLIF                             00000003
BF                                00000000
BRG0                              00000000
BRG1                              00000001
BRG10                             00000002
BRG11                             00000003
BRG12                             00000004
BRG13                             00000005
BRG14                             00000006
BRG15                             00000007
BRG16                             00000003
BRG2                              00000002
BRG3                              00000003
BRG4                              00000004
BRG5                              00000005
BRG6                              00000006
BRG7                              00000007
MPASM  5.37   SIMON_FINAL_NOAANDASPUERTOC.ASM   6-8-2016  18:43:46         PAGE 10


SYMBOL TABLE
  LABEL                             VALUE 

BRG8                              00000000
BRG9                              00000001
BRGH                              00000002
BUCLE1                            000000B3
BUCLE1_100                        000000BD
BUCLE2                            000000B1
BUCLE2_100                        000000BB
C                                 00000000
C1CH0                             00000000
C1CH1                             00000001
C1IE                              00000005
C1IF                              00000005
C1OE                              00000005
C1ON                              00000007
C1OUT                             00000006
C1POL                             00000004
C1R                               00000002
C1RSEL                            00000005
C1SEN                             00000005
C2CH0                             00000000
C2CH1                             00000001
C2IE                              00000006
C2IF                              00000006
C2OE                              00000005
C2ON                              00000007
C2OUT                             00000006
C2POL                             00000004
C2R                               00000002
C2REN                             00000004
C2RSEL                            00000004
C2SYNC                            00000000
CCP1CON                           00000017
CCP1IE                            00000002
CCP1IF                            00000002
CCP1M0                            00000000
CCP1M1                            00000001
CCP1M2                            00000002
CCP1M3                            00000003
CCP1X                             00000005
CCP1Y                             00000004
CCP2CON                           0000001D
CCP2IE                            00000000
CCP2IF                            00000000
CCP2M0                            00000000
CCP2M1                            00000001
CCP2M2                            00000002
CCP2M3                            00000003
CCP2X                             00000005
CCP2Y                             00000004
CCPR1H                            00000016
CCPR1L                            00000015
CCPR2H                            0000001C
CCPR2L                            0000001B
MPASM  5.37   SIMON_FINAL_NOAANDASPUERTOC.ASM   6-8-2016  18:43:46         PAGE 11


SYMBOL TABLE
  LABEL                             VALUE 

CFG                               0000003E
CHS0                              00000002
CHS1                              00000003
CHS2                              00000004
CHS3                              00000005
CKE                               00000006
CKP                               00000004
CM1CON0                           00000107
CM2CON0                           00000108
CM2CON1                           00000109
CREAR_RANDOM                      000000C3
CREN                              00000004
CSRC                              00000007
Comenzo                           00000004
Contador                          00000023
Contador_Aux                      00000024
Crear                             00000003
D                                 00000005
DATA_ADDRESS                      00000005
DC                                00000001
DC1B0                             00000004
DC1B1                             00000005
DC2B0                             00000004
DC2B1                             00000005
DELAY1                            00000025
DELAY2                            00000026
D_A                               00000005
ECCPAS                            0000009C
ECCPAS0                           00000004
ECCPAS1                           00000005
ECCPAS2                           00000006
ECCPASE                           00000007
EEADR                             0000010D
EEADRH                            0000010F
EECON1                            0000018C
EECON2                            0000018D
EEDAT                             0000010C
EEDATA                            0000010C
EEDATH                            0000010E
EEIE                              00000004
EEIF                              00000004
EEPGD                             00000007
Espero                            00000012
F                                 00000001
FERR                              00000002
FLAGS                             00000029
FSR                               00000004
FVREN                             00000000
GANO_JUEGO                        00000024
GCEN                              00000007
GIE                               00000007
GO                                00000001
GO_DONE                           00000001
MPASM  5.37   SIMON_FINAL_NOAANDASPUERTOC.ASM   6-8-2016  18:43:46         PAGE 12


SYMBOL TABLE
  LABEL                             VALUE 

Gano                              00000002
HTS                               00000002
I2C_DATA                          00000005
I2C_READ                          00000002
I2C_START                         00000003
I2C_STOP                          00000004
INDF                              00000000
INICIO                            00000005
INTCON                            0000000B
INTE                              00000004
INTEDG                            00000006
INTERRUPCION                      00000067
INTF                              00000001
INT_PUERTOB                       0000006B
INT_PUERTOB1                      00000077
IOCB                              00000096
IOCB0                             00000000
IOCB1                             00000001
IOCB2                             00000002
IOCB3                             00000003
IOCB4                             00000004
IOCB5                             00000005
IOCB6                             00000006
IOCB7                             00000007
IRCF0                             00000004
IRCF1                             00000005
IRCF2                             00000006
IRP                               00000007
LTS                               00000001
Levanto_bandera_gano              000000A2
Levanto_flag_perdio               000000A6
Llego_Cero                        00000093
MAIN                              00000008
MAX_VAL                           00000004
MC1OUT                            00000007
MC2OUT                            00000006
MSK                               00000093
Mostrar_Secuencia                 00000026
NOT_A                             00000005
NOT_ADDRESS                       00000005
NOT_BO                            00000000
NOT_BOR                           00000000
NOT_DONE                          00000001
NOT_PD                            00000003
NOT_POR                           00000001
NOT_RBPU                          00000007
NOT_RC8                           00000006
NOT_T1SYNC                        00000002
NOT_TO                            00000004
NOT_TX8                           00000006
NOT_W                             00000002
NOT_WRITE                         00000002
No_Llego_Cero                     0000008F
MPASM  5.37   SIMON_FINAL_NOAANDASPUERTOC.ASM   6-8-2016  18:43:46         PAGE 13


SYMBOL TABLE
  LABEL                             VALUE 

Numero_de_valores_de_secuencia    00000022
OERR                              00000001
OPTION_REG                        00000081
OSCCON                            0000008F
OSCTUNE                           00000090
OSFIE                             00000007
OSFIF                             00000007
OSTS                              00000003
P                                 00000004
P1M0                              00000006
P1M1                              00000007
PCL                               00000002
PCLATH                            0000000A
PCON                              0000008E
PDC0                              00000000
PDC1                              00000001
PDC2                              00000002
PDC3                              00000003
PDC4                              00000004
PDC5                              00000005
PDC6                              00000006
PEIE                              00000006
PEN                               00000002
PERDIO_JUEGO                      00000022
PIE1                              0000008C
PIE2                              0000008D
PIR1                              0000000C
PIR2                              0000000D
PORTA                             00000005
PORTB                             00000006
PORTC                             00000007
PORTD                             00000008
PORTE                             00000009
PR2                               00000092
PROBANDO_RB                       0000007F
PROBANDO_RB0                      0000006D
PRSEN                             00000007
PS0                               00000000
PS1                               00000001
PS2                               00000002
PSA                               00000003
PSSAC0                            00000002
PSSAC1                            00000003
PSSBD0                            00000000
PSSBD1                            00000001
PSTRCON                           0000009D
PULSR                             00000002
PULSS                             00000003
PWM1CON                           0000009B
Perdio                            00000000
Primer_valor                      0000002B
Proximo                           00000001
Puntero                           00000028
MPASM  5.37   SIMON_FINAL_NOAANDASPUERTOC.ASM   6-8-2016  18:43:46         PAGE 14


SYMBOL TABLE
  LABEL                             VALUE 

R                                 00000002
RBIE                              00000003
RBIF                              00000000
RC8_9                             00000006
RC9                               00000006
RCD8                              00000000
RCEN                              00000003
RCIDL                             00000006
RCIE                              00000005
RCIF                              00000005
RCREG                             0000001A
RCSTA                             00000018
RD                                00000000
READ_WRITE                        00000002
RP0                               00000005
RP1                               00000006
RSEN                              00000001
RX9                               00000006
RX9D                              00000000
R_W                               00000002
Random                            00000027
S                                 00000003
SBOREN                            00000004
SCKP                              00000004
SCORE                             00000021
SCS                               00000000
SEN                               00000000
SENDB                             00000003
SIG                               0000008C
SIGUIENTE_COLOR                   0000001C
SMP                               00000007
SPBRG                             00000099
SPBRGH                            0000009A
SPEN                              00000007
SR0                               00000006
SR1                               00000007
SRCON                             00000185
SREN                              00000005
SSPADD                            00000093
SSPBUF                            00000013
SSPCON                            00000014
SSPCON2                           00000091
SSPEN                             00000005
SSPIE                             00000003
SSPIF                             00000003
SSPM0                             00000000
SSPM1                             00000001
SSPM2                             00000002
SSPM3                             00000003
SSPMSK                            00000093
SSPOV                             00000006
SSPSTAT                           00000094
STATUS                            00000003
MPASM  5.37   SIMON_FINAL_NOAANDASPUERTOC.ASM   6-8-2016  18:43:46         PAGE 15


SYMBOL TABLE
  LABEL                             VALUE 

STRA                              00000000
STRB                              00000001
STRC                              00000002
STRD                              00000003
STRSYNC                           00000004
SWDTEN                            00000000
SYNC                              00000004
T0CS                              00000005
T0IE                              00000005
T0IF                              00000002
T0SE                              00000004
T1CKPS0                           00000004
T1CKPS1                           00000005
T1CON                             00000010
T1GIV                             00000007
T1GSS                             00000001
T1INSYNC                          00000002
T1OSCEN                           00000003
T1SYNC                            00000002
T2CKPS0                           00000000
T2CKPS1                           00000001
T2CON                             00000012
TABLA                             000000AA
TMR0                              00000001
TMR0IE                            00000005
TMR0IF                            00000002
TMR1CS                            00000001
TMR1GE                            00000006
TMR1H                             0000000F
TMR1IE                            00000000
TMR1IF                            00000000
TMR1L                             0000000E
TMR1ON                            00000000
TMR2                              00000011
TMR2IE                            00000001
TMR2IF                            00000001
TMR2ON                            00000002
TOUTPS0                           00000003
TOUTPS1                           00000004
TOUTPS2                           00000005
TOUTPS3                           00000006
TRISA                             00000085
TRISB                             00000086
TRISC                             00000087
TRISD                             00000088
TRISE                             00000089
TRMT                              00000001
TUN0                              00000000
TUN1                              00000001
TUN2                              00000002
TUN3                              00000003
TUN4                              00000004
TX8_9                             00000006
MPASM  5.37   SIMON_FINAL_NOAANDASPUERTOC.ASM   6-8-2016  18:43:46         PAGE 16


SYMBOL TABLE
  LABEL                             VALUE 

TX9                               00000006
TX9D                              00000000
TXD8                              00000000
TXEN                              00000005
TXIE                              00000004
TXIF                              00000004
TXREG                             00000019
TXSTA                             00000098
UA                                00000001
ULPWUE                            00000005
ULPWUIE                           00000002
ULPWUIF                           00000002
VCFG0                             00000004
VCFG1                             00000005
VR0                               00000000
VR1                               00000001
VR2                               00000002
VR3                               00000003
VRCON                             00000097
VREN                              00000007
VROE                              00000006
VRR                               00000005
VRSS                              00000004
Valor_aux                         0000002A
Volver_Hacerlo                    0000002A
W                                 00000000
WCOL                              00000007
WDTCON                            00000105
WDTPS0                            00000001
WDTPS1                            00000002
WDTPS2                            00000003
WDTPS3                            00000004
WPUB                              00000095
WPUB0                             00000000
WPUB1                             00000001
WPUB2                             00000002
WPUB3                             00000003
WPUB4                             00000004
WPUB5                             00000005
WPUB6                             00000006
WPUB7                             00000007
WR                                00000001
WREN                              00000002
WRERR                             00000003
WUE                               00000001
Z                                 00000002
_BOR21V                           00003EFF
_BOR40V                           00003FFF
_BOR_NSLEEP                       00003EFF
_BOR_OFF                          00003CFF
_BOR_ON                           00003FFF
_BOR_SBODEN                       00003DFF
_CONFIG1                          00002007
MPASM  5.37   SIMON_FINAL_NOAANDASPUERTOC.ASM   6-8-2016  18:43:46         PAGE 17


SYMBOL TABLE
  LABEL                             VALUE 

_CONFIG2                          00002008
_CPD_OFF                          00003FFF
_CPD_ON                           00003F7F
_CP_OFF                           00003FFF
_CP_ON                            00003FBF
_DEBUG_OFF                        00003FFF
_DEBUG_ON                         00001FFF
_EC_OSC                           00003FFB
_EXTRC                            00003FFF
_EXTRCIO                          00003FFE
_EXTRC_OSC_CLKOUT                 00003FFF
_EXTRC_OSC_NOCLKOUT               00003FFE
_FCMEN_OFF                        000037FF
_FCMEN_ON                         00003FFF
_HS_OSC                           00003FFA
_IESO_OFF                         00003BFF
_IESO_ON                          00003FFF
_INTOSC                           00003FFD
_INTOSCIO                         00003FFC
_INTRC_OSC_CLKOUT                 00003FFD
_INTRC_OSC_NOCLKOUT               00003FFC
_LP_OSC                           00003FF8
_LVP_OFF                          00002FFF
_LVP_ON                           00003FFF
_MCLRE_OFF                        00003FDF
_MCLRE_ON                         00003FFF
_PWRTE_OFF                        00003FFF
_PWRTE_ON                         00003FEF
_WDT_OFF                          00003FF7
_WDT_ON                           00003FFF
_WRT_1FOURTH                      00003BFF
_WRT_256                          00003DFF
_WRT_HALF                         000039FF
_WRT_OFF                          00003FFF
_XT_OSC                           00003FF9
__16F887                          00000001
__DEBUG                           1
delay_100ms                       000000B9
delay_10ms                        000000AF


MEMORY USAGE MAP ('X' = Used,  '-' = Unused)

0000 : X---XXXXXXXXXXXX XXXXXXXXXXXXXXXX XXXXXXXXXXXXXXXX XXXXXXXXXXXXXXXX
0040 : XXXXXXXXXXXXXXXX XXXXXXXXXXXXXXXX XXXXXXXXXXXXXXXX XXXXXXXXXXXXXXXX
0080 : XXXXXXXXXXXXXXXX XXXXXXXXXXXXXXXX XXXXXXXXXXXXXXXX XXXXXXXXXXXXXXXX
MPASM  5.37   SIMON_FINAL_NOAANDASPUERTOC.ASM   6-8-2016  18:43:46         PAGE 18


MEMORY USAGE MAP ('X' = Used,  '-' = Unused)


00C0 : XXXXXXXXXXXXX--- ---------------- ---------------- ----------------

All other memory blocks unused.

Program Memory Words Used:   202
Program Memory Words Free:  7990


Errors   :     0
Warnings :     0 reported,     0 suppressed
Messages :     7 reported,     0 suppressed

