MPASM  5.37                  PIC_DISPLAYS.ASM   6-10-2016  12:23:06         PAGE  1


LOC  OBJECT CODE     LINE SOURCE TEXT
  VALUE

                      00001         list p=16f887
                      00002         INCLUDE "p16f887.inc"
                      00001         LIST
                      00002 ; P16F887.INC  Standard Header File, Version 1.00    Microchip Technology, Inc.
                      00617         LIST
                      00003         CBLOCK 0x20
  00000020            00004 CONTADOR_PRUEBA
  00000021            00005 AUX
  00000022            00006 AUX1
  00000023            00007 AUX2
  00000024            00008 PUNTAJE
  00000025            00009 FLAGS
  00000026            00010 MAYOR_PUNTAJE
  00000027            00011 UNIDADES
  00000028            00012 DECENAS
                      00013         ENDC
  0000003F            00014 DISP_0  EQU b'00111111'
  00000006            00015 DISP_1  EQU b'00000110'
  000000DB            00016 DISP_2  EQU b'11011011'
  000000CF            00017 DISP_3  EQU b'11001111'
  000000E6            00018 DISP_4  EQU b'11100110'
  000000ED            00019 DISP_5  EQU b'11101101'
  000000FD            00020 DISP_6  EQU b'11111101'
  00000007            00021 DISP_7  EQU b'00000111'
  000000FF            00022 DISP_8  EQU b'11111111'
  000000EF            00023 DISP_9  EQU b'11101111'
  00000000            00024 DISP_UNIDADES EQU 0
                      00025         org     0x00
0000   2???           00026         goto    INICIO
                      00027         org     0x04
0004   2???           00028         goto    INTERRUPCION
                      00029 
                      00030 
                      00031 
0005                  00032 INICIO
0005   2???           00033         call    CFG
0006   2???           00034         call    Configuracion_Puerto_Serie
0007   2???           00035         call    CONVERTIR
0008   168B           00036         bsf             INTCON,T0IE
0009   2???           00037         goto    MAIN
                      00038 
000A                  00039 MAIN
000A   0000           00040         nop     
000B   0064           00041         clrwdt
000C   2???           00042         goto    MAIN
000D                  00043 PRUEBA
Message[305]: Using default destination of 1 (file).
000D   0AA0           00044         incf    CONTADOR_PRUEBA
000E   0820           00045         movf    CONTADOR_PRUEBA, 0
000F   00A4           00046         movwf   PUNTAJE
0010   2???           00047         call    PUNTAJE_MAYOR?
0011   2???           00048         call    CONVERTIR
0012   0008           00049         return
MPASM  5.37                  PIC_DISPLAYS.ASM   6-10-2016  12:23:06         PAGE  2


LOC  OBJECT CODE     LINE SOURCE TEXT
  VALUE

                      00050 
0013                  00051 CFG
0013   01A0           00052         clrf    CONTADOR_PRUEBA
0014   01A4           00053         clrf    PUNTAJE
0015   01A6           00054         clrf    MAYOR_PUNTAJE
0016   01A8           00055         clrf    DECENAS
0017   01A7           00056         clrf    UNIDADES
                      00057 
0018   1683 1303      00058         banksel OPTION_REG
001A   3004           00059         movlw   b'00000100'
Message[302]: Register in operand not in bank 0.  Ensure that bank bits are correct.
001B   0081           00060         movwf   OPTION_REG
001C   3000           00061         movlw   b'00000000'
Message[302]: Register in operand not in bank 0.  Ensure that bank bits are correct.
001D   0086           00062         movwf   TRISB
Message[302]: Register in operand not in bank 0.  Ensure that bank bits are correct.
001E   0088           00063         movwf   TRISD
                      00064         
001F   1683 1703      00065         banksel ANSELH
Message[302]: Register in operand not in bank 0.  Ensure that bank bits are correct.
0021   0189           00066         clrf    ANSELH
                      00067         
0022   1283 1303      00068         banksel INTCON
0024   3080           00069         movlw   b'10000000'
0025   008B           00070         movwf   INTCON
                      00071         
0026   3032           00072         movlw   .50
0027   0081           00073         movwf   TMR0
0028   3000           00074         movlw   0x00
0029   0088           00075         movwf   PORTD
002A   01A5           00076         clrf    FLAGS
                      00077         
002B   0008           00078   return
                      00079 
002C                  00080 INTERRUPCION
002C   190B           00081         btfsc   INTCON,T0IF
002D   2???           00082         goto    INT_TIMER
002E   1283 1303      00083         banksel PIR1
0030   1A8C           00084         btfsc   PIR1, RCIF
0031   2???           00085         goto    INT_RX
0032   1283           00086         bcf     STATUS, RP0
0033   1303           00087         bcf     STATUS, RP1
0034   0009           00088         retfie
                      00089 
0035                  00090 INT_TIMER
0035   1C25           00091         btfss   FLAGS,DISP_UNIDADES
0036   2???           00092         goto    MOSTRAR_UNIDADES
0037   2???           00093         goto    MOSTRAR_DECENAS
                      00094         
                      00095         
                      00096 
                      00097 
0038                  00098 CONVERTIR
MPASM  5.37                  PIC_DISPLAYS.ASM   6-10-2016  12:23:06         PAGE  3


LOC  OBJECT CODE     LINE SOURCE TEXT
  VALUE

0038   01A7           00099         clrf    UNIDADES
0039   01A8           00100         clrf    DECENAS
003A   0826           00101         movf    MAYOR_PUNTAJE,0
003B   00A1           00102         movwf   AUX
003C   00A3           00103         movwf   AUX2
003D                  00104 DECENAS_TAG
003D   300A           00105         movlw   .10
003E   02A1           00106         subwf   AUX,1
003F   1C03           00107         btfss   STATUS,C
0040   2???           00108         goto    UNIDADES_TAG
0041   0821           00109         movf    AUX,0
0042   00A3           00110         movwf   AUX2
0043   0AA8           00111         incf    DECENAS,1
0044   2???           00112         goto    DECENAS_TAG
                      00113 
0045                  00114 UNIDADES_TAG
0045   0823           00115         movf    AUX2,0
0046   00A7           00116         movwf   UNIDADES
0047   0008           00117         return
                      00118         
                      00119         
0048                  00120 PUNTAJE_MAYOR?
0048   0824           00121         movf    PUNTAJE,0               
0049   00A2           00122         movwf   AUX1                    ;Paso el valor de puntaje a AUX1
004A   0826           00123         movf    MAYOR_PUNTAJE,0 ;Paso Mayor_Puntaje a W
004B   02A2           00124         subwf   AUX1,1                  ;Hago AUX1-W (Puntaje-Mayor_Puntaje)
004C   1C03           00125         btfss   STATUS,C                ;Si B=0(C=1) entonces guardo a puntaje en Mayor_Puntaje
004D   0008           00126         return
004E   0824           00127         movf    PUNTAJE,0
004F   00A6           00128         movwf   MAYOR_PUNTAJE   ;Guardo a puntaje en puntaje mayor
0050   0008           00129         return
                      00130 
0051                  00131 MOSTRAR_UNIDADES
0051   0186           00132         clrf    PORTB
0052   1088           00133         bcf             PORTD,1
0053   1408           00134         bsf             PORTD,0
0054   0827           00135         movf    UNIDADES,0
0055   2???           00136         call    TABLA
0056   0086           00137         movwf   PORTB
0057   1425           00138         bsf             FLAGS,DISP_UNIDADES
0058   2???           00139         goto    FIN_TIMER
                      00140 
0059                  00141 MOSTRAR_DECENAS
0059   0186           00142         clrf    PORTB
005A   1008           00143         bcf             PORTD,0
005B   1488           00144         bsf             PORTD,1
005C   0828           00145         movf    DECENAS,0
005D   2???           00146         call    TABLA
005E   1025           00147         bcf             FLAGS,DISP_UNIDADES
005F   0086           00148         movwf   PORTB
                      00149         
0060                  00150 FIN_TIMER
0060   3032           00151         movlw   .50 ;valor de carga de timer
MPASM  5.37                  PIC_DISPLAYS.ASM   6-10-2016  12:23:06         PAGE  4


LOC  OBJECT CODE     LINE SOURCE TEXT
  VALUE

0061   0081           00152         movwf   TMR0
0062   110B           00153         bcf             INTCON,T0IF
0063   0009           00154         retfie
0064                  00155 TABLA
0064   0782           00156         addwf   PCL,1
0065   343F           00157         retlw   DISP_0
0066   3406           00158         retlw   DISP_1
0067   34DB           00159         retlw   DISP_2  
0068   34CF           00160         retlw   DISP_3  
0069   34E6           00161         retlw   DISP_4  
006A   34ED           00162         retlw   DISP_5  
006B   34FD           00163         retlw   DISP_6  
006C   3407           00164         retlw   DISP_7  
006D   34FF           00165         retlw   DISP_8  
006E   34EF           00166         retlw   DISP_9  
                      00167 
                      00168 ;-------------------------
006F                  00169 Configuracion_Puerto_Serie
                      00170 ;-------------------------
006F   1683 1303      00171         banksel TRISC
Message[302]: Register in operand not in bank 0.  Ensure that bank bits are correct.
0071   1307           00172         bcf TRISC, 6    ;RC6/TX/CK = output
Message[302]: Register in operand not in bank 0.  Ensure that bank bits are correct.
0072   1787           00173         bsf TRISC, 7    ;RC7/RX/DT = input
                      00174 
0073   1683 1703      00175         banksel BAUDCTL 
Message[302]: Register in operand not in bank 0.  Ensure that bank bits are correct.
0075   1187           00176         bcf BAUDCTL, BRG16      ;16-bit BAUD Rate Generator is used.
                      00177         
0076   1683 1303      00178         banksel SPBRG
0078   3033           00179         movlw .51       ;baud rate = 38400 ---> Esto seguro hay que modificarlo.
                      00180                                 ;(Fosc/(4*(SPBRG+1))) Error + 0.16%
Message[302]: Register in operand not in bank 0.  Ensure that bank bits are correct.
0079   0099           00181         movwf SPBRG
Message[302]: Register in operand not in bank 0.  Ensure that bank bits are correct.
007A   019A           00182         clrf SPBRGH
                      00183 
007B   1683 1303      00184         banksel TXSTA
Message[302]: Register in operand not in bank 0.  Ensure that bank bits are correct.
007D   1318           00185         bcf TXSTA, TX9  ;Data is 8-bit wide
Message[302]: Register in operand not in bank 0.  Ensure that bank bits are correct.
007E   1298           00186         bcf TXSTA, TXEN ;Data transmission disabled
Message[302]: Register in operand not in bank 0.  Ensure that bank bits are correct.
007F   1218           00187         bcf TXSTA, SYNC ;Asynchronous mode
Message[302]: Register in operand not in bank 0.  Ensure that bank bits are correct.
0080   1518           00188         bsf TXSTA, BRGH ;High-speed baud rate
                      00189         
0081   1283 1303      00190         banksel RCSTA
0083   1798           00191         bsf RCSTA, SPEN ;RX/DT and TX/CK outputs configuration
0084   1318           00192         bcf RCSTA, RX9  ;Select mode for 8-bit data receive
0085   1618           00193         bsf RCSTA, CREN ;Receive data enabled
0086   1198           00194         bcf RCSTA, ADDEN        ;No address detection, ninth bit 
                      00195                                                 ;might be used as parity bit
MPASM  5.37                  PIC_DISPLAYS.ASM   6-10-2016  12:23:06         PAGE  5


LOC  OBJECT CODE     LINE SOURCE TEXT
  VALUE

0087   1118           00196         bcf RCSTA, FERR
0088   1098           00197         bcf RCSTA, OERR
0089   081A           00198         movf RCREG, 0   ;cleared RCIF bit
                      00199 
008A   1683 1703      00200         banksel BAUDCTL
Message[302]: Register in operand not in bank 0.  Ensure that bank bits are correct.
008C   1207           00201         bcf BAUDCTL, SCKP ;unset inverted mode
                      00202 ;-----------------------
008D                  00203 Interrupts_Configuration                ;Para Comunicacion Serie
                      00204 ;-----------------------
008D   1683 1303      00205         banksel PIE1
Message[302]: Register in operand not in bank 0.  Ensure that bank bits are correct.
008F   168C           00206         bsf PIE1, RCIE  ;USART Rx interrupt enabled
                      00207         
0090   1283 1303      00208         banksel INTCON
0092   170B           00209         bsf INTCON, PEIE
                      00210 
0093   1283           00211         bcf STATUS, RP0
0094   1303           00212         bcf STATUS, RP1 
                      00213 
0095   0008           00214         return
                      00215 
0096                  00216 INT_RX
                      00217         ;bcf    PIR1, RCIF
                      00218         ;banksel PIE1
                      00219         ;bcf    PIE1, RCIE
                      00220         ;call   PRUEBA
0096   1283 1303      00221         banksel RCSTA
0098   1898           00222         btfsc   RCSTA, OERR
0099   2???           00223         goto    OVERRUN_ERROR
009A   1918           00224         btfsc   RCSTA, FERR
009B   2???           00225         goto    FRAMING_ERROR
009C   2???           00226         goto    RECIBIR_DATO
009D                  00227 RECIBIR_DATO
009D   1283 1303      00228         banksel RCREG
009F   081A           00229         movf    RCREG, 0
00A0   00A4           00230         movwf   PUNTAJE
00A1   2???           00231         call    PUNTAJE_MAYOR?
00A2   2???           00232         call    CONVERTIR
00A3   2???           00233         goto    FIN_RX
00A4                  00234 OVERRUN_ERROR
00A4   1283 1303      00235         banksel RCREG
00A6   081A           00236         movf    RCREG, 0
00A7   1098           00237         bcf     RCSTA, OERR
00A8   1788           00238         bsf     PORTD, 7
00A9   2???           00239         goto    FIN_RX  
00AA                  00240 FRAMING_ERROR
00AA   1283 1303      00241         banksel RCREG
00AC   081A           00242         movf    RCREG, 0
00AD   00A4           00243         movwf   PUNTAJE
00AE   2???           00244         call    PUNTAJE_MAYOR?
00AF   2???           00245         call    CONVERTIR
00B0   1118           00246         bcf             RCSTA, FERR
MPASM  5.37                  PIC_DISPLAYS.ASM   6-10-2016  12:23:06         PAGE  6


LOC  OBJECT CODE     LINE SOURCE TEXT
  VALUE

00B1   1708           00247         bsf     PORTD, 6
00B2   2???           00248         goto    FIN_RX
00B3                  00249 FIN_RX
00B3   1283           00250         bcf STATUS, RP0
00B4   1303           00251         bcf STATUS, RP1
00B5   0009           00252         retfie
                      00253 
                      00254         end
MPASM  5.37                  PIC_DISPLAYS.ASM   6-10-2016  12:23:06         PAGE  7


SYMBOL TABLE
  LABEL                             VALUE 

ABDEN                             00000000
ABDOVF                            00000007
ACKDT                             00000005
ACKEN                             00000004
ACKSTAT                           00000006
ADCON0                            0000001F
ADCON1                            0000009F
ADCS0                             00000006
ADCS1                             00000007
ADDEN                             00000003
ADFM                              00000007
ADIE                              00000006
ADIF                              00000006
ADON                              00000000
ADRESH                            0000001E
ADRESL                            0000009E
ANS0                              00000000
ANS1                              00000001
ANS10                             00000002
ANS11                             00000003
ANS12                             00000004
ANS13                             00000005
ANS2                              00000002
ANS3                              00000003
ANS4                              00000004
ANS5                              00000005
ANS6                              00000006
ANS7                              00000007
ANS8                              00000000
ANS9                              00000001
ANSEL                             00000188
ANSELH                            00000189
AUX                               00000021
AUX1                              00000022
AUX2                              00000023
BAUDCTL                           00000187
BCLIE                             00000003
BCLIF                             00000003
BF                                00000000
BRG0                              00000000
BRG1                              00000001
BRG10                             00000002
BRG11                             00000003
BRG12                             00000004
BRG13                             00000005
BRG14                             00000006
BRG15                             00000007
BRG16                             00000003
BRG2                              00000002
BRG3                              00000003
BRG4                              00000004
BRG5                              00000005
BRG6                              00000006
MPASM  5.37                  PIC_DISPLAYS.ASM   6-10-2016  12:23:06         PAGE  8


SYMBOL TABLE
  LABEL                             VALUE 

BRG7                              00000007
BRG8                              00000000
BRG9                              00000001
BRGH                              00000002
C                                 00000000
C1CH0                             00000000
C1CH1                             00000001
C1IE                              00000005
C1IF                              00000005
C1OE                              00000005
C1ON                              00000007
C1OUT                             00000006
C1POL                             00000004
C1R                               00000002
C1RSEL                            00000005
C1SEN                             00000005
C2CH0                             00000000
C2CH1                             00000001
C2IE                              00000006
C2IF                              00000006
C2OE                              00000005
C2ON                              00000007
C2OUT                             00000006
C2POL                             00000004
C2R                               00000002
C2REN                             00000004
C2RSEL                            00000004
C2SYNC                            00000000
CCP1CON                           00000017
CCP1IE                            00000002
CCP1IF                            00000002
CCP1M0                            00000000
CCP1M1                            00000001
CCP1M2                            00000002
CCP1M3                            00000003
CCP1X                             00000005
CCP1Y                             00000004
CCP2CON                           0000001D
CCP2IE                            00000000
CCP2IF                            00000000
CCP2M0                            00000000
CCP2M1                            00000001
CCP2M2                            00000002
CCP2M3                            00000003
CCP2X                             00000005
CCP2Y                             00000004
CCPR1H                            00000016
CCPR1L                            00000015
CCPR2H                            0000001C
CCPR2L                            0000001B
CFG                               00000013
CHS0                              00000002
CHS1                              00000003
MPASM  5.37                  PIC_DISPLAYS.ASM   6-10-2016  12:23:06         PAGE  9


SYMBOL TABLE
  LABEL                             VALUE 

CHS2                              00000004
CHS3                              00000005
CKE                               00000006
CKP                               00000004
CM1CON0                           00000107
CM2CON0                           00000108
CM2CON1                           00000109
CONTADOR_PRUEBA                   00000020
CONVERTIR                         00000038
CREN                              00000004
CSRC                              00000007
Configuracion_Puerto_Serie        0000006F
D                                 00000005
DATA_ADDRESS                      00000005
DC                                00000001
DC1B0                             00000004
DC1B1                             00000005
DC2B0                             00000004
DC2B1                             00000005
DECENAS                           00000028
DECENAS_TAG                       0000003D
DISP_0                            0000003F
DISP_1                            00000006
DISP_2                            000000DB
DISP_3                            000000CF
DISP_4                            000000E6
DISP_5                            000000ED
DISP_6                            000000FD
DISP_7                            00000007
DISP_8                            000000FF
DISP_9                            000000EF
DISP_UNIDADES                     00000000
D_A                               00000005
ECCPAS                            0000009C
ECCPAS0                           00000004
ECCPAS1                           00000005
ECCPAS2                           00000006
ECCPASE                           00000007
EEADR                             0000010D
EEADRH                            0000010F
EECON1                            0000018C
EECON2                            0000018D
EEDAT                             0000010C
EEDATA                            0000010C
EEDATH                            0000010E
EEIE                              00000004
EEIF                              00000004
EEPGD                             00000007
F                                 00000001
FERR                              00000002
FIN_RX                            000000B3
FIN_TIMER                         00000060
FLAGS                             00000025
MPASM  5.37                  PIC_DISPLAYS.ASM   6-10-2016  12:23:06         PAGE 10


SYMBOL TABLE
  LABEL                             VALUE 

FRAMING_ERROR                     000000AA
FSR                               00000004
FVREN                             00000000
GCEN                              00000007
GIE                               00000007
GO                                00000001
GO_DONE                           00000001
HTS                               00000002
I2C_DATA                          00000005
I2C_READ                          00000002
I2C_START                         00000003
I2C_STOP                          00000004
INDF                              00000000
INICIO                            00000005
INTCON                            0000000B
INTE                              00000004
INTEDG                            00000006
INTERRUPCION                      0000002C
INTF                              00000001
INT_RX                            00000096
INT_TIMER                         00000035
IOCB                              00000096
IOCB0                             00000000
IOCB1                             00000001
IOCB2                             00000002
IOCB3                             00000003
IOCB4                             00000004
IOCB5                             00000005
IOCB6                             00000006
IOCB7                             00000007
IRCF0                             00000004
IRCF1                             00000005
IRCF2                             00000006
IRP                               00000007
Interrupts_Configuration          0000008D
LTS                               00000001
MAIN                              0000000A
MAYOR_PUNTAJE                     00000026
MC1OUT                            00000007
MC2OUT                            00000006
MOSTRAR_DECENAS                   00000059
MOSTRAR_UNIDADES                  00000051
MSK                               00000093
NOT_A                             00000005
NOT_ADDRESS                       00000005
NOT_BO                            00000000
NOT_BOR                           00000000
NOT_DONE                          00000001
NOT_PD                            00000003
NOT_POR                           00000001
NOT_RBPU                          00000007
NOT_RC8                           00000006
NOT_T1SYNC                        00000002
MPASM  5.37                  PIC_DISPLAYS.ASM   6-10-2016  12:23:06         PAGE 11


SYMBOL TABLE
  LABEL                             VALUE 

NOT_TO                            00000004
NOT_TX8                           00000006
NOT_W                             00000002
NOT_WRITE                         00000002
OERR                              00000001
OPTION_REG                        00000081
OSCCON                            0000008F
OSCTUNE                           00000090
OSFIE                             00000007
OSFIF                             00000007
OSTS                              00000003
OVERRUN_ERROR                     000000A4
P                                 00000004
P1M0                              00000006
P1M1                              00000007
PCL                               00000002
PCLATH                            0000000A
PCON                              0000008E
PDC0                              00000000
PDC1                              00000001
PDC2                              00000002
PDC3                              00000003
PDC4                              00000004
PDC5                              00000005
PDC6                              00000006
PEIE                              00000006
PEN                               00000002
PIE1                              0000008C
PIE2                              0000008D
PIR1                              0000000C
PIR2                              0000000D
PORTA                             00000005
PORTB                             00000006
PORTC                             00000007
PORTD                             00000008
PORTE                             00000009
PR2                               00000092
PRSEN                             00000007
PRUEBA                            0000000D
PS0                               00000000
PS1                               00000001
PS2                               00000002
PSA                               00000003
PSSAC0                            00000002
PSSAC1                            00000003
PSSBD0                            00000000
PSSBD1                            00000001
PSTRCON                           0000009D
PULSR                             00000002
PULSS                             00000003
PUNTAJE                           00000024
PUNTAJE_MAYOR?                    00000048
PWM1CON                           0000009B
MPASM  5.37                  PIC_DISPLAYS.ASM   6-10-2016  12:23:06         PAGE 12


SYMBOL TABLE
  LABEL                             VALUE 

R                                 00000002
RBIE                              00000003
RBIF                              00000000
RC8_9                             00000006
RC9                               00000006
RCD8                              00000000
RCEN                              00000003
RCIDL                             00000006
RCIE                              00000005
RCIF                              00000005
RCREG                             0000001A
RCSTA                             00000018
RD                                00000000
READ_WRITE                        00000002
RECIBIR_DATO                      0000009D
RP0                               00000005
RP1                               00000006
RSEN                              00000001
RX9                               00000006
RX9D                              00000000
R_W                               00000002
S                                 00000003
SBOREN                            00000004
SCKP                              00000004
SCS                               00000000
SEN                               00000000
SENDB                             00000003
SMP                               00000007
SPBRG                             00000099
SPBRGH                            0000009A
SPEN                              00000007
SR0                               00000006
SR1                               00000007
SRCON                             00000185
SREN                              00000005
SSPADD                            00000093
SSPBUF                            00000013
SSPCON                            00000014
SSPCON2                           00000091
SSPEN                             00000005
SSPIE                             00000003
SSPIF                             00000003
SSPM0                             00000000
SSPM1                             00000001
SSPM2                             00000002
SSPM3                             00000003
SSPMSK                            00000093
SSPOV                             00000006
SSPSTAT                           00000094
STATUS                            00000003
STRA                              00000000
STRB                              00000001
STRC                              00000002
MPASM  5.37                  PIC_DISPLAYS.ASM   6-10-2016  12:23:06         PAGE 13


SYMBOL TABLE
  LABEL                             VALUE 

STRD                              00000003
STRSYNC                           00000004
SWDTEN                            00000000
SYNC                              00000004
T0CS                              00000005
T0IE                              00000005
T0IF                              00000002
T0SE                              00000004
T1CKPS0                           00000004
T1CKPS1                           00000005
T1CON                             00000010
T1GIV                             00000007
T1GSS                             00000001
T1INSYNC                          00000002
T1OSCEN                           00000003
T1SYNC                            00000002
T2CKPS0                           00000000
T2CKPS1                           00000001
T2CON                             00000012
TABLA                             00000064
TMR0                              00000001
TMR0IE                            00000005
TMR0IF                            00000002
TMR1CS                            00000001
TMR1GE                            00000006
TMR1H                             0000000F
TMR1IE                            00000000
TMR1IF                            00000000
TMR1L                             0000000E
TMR1ON                            00000000
TMR2                              00000011
TMR2IE                            00000001
TMR2IF                            00000001
TMR2ON                            00000002
TOUTPS0                           00000003
TOUTPS1                           00000004
TOUTPS2                           00000005
TOUTPS3                           00000006
TRISA                             00000085
TRISB                             00000086
TRISC                             00000087
TRISD                             00000088
TRISE                             00000089
TRMT                              00000001
TUN0                              00000000
TUN1                              00000001
TUN2                              00000002
TUN3                              00000003
TUN4                              00000004
TX8_9                             00000006
TX9                               00000006
TX9D                              00000000
TXD8                              00000000
MPASM  5.37                  PIC_DISPLAYS.ASM   6-10-2016  12:23:06         PAGE 14


SYMBOL TABLE
  LABEL                             VALUE 

TXEN                              00000005
TXIE                              00000004
TXIF                              00000004
TXREG                             00000019
TXSTA                             00000098
UA                                00000001
ULPWUE                            00000005
ULPWUIE                           00000002
ULPWUIF                           00000002
UNIDADES                          00000027
UNIDADES_TAG                      00000045
VCFG0                             00000004
VCFG1                             00000005
VR0                               00000000
VR1                               00000001
VR2                               00000002
VR3                               00000003
VRCON                             00000097
VREN                              00000007
VROE                              00000006
VRR                               00000005
VRSS                              00000004
W                                 00000000
WCOL                              00000007
WDTCON                            00000105
WDTPS0                            00000001
WDTPS1                            00000002
WDTPS2                            00000003
WDTPS3                            00000004
WPUB                              00000095
WPUB0                             00000000
WPUB1                             00000001
WPUB2                             00000002
WPUB3                             00000003
WPUB4                             00000004
WPUB5                             00000005
WPUB6                             00000006
WPUB7                             00000007
WR                                00000001
WREN                              00000002
WRERR                             00000003
WUE                               00000001
Z                                 00000002
_BOR21V                           00003EFF
_BOR40V                           00003FFF
_BOR_NSLEEP                       00003EFF
_BOR_OFF                          00003CFF
_BOR_ON                           00003FFF
_BOR_SBODEN                       00003DFF
_CONFIG1                          00002007
_CONFIG2                          00002008
_CPD_OFF                          00003FFF
_CPD_ON                           00003F7F
MPASM  5.37                  PIC_DISPLAYS.ASM   6-10-2016  12:23:06         PAGE 15


SYMBOL TABLE
  LABEL                             VALUE 

_CP_OFF                           00003FFF
_CP_ON                            00003FBF
_DEBUG_OFF                        00003FFF
_DEBUG_ON                         00001FFF
_EC_OSC                           00003FFB
_EXTRC                            00003FFF
_EXTRCIO                          00003FFE
_EXTRC_OSC_CLKOUT                 00003FFF
_EXTRC_OSC_NOCLKOUT               00003FFE
_FCMEN_OFF                        000037FF
_FCMEN_ON                         00003FFF
_HS_OSC                           00003FFA
_IESO_OFF                         00003BFF
_IESO_ON                          00003FFF
_INTOSC                           00003FFD
_INTOSCIO                         00003FFC
_INTRC_OSC_CLKOUT                 00003FFD
_INTRC_OSC_NOCLKOUT               00003FFC
_LP_OSC                           00003FF8
_LVP_OFF                          00002FFF
_LVP_ON                           00003FFF
_MCLRE_OFF                        00003FDF
_MCLRE_ON                         00003FFF
_PWRTE_OFF                        00003FFF
_PWRTE_ON                         00003FEF
_WDT_OFF                          00003FF7
_WDT_ON                           00003FFF
_WRT_1FOURTH                      00003BFF
_WRT_256                          00003DFF
_WRT_HALF                         000039FF
_WRT_OFF                          00003FFF
_XT_OSC                           00003FF9
__16F887                          00000001
__DEBUG                           1

Errors   :     0
Warnings :     0 reported,     0 suppressed
Messages :    16 reported,     0 suppressed

